Archive member included because of file (symbol)

.\CortexM3\ARM_GCC_493\Debug\Node-Capybara.a(cyfitter_cfg.o)
                              .\CortexM3\ARM_GCC_493\Debug\Cm3Start.o (cyfitter_cfg)
.\CortexM3\ARM_GCC_493\Debug\Node-Capybara.a(CyDmac.o)
                              .\CortexM3\ARM_GCC_493\Debug\Cm3Start.o (CyDmacConfigure)
.\CortexM3\ARM_GCC_493\Debug\Node-Capybara.a(CyLib.o)
                              .\CortexM3\ARM_GCC_493\Debug\Cm3Start.o (CyResetStatus)
.\CortexM3\ARM_GCC_493\Debug\Node-Capybara.a(cyPm.o)
                              .\CortexM3\ARM_GCC_493\Debug\Node-Capybara.a(CyLib.o) (CyPmReadStatus)
.\CortexM3\ARM_GCC_493\Debug\Node-Capybara.a(CAN_1.o)
                              .\CortexM3\ARM_GCC_493\Debug\can_manager.o (CAN_1_Init)
.\CortexM3\ARM_GCC_493\Debug\Node-Capybara.a(CAN_1_INT.o)
                              .\CortexM3\ARM_GCC_493\Debug\Node-Capybara.a(CAN_1.o) (CAN_1_ISR)
.\CortexM3\ARM_GCC_493\Debug\Node-Capybara.a(CAN_1_TX_RX_func.o)
                              .\CortexM3\ARM_GCC_493\Debug\can_manager.o (CAN_1_SendMsg)
.\CortexM3\ARM_GCC_493\Debug\Node-Capybara.a(USBUART_1.o)
                              .\CortexM3\ARM_GCC_493\Debug\usb_manager.o (USBUART_1_Start)
.\CortexM3\ARM_GCC_493\Debug\Node-Capybara.a(USBUART_1_cdc.o)
                              .\CortexM3\ARM_GCC_493\Debug\usb_manager.o (USBUART_1_DataIsReady)
.\CortexM3\ARM_GCC_493\Debug\Node-Capybara.a(USBUART_1_drv.o)
                              .\CortexM3\ARM_GCC_493\Debug\Node-Capybara.a(USBUART_1.o) (USBUART_1_EP)
.\CortexM3\ARM_GCC_493\Debug\Node-Capybara.a(USBUART_1_episr.o)
                              .\CortexM3\ARM_GCC_493\Debug\Node-Capybara.a(USBUART_1.o) (USBUART_1_EP_1_ISR)
.\CortexM3\ARM_GCC_493\Debug\Node-Capybara.a(USBUART_1_pm.o)
                              .\CortexM3\ARM_GCC_493\Debug\Node-Capybara.a(USBUART_1.o) (USBUART_1_DP_ISR)
.\CortexM3\ARM_GCC_493\Debug\Node-Capybara.a(USBUART_1_std.o)
                              .\CortexM3\ARM_GCC_493\Debug\Node-Capybara.a(USBUART_1_drv.o) (USBUART_1_HandleStandardRqst)
.\CortexM3\ARM_GCC_493\Debug\Node-Capybara.a(USBUART_1_vnd.o)
                              .\CortexM3\ARM_GCC_493\Debug\Node-Capybara.a(USBUART_1_drv.o) (USBUART_1_HandleVendorRqst)
.\CortexM3\ARM_GCC_493\Debug\Node-Capybara.a(USBUART_1_Dp.o)
                              .\CortexM3\ARM_GCC_493\Debug\Node-Capybara.a(USBUART_1.o) (USBUART_1_Dp_ClearInterrupt)
.\CortexM3\ARM_GCC_493\Debug\Node-Capybara.a(power_isr.o)
                              .\CortexM3\ARM_GCC_493\Debug\sd_manager.o (power_isr_StartEx)
.\CortexM3\ARM_GCC_493\Debug\Node-Capybara.a(millis_timer.o)
                              .\CortexM3\ARM_GCC_493\Debug\SoC_manager.o (millis_timer_Start)
.\CortexM3\ARM_GCC_493\Debug\Node-Capybara.a(power_comp.o)
                              .\CortexM3\ARM_GCC_493\Debug\sd_manager.o (power_comp_Start)
.\CortexM3\ARM_GCC_493\Debug\Node-Capybara.a(sd_timer.o)
                              .\CortexM3\ARM_GCC_493\Debug\sd_manager.o (sd_timer_Start)
.\CortexM3\ARM_GCC_493\Debug\Node-Capybara.a(sd_isr.o)
                              .\CortexM3\ARM_GCC_493\Debug\sd_manager.o (sd_isr_StartEx)
.\CortexM3\ARM_GCC_493\Debug\Node-Capybara.a(Channel_1_Timer.o)
                              .\CortexM3\ARM_GCC_493\Debug\speed_manager.o (Channel_1_Timer_Start)
.\CortexM3\ARM_GCC_493\Debug\Node-Capybara.a(CR1.o)
                              .\CortexM3\ARM_GCC_493\Debug\speed_manager.o (CR1_Write)
.\CortexM3\ARM_GCC_493\Debug\Node-Capybara.a(Comp_1.o)
                              .\CortexM3\ARM_GCC_493\Debug\speed_manager.o (Comp_1_Start)
.\CortexM3\ARM_GCC_493\Debug\Node-Capybara.a(DVDAC_1.o)
                              .\CortexM3\ARM_GCC_493\Debug\speed_manager.o (DVDAC_1_Start)
.\CortexM3\ARM_GCC_493\Debug\Node-Capybara.a(DVDAC_1_DMA_dma.o)
                              .\CortexM3\ARM_GCC_493\Debug\Node-Capybara.a(DVDAC_1.o) (DVDAC_1_DMA_DmaInitialize)
.\CortexM3\ARM_GCC_493\Debug\Node-Capybara.a(DVDAC_1_VDAC8.o)
                              .\CortexM3\ARM_GCC_493\Debug\Node-Capybara.a(DVDAC_1.o) (DVDAC_1_VDAC8_Init)
.\CortexM3\ARM_GCC_493\Debug\Node-Capybara.a(DVDAC_1_IntClock.o)
                              .\CortexM3\ARM_GCC_493\Debug\Node-Capybara.a(DVDAC_1.o) (DVDAC_1_IntClock_Start)
.\CortexM3\ARM_GCC_493\Debug\Node-Capybara.a(PGA_1.o)
                              .\CortexM3\ARM_GCC_493\Debug\speed_manager.o (PGA_1_Start)
.\CortexM3\ARM_GCC_493\Debug\Node-Capybara.a(Channel_3_Timer.o)
                              .\CortexM3\ARM_GCC_493\Debug\speed_manager.o (Channel_3_Timer_Start)
.\CortexM3\ARM_GCC_493\Debug\Node-Capybara.a(CR3.o)
                              .\CortexM3\ARM_GCC_493\Debug\speed_manager.o (CR3_Write)
.\CortexM3\ARM_GCC_493\Debug\Node-Capybara.a(Comp_3.o)
                              .\CortexM3\ARM_GCC_493\Debug\speed_manager.o (Comp_3_Start)
.\CortexM3\ARM_GCC_493\Debug\Node-Capybara.a(DVDAC_3.o)
[...]
Memory Configuration

Name             Origin             Length             Attributes
rom              0x00000000         0x00040000         xr
ram              0x1fff8000         0x00010000         xrw
*default*        0x00000000         0xffffffff

Linker script and memory map

LOAD d:/programming/cypress/psoc creator/4.0/psoc creator/import/gnu/arm/4.9.3/bin/../lib/gcc/arm-none-eabi/4.9.3/armv7-m/crti.o
LOAD d:/programming/cypress/psoc creator/4.0/psoc creator/import/gnu/arm/4.9.3/bin/../lib/gcc/arm-none-eabi/4.9.3/armv7-m/crtbegin.o
LOAD d:/programming/cypress/psoc creator/4.0/psoc creator/import/gnu/arm/4.9.3/bin/../lib/gcc/arm-none-eabi/4.9.3/../../../../arm-none-eabi/lib/armv7-m/crt0.o
START GROUP
LOAD .\CortexM3\ARM_GCC_493\Debug\main.o
LOAD .\CortexM3\ARM_GCC_493\Debug\can_manager.o
LOAD .\CortexM3\ARM_GCC_493\Debug\sd_manager.o
LOAD .\CortexM3\ARM_GCC_493\Debug\usb_manager.o
LOAD .\CortexM3\ARM_GCC_493\Debug\speed_manager.o
LOAD .\CortexM3\ARM_GCC_493\Debug\SoC_manager.o
LOAD .\CortexM3\ARM_GCC_493\Debug\cymetadata.o
LOAD .\CortexM3\ARM_GCC_493\Debug\Cm3Start.o
LOAD .\CortexM3\ARM_GCC_493\Debug\Node-Capybara.a
LOAD D:\Programming\Cypress\PSoC Creator\4.0\PSoC Creator\psoc\content\cycomponentlibrary\CyComponentLibrary.cylib\CortexM3\ARM_GCC_493\Debug\CyComponentLibrary.a
LOAD .\emFile_V322c\LinkLibrary\PSoC5\GCC\libemf32noslfn.a
END GROUP
START GROUP
LOAD d:/programming/cypress/psoc creator/4.0/psoc creator/import/gnu/arm/4.9.3/bin/../lib/gcc/arm-none-eabi/4.9.3/armv7-m\libgcc.a
LOAD d:/programming/cypress/psoc creator/4.0/psoc creator/import/gnu/arm/4.9.3/bin/../lib/gcc/arm-none-eabi/4.9.3/../../../../arm-none-eabi/lib/armv7-m\libg_nano.a
LOAD d:/programming/cypress/psoc creator/4.0/psoc creator/import/gnu/arm/4.9.3/bin/../lib/gcc/arm-none-eabi/4.9.3/../../../../arm-none-eabi/lib/armv7-m\libc_nano.a
END GROUP
START GROUP
LOAD d:/programming/cypress/psoc creator/4.0/psoc creator/import/gnu/arm/4.9.3/bin/../lib/gcc/arm-none-eabi/4.9.3/armv7-m\libgcc.a
LOAD d:/programming/cypress/psoc creator/4.0/psoc creator/import/gnu/arm/4.9.3/bin/../lib/gcc/arm-none-eabi/4.9.3/../../../../arm-none-eabi/lib/armv7-m\libc_nano.a
END GROUP
LOAD d:/programming/cypress/psoc creator/4.0/psoc creator/import/gnu/arm/4.9.3/bin/../lib/gcc/arm-none-eabi/4.9.3/armv7-m/crtend.o
LOAD d:/programming/cypress/psoc creator/4.0/psoc creator/import/gnu/arm/4.9.3/bin/../lib/gcc/arm-none-eabi/4.9.3/armv7-m/crtn.o
START GROUP
LOAD d:/programming/cypress/psoc creator/4.0/psoc creator/import/gnu/arm/4.9.3/bin/../lib/gcc/arm-none-eabi/4.9.3/armv7-m\libgcc.a
LOAD d:/programming/cypress/psoc creator/4.0/psoc creator/import/gnu/arm/4.9.3/bin/../lib/gcc/arm-none-eabi/4.9.3/../../../../arm-none-eabi/lib/armv7-m\libc.a
LOAD d:/programming/cypress/psoc creator/4.0/psoc creator/import/gnu/arm/4.9.3/bin/../lib/gcc/arm-none-eabi/4.9.3/../../../../arm-none-eabi/lib/armv7-m\libnosys.a
END GROUP
                0x00000000                CY_APPL_ORIGIN = 0x0
                0x00000100                CY_FLASH_ROW_SIZE = 0x100
                0x00000020                CY_ECC_ROW_SIZE = 0x20
                0x00000000                CY_EE_IN_BTLDR = 0x0
                0x00000000                CY_APPL_LOADABLE = 0x0
                0x00000800                CY_EE_SIZE = 0x800
                0x00000001                CY_APPL_NUM = 0x1
                0x00000001                CY_APPL_MAX = 0x1
                0x00000040                CY_METADATA_SIZE = 0x40
                0x00000000                CY_APPL_LOADABLE = 0x0
                0x00000000                CY_CHECKSUM_EXCLUDE_SIZE = ALIGN (0x0, CY_FLASH_ROW_SIZE)
                0x1fffd3b8                PROVIDE (__cy_heap_start, _end)
                0x00000001                PROVIDE (__cy_region_num, ((__cy_regions_end - __cy_regions) / 0x10))
                0x20008000                PROVIDE (__cy_stack, (ORIGIN (ram) + 0x10000))
                0x20004000                PROVIDE (__cy_heap_end, (__cy_stack - 0x4000))

.cybootloader   0x00000000        0x0
 *(.cybootloader)
                0x00000000                appl1_start = CY_APPL_ORIGIN?CY_APPL_ORIGIN:ALIGN (CY_FLASH_ROW_SIZE)
                0x0001ff00                appl2_start = (appl1_start + ALIGN ((((0x40000 - appl1_start) - (0x2 * CY_FLASH_ROW_SIZE)) / 0x2), CY_FLASH_ROW_SIZE))
                0x00000000                appl_start = (CY_APPL_NUM == 0x1)?appl1_start:appl2_start
                0x00000000                ecc_offset = ((appl_start / CY_FLASH_ROW_SIZE) * CY_ECC_ROW_SIZE)
                0x00000000                ee_offset = (CY_APPL_LOADABLE && ! (CY_EE_IN_BTLDR))?((CY_EE_SIZE / CY_APPL_MAX) * (CY_APPL_NUM - 0x1)):0x0
                0x00000800                ee_size = (CY_APPL_LOADABLE && ! (CY_EE_IN_BTLDR))?(CY_EE_SIZE / CY_APPL_MAX):CY_EE_SIZE
                0x00000000                PROVIDE (CY_ECC_OFFSET, ecc_offset)

.text           0x00000000     0x7f3a
 CREATE_OBJECT_SYMBOLS
                0x00000000                PROVIDE (__cy_interrupt_vector, RomVectors)
 *(.romvectors)
 .romvectors    0x00000000       0x10 .\CortexM3\ARM_GCC_493\Debug\Cm3Start.o
                0x00000000                RomVectors
                0x00000001                ASSERT ((. != __cy_interrupt_vector), No interrupt vector)
                0x00000001                ASSERT (CY_APPL_ORIGIN?(SIZEOF (.cybootloader) <= CY_APPL_ORIGIN):0x1, Wrong image location)
                0x00000010                PROVIDE (__cy_reset, Reset)
 *(.text.Reset)
 .text.Reset    0x00000010       0x18 .\CortexM3\ARM_GCC_493\Debug\Cm3Start.o
                0x00000010                Reset
                0x00000001                ASSERT ((. != __cy_reset), No reset code)
 *(.dma_init)
                0x00000001                ASSERT ((((appl_start + .) <= 0x10000) || 0x1), DMA Init must be within the first 64k of flash)
 *(.text .text.* .gnu.linkonce.t.*)
 .text          0x00000028       0x5c d:/programming/cypress/psoc creator/4.0/psoc creator/import/gnu/arm/4.9.3/bin/../lib/gcc/arm-none-eabi/4.9.3/armv7-m/crtbegin.o
 .text.main     0x00000084       0x38 .\CortexM3\ARM_GCC_493\Debug\main.o
                0x00000084                main
 .text.msg_recieve
                0x000000bc       0x14 .\CortexM3\ARM_GCC_493\Debug\main.o
                0x000000bc                msg_recieve
 .text.status_isr_custom
                0x000000d0       0x20 .\CortexM3\ARM_GCC_493\Debug\can_manager.o
                0x000000d0                status_isr_custom
 .text.can_init
                0x000000f0       0x4c .\CortexM3\ARM_GCC_493\Debug\can_manager.o
                0x000000f0                can_init
 .text.can_msg_init
                0x0000013c       0xa4 .\CortexM3\ARM_GCC_493\Debug\can_manager.o
                0x0000013c                can_msg_init
 .text.can_process
                0x000001e0       0x3c .\CortexM3\ARM_GCC_493\Debug\can_manager.o
                0x000001e0                can_process
 .text.can_compare
                0x0000021c      0x14c .\CortexM3\ARM_GCC_493\Debug\can_manager.o
                0x0000021c                can_compare
 .text.can_test_send
                0x00000368       0x50 .\CortexM3\ARM_GCC_493\Debug\can_manager.o
                0x00000368                can_test_send
 .text.power_isr_custom
                0x000003b8       0x18 .\CortexM3\ARM_GCC_493\Debug\sd_manager.o
                0x000003b8                power_isr_custom
 .text.sd_isr_custom
                0x000003d0        0xc .\CortexM3\ARM_GCC_493\Debug\sd_manager.o
                0x000003d0                sd_isr_custom
 .text.sd_init  0x000003dc       0xec .\CortexM3\ARM_GCC_493\Debug\sd_manager.o
                0x000003dc                sd_init
 .text.sd_write
                0x000004c8       0x80 .\CortexM3\ARM_GCC_493\Debug\sd_manager.o
                0x000004c8                sd_write
 .text.sd_stop  0x00000548       0x28 .\CortexM3\ARM_GCC_493\Debug\sd_manager.o
                0x00000548                sd_stop
 .text.Channel1_isr_Handler
                0x00000570       0x40 .\CortexM3\ARM_GCC_493\Debug\speed_manager.o
                0x00000570                Channel1_isr_Handler
 .text.Channel3_isr_Handler
                0x000005b0       0x40 .\CortexM3\ARM_GCC_493\Debug\speed_manager.o
                0x000005b0                Channel3_isr_Handler
 .text.Channel4_isr_Handler
                0x000005f0       0x40 .\CortexM3\ARM_GCC_493\Debug\speed_manager.o
                0x000005f0                Channel4_isr_Handler
 .text.speed_init
                0x00000630       0x54 .\CortexM3\ARM_GCC_493\Debug\speed_manager.o
                0x00000630                speed_init
 .text.IntDefaultHandler
                0x00000684       0x14 .\CortexM3\ARM_GCC_493\Debug\Cm3Start.o
                0x00000684                IntDefaultHandler
 .text.Start_c  0x00000698       0x98 .\CortexM3\ARM_GCC_493\Debug\Cm3Start.o
                0x00000698                Start_c
 .text.initialize_psoc
                0x00000730       0x90 .\CortexM3\ARM_GCC_493\Debug\Cm3Start.o
                0x00000730                initialize_psoc
 .text.CYMEMZERO
                0x000007c0       0x1c .\CortexM3\ARM_GCC_493\Debug\Node-Capybara.a(cyfitter_cfg.o)
 .text.CYCONFIGCPY
                0x000007dc       0x1c .\CortexM3\ARM_GCC_493\Debug\Node-Capybara.a(cyfitter_cfg.o)
 .text.CyClockStartupError
                0x000007f8        0xc .\CortexM3\ARM_GCC_493\Debug\Node-Capybara.a(cyfitter_cfg.o)
 .text.cfg_write_bytes32
                0x00000804       0x74 .\CortexM3\ARM_GCC_493\Debug\Node-Capybara.a(cyfitter_cfg.o)
 .text.ClockSetup
                0x00000878      0x19c .\CortexM3\ARM_GCC_493\Debug\Node-Capybara.a(cyfitter_cfg.o)
 .text.AnalogSetDefault
                0x00000a14      0x114 .\CortexM3\ARM_GCC_493\Debug\Node-Capybara.a(cyfitter_cfg.o)
 .text.cyfitter_cfg
                0x00000b28      0x228 .\CortexM3\ARM_GCC_493\Debug\Node-Capybara.a(cyfitter_cfg.o)
                0x00000b28                cyfitter_cfg
 .text.CyDmacConfigure
                0x00000d50       0x5c .\CortexM3\ARM_GCC_493\Debug\Node-Capybara.a(CyDmac.o)
                0x00000d50                CyDmacConfigure
 .text.CyDmaChEnable
                0x00000dac       0x8c .\CortexM3\ARM_GCC_493\Debug\Node-Capybara.a(CyDmac.o)
                0x00000dac                CyDmaChEnable
 .text.CyDmaChPriority
                0x00000e38       0x60 .\CortexM3\ARM_GCC_493\Debug\Node-Capybara.a(CyDmac.o)
                0x00000e38                CyDmaChPriority
 .text.CyDmaChSetExtendedAddress
                0x00000e98       0x7c .\CortexM3\ARM_GCC_493\Debug\Node-Capybara.a(CyDmac.o)
                0x00000e98                CyDmaChSetExtendedAddress
 .text.CyDmaChSetInitialTd
                0x00000f14       0x3c .\CortexM3\ARM_GCC_493\Debug\Node-Capybara.a(CyDmac.o)
                0x00000f14                CyDmaChSetInitialTd
 .text.CyDmaChSetConfiguration
                0x00000f50       0xa0 .\CortexM3\ARM_GCC_493\Debug\Node-Capybara.a(CyDmac.o)
                0x00000f50                CyDmaChSetConfiguration
 .text.CyDmaTdAllocate
                0x00000ff0       0x5c .\CortexM3\ARM_GCC_493\Debug\Node-Capybara.a(CyDmac.o)
                0x00000ff0                CyDmaTdAllocate
 .text.CyDmaTdSetConfiguration
                0x0000104c       0x80 .\CortexM3\ARM_GCC_493\Debug\Node-Capybara.a(CyDmac.o)
                0x0000104c                CyDmaTdSetConfiguration
 .text.CyDmaTdSetAddress
                0x000010cc       0x5c .\CortexM3\ARM_GCC_493\Debug\Node-Capybara.a(CyDmac.o)
                0x000010cc                CyDmaTdSetAddress
 .text.CyHalt   0x00001128       0x18 .\CortexM3\ARM_GCC_493\Debug\Node-Capybara.a(CyLib.o)
                0x00001128                CyHalt
 .text.CyDelay  0x00001140       0x44 .\CortexM3\ARM_GCC_493\Debug\Node-Capybara.a(CyLib.o)
                0x00001140                CyDelay
 .text.CyIntSetVector
                0x00001184       0x50 .\CortexM3\ARM_GCC_493\Debug\Node-Capybara.a(CyLib.o)
                0x00001184                CyIntSetVector
 .text.CyIntSetPriority
                0x000011d4       0x44 .\CortexM3\ARM_GCC_493\Debug\Node-Capybara.a(CyLib.o)
                0x000011d4                CyIntSetPriority
 .text.CAN_1_RxTxBuffersConfig
                0x00001218       0x80 .\CortexM3\ARM_GCC_493\Debug\Node-Capybara.a(CAN_1.o)
                0x00001218                CAN_1_RxTxBuffersConfig
 .text.CAN_1_Init
                0x00001298      0x128 .\CortexM3\ARM_GCC_493\Debug\Node-Capybara.a(CAN_1.o)
                0x00001298                CAN_1_Init
 .text.CAN_1_Enable
                0x000013c0       0xa4 .\CortexM3\ARM_GCC_493\Debug\Node-Capybara.a(CAN_1.o)
                0x000013c0                CAN_1_Enable
 .text.CAN_1_Start
                0x00001464       0x3c .\CortexM3\ARM_GCC_493\Debug\Node-Capybara.a(CAN_1.o)
                0x00001464                CAN_1_Start
 .text.CAN_1_GlobalIntEnable
                0x000014a0       0x40 .\CortexM3\ARM_GCC_493\Debug\Node-Capybara.a(CAN_1.o)
                0x000014a0                CAN_1_GlobalIntEnable
 .text.CAN_1_SetPreScaler
                0x000014e0       0x44 .\CortexM3\ARM_GCC_493\Debug\Node-Capybara.a(CAN_1.o)
                0x000014e0                CAN_1_SetPreScaler
 .text.CAN_1_SetArbiter
                0x00001524       0x6c .\CortexM3\ARM_GCC_493\Debug\Node-Capybara.a(CAN_1.o)
                0x00001524                CAN_1_SetArbiter
 .text.CAN_1_SetTsegSample
                0x00001590       0xd4 .\CortexM3\ARM_GCC_493\Debug\Node-Capybara.a(CAN_1.o)
                0x00001590                CAN_1_SetTsegSample
 .text.CAN_1_SetRestartType
                0x00001664       0x6c .\CortexM3\ARM_GCC_493\Debug\Node-Capybara.a(CAN_1.o)
                0x00001664                CAN_1_SetRestartType
 .text.CAN_1_SetEdgeMode
                0x000016d0       0x6c .\CortexM3\ARM_GCC_493\Debug\Node-Capybara.a(CAN_1.o)
                0x000016d0                CAN_1_SetEdgeMode
 .text.CAN_1_SetIrqMask
                0x0000173c       0x38 .\CortexM3\ARM_GCC_493\Debug\Node-Capybara.a(CAN_1.o)
                0x0000173c                CAN_1_SetIrqMask
 .text.CAN_1_RxBufConfig
                0x00001774       0xec .\CortexM3\ARM_GCC_493\Debug\Node-Capybara.a(CAN_1.o)
                0x00001774                CAN_1_RxBufConfig
 .text.CAN_1_TxBufConfig
                0x00001860       0x88 .\CortexM3\ARM_GCC_493\Debug\Node-Capybara.a(CAN_1.o)
                0x00001860                CAN_1_TxBufConfig
 .text.CAN_1_MsgRXIsr
                0x000018e8       0x68 .\CortexM3\ARM_GCC_493\Debug\Node-Capybara.a(CAN_1_INT.o)
                0x000018e8                CAN_1_MsgRXIsr
 .text.CAN_1_ISR
                0x00001950       0x1c .\CortexM3\ARM_GCC_493\Debug\Node-Capybara.a(CAN_1_INT.o)
                0x00001950                CAN_1_ISR
 .text.CAN_1_SendMsg
                0x0000196c      0x170 .\CortexM3\ARM_GCC_493\Debug\Node-Capybara.a(CAN_1_TX_RX_func.o)
                0x0000196c                CAN_1_SendMsg
 .text.CAN_1_ReceiveMsg
                0x00001adc       0xd8 .\CortexM3\ARM_GCC_493\Debug\Node-Capybara.a(CAN_1_TX_RX_func.o)
                0x00001adc                CAN_1_ReceiveMsg
 .text.power_isr_StartEx
                0x00001bb4       0x24 .\CortexM3\ARM_GCC_493\Debug\Node-Capybara.a(power_isr.o)
                0x00001bb4                power_isr_StartEx
 .text.power_isr_SetVector
                0x00001bd8       0x24 .\CortexM3\ARM_GCC_493\Debug\Node-Capybara.a(power_isr.o)
                0x00001bd8                power_isr_SetVector
 .text.power_isr_SetPriority
                0x00001bfc       0x24 .\CortexM3\ARM_GCC_493\Debug\Node-Capybara.a(power_isr.o)
                0x00001bfc                power_isr_SetPriority
 .text.power_isr_Enable
                0x00001c20       0x18 .\CortexM3\ARM_GCC_493\Debug\Node-Capybara.a(power_isr.o)
                0x00001c20                power_isr_Enable
 .text.power_isr_Disable
                0x00001c38       0x18 .\CortexM3\ARM_GCC_493\Debug\Node-Capybara.a(power_isr.o)
                0x00001c38                power_isr_Disable
 .text.power_isr_ClearPending
                0x00001c50       0x18 .\CortexM3\ARM_GCC_493\Debug\Node-Capybara.a(power_isr.o)
                0x00001c50                power_isr_ClearPending
 .text.millis_timer_ReadCounter
                0x00001c68       0x20 .\CortexM3\ARM_GCC_493\Debug\Node-Capybara.a(millis_timer.o)
                0x00001c68                millis_timer_ReadCounter
 .text.power_comp_Init
                0x00001c88       0x64 .\CortexM3\ARM_GCC_493\Debug\Node-Capybara.a(power_comp.o)
                0x00001c88                power_comp_Init
 .text.power_comp_Enable
                0x00001cec       0x34 .\CortexM3\ARM_GCC_493\Debug\Node-Capybara.a(power_comp.o)
                0x00001cec                power_comp_Enable
 .text.power_comp_Start
                0x00001d20       0x20 .\CortexM3\ARM_GCC_493\Debug\Node-Capybara.a(power_comp.o)
                0x00001d20                power_comp_Start
 .text.power_comp_SetSpeed
                0x00001d40       0x80 .\CortexM3\ARM_GCC_493\Debug\Node-Capybara.a(power_comp.o)
                0x00001d40                power_comp_SetSpeed
 .text.sd_timer_Init
                0x00001dc0       0x4c .\CortexM3\ARM_GCC_493\Debug\Node-Capybara.a(sd_timer.o)
                0x00001dc0                sd_timer_Init
 .text.sd_timer_Enable
                0x00001e0c       0x20 .\CortexM3\ARM_GCC_493\Debug\Node-Capybara.a(sd_timer.o)
                0x00001e0c                sd_timer_Enable
 .text.sd_timer_Start
                0x00001e2c       0x20 .\CortexM3\ARM_GCC_493\Debug\Node-Capybara.a(sd_timer.o)
                0x00001e2c                sd_timer_Start
 .text.sd_timer_SetInterruptMode
                0x00001e4c       0x20 .\CortexM3\ARM_GCC_493\Debug\Node-Capybara.a(sd_timer.o)
                0x00001e4c                sd_timer_SetInterruptMode
 .text.sd_timer_ReadStatusRegister
                0x00001e6c       0x18 .\CortexM3\ARM_GCC_493\Debug\Node-Capybara.a(sd_timer.o)
                0x00001e6c                sd_timer_ReadStatusRegister
 .text.sd_timer_WritePeriod
                0x00001e84       0x20 .\CortexM3\ARM_GCC_493\Debug\Node-Capybara.a(sd_timer.o)
                0x00001e84                sd_timer_WritePeriod
 .text.sd_timer_ReadCapture
                0x00001ea4       0x18 .\CortexM3\ARM_GCC_493\Debug\Node-Capybara.a(sd_timer.o)
                0x00001ea4                sd_timer_ReadCapture
 .text.sd_timer_WriteCounter
                0x00001ebc       0x20 .\CortexM3\ARM_GCC_493\Debug\Node-Capybara.a(sd_timer.o)
                0x00001ebc                sd_timer_WriteCounter
 .text.sd_timer_ClearFIFO
                0x00001edc       0x1c .\CortexM3\ARM_GCC_493\Debug\Node-Capybara.a(sd_timer.o)
                0x00001edc                sd_timer_ClearFIFO
 .text.sd_isr_StartEx
                0x00001ef8       0x24 .\CortexM3\ARM_GCC_493\Debug\Node-Capybara.a(sd_isr.o)
                0x00001ef8                sd_isr_StartEx
 .text.sd_isr_SetVector
                0x00001f1c       0x24 .\CortexM3\ARM_GCC_493\Debug\Node-Capybara.a(sd_isr.o)
                0x00001f1c                sd_isr_SetVector
 .text.sd_isr_SetPriority
                0x00001f40       0x24 .\CortexM3\ARM_GCC_493\Debug\Node-Capybara.a(sd_isr.o)
                0x00001f40                sd_isr_SetPriority
 .text.sd_isr_Enable
                0x00001f64       0x18 .\CortexM3\ARM_GCC_493\Debug\Node-Capybara.a(sd_isr.o)
                0x00001f64                sd_isr_Enable
 .text.sd_isr_Disable
                0x00001f7c       0x18 .\CortexM3\ARM_GCC_493\Debug\Node-Capybara.a(sd_isr.o)
                0x00001f7c                sd_isr_Disable
 .text.Channel_1_Timer_Init
                0x00001f94       0x54 .\CortexM3\ARM_GCC_493\Debug\Node-Capybara.a(Channel_1_Timer.o)
                0x00001f94                Channel_1_Timer_Init
 .text.Channel_1_Timer_Enable
                0x00001fe8       0x20 .\CortexM3\ARM_GCC_493\Debug\Node-Capybara.a(Channel_1_Timer.o)
                0x00001fe8                Channel_1_Timer_Enable
 .text.Channel_1_Timer_Start
                0x00002008       0x20 .\CortexM3\ARM_GCC_493\Debug\Node-Capybara.a(Channel_1_Timer.o)
                0x00002008                Channel_1_Timer_Start
 .text.Channel_1_Timer_SetInterruptMode
                0x00002028       0x20 .\CortexM3\ARM_GCC_493\Debug\Node-Capybara.a(Channel_1_Timer.o)
                0x00002028                Channel_1_Timer_SetInterruptMode
 .text.Channel_1_Timer_ReadStatusRegister
                0x00002048       0x18 .\CortexM3\ARM_GCC_493\Debug\Node-Capybara.a(Channel_1_Timer.o)
                0x00002048                Channel_1_Timer_ReadStatusRegister
 .text.Channel_1_Timer_WritePeriod
                0x00002060       0x20 .\CortexM3\ARM_GCC_493\Debug\Node-Capybara.a(Channel_1_Timer.o)
                0x00002060                Channel_1_Timer_WritePeriod
 .text.Channel_1_Timer_ReadCapture
                0x00002080       0x18 .\CortexM3\ARM_GCC_493\Debug\Node-Capybara.a(Channel_1_Timer.o)
                0x00002080                Channel_1_Timer_ReadCapture
 .text.Channel_1_Timer_WriteCounter
                0x00002098       0x20 .\CortexM3\ARM_GCC_493\Debug\Node-Capybara.a(Channel_1_Timer.o)
                0x00002098                Channel_1_Timer_WriteCounter
 .text.Channel_1_Timer_ReadCounter
                0x000020b8       0x20 .\CortexM3\ARM_GCC_493\Debug\Node-Capybara.a(Channel_1_Timer.o)
                0x000020b8                Channel_1_Timer_ReadCounter
 .text.Channel_1_Timer_EnableTrigger
                0x000020d8       0x20 .\CortexM3\ARM_GCC_493\Debug\Node-Capybara.a(Channel_1_Timer.o)
                0x000020d8                Channel_1_Timer_EnableTrigger
 .text.Channel_1_Timer_SetInterruptCount
                0x000020f8       0x40 .\CortexM3\ARM_GCC_493\Debug\Node-Capybara.a(Channel_1_Timer.o)
                0x000020f8                Channel_1_Timer_SetInterruptCount
 .text.Channel_1_Timer_ClearFIFO
                0x00002138       0x1c .\CortexM3\ARM_GCC_493\Debug\Node-Capybara.a(Channel_1_Timer.o)
                0x00002138                Channel_1_Timer_ClearFIFO
 .text.CR1_Write
                0x00002154       0x20 .\CortexM3\ARM_GCC_493\Debug\Node-Capybara.a(CR1.o)
                0x00002154                CR1_Write
 .text.Comp_1_Init
                0x00002174       0x64 .\CortexM3\ARM_GCC_493\Debug\Node-Capybara.a(Comp_1.o)
                0x00002174                Comp_1_Init
 .text.Comp_1_Enable
                0x000021d8       0x34 .\CortexM3\ARM_GCC_493\Debug\Node-Capybara.a(Comp_1.o)
                0x000021d8                Comp_1_Enable
 .text.Comp_1_Start
                0x0000220c       0x20 .\CortexM3\ARM_GCC_493\Debug\Node-Capybara.a(Comp_1.o)
                0x0000220c                Comp_1_Start
 .text.Comp_1_SetSpeed
                0x0000222c       0x80 .\CortexM3\ARM_GCC_493\Debug\Node-Capybara.a(Comp_1.o)
                0x0000222c                Comp_1_SetSpeed
 .text.DVDAC_1_Init
                0x000022ac       0x1c .\CortexM3\ARM_GCC_493\Debug\Node-Capybara.a(DVDAC_1.o)
                0x000022ac                DVDAC_1_Init
 .text.DVDAC_1_Enable
                0x000022c8       0x20 .\CortexM3\ARM_GCC_493\Debug\Node-Capybara.a(DVDAC_1.o)
                0x000022c8                DVDAC_1_Enable
 .text.DVDAC_1_Start
                0x000022e8       0x20 .\CortexM3\ARM_GCC_493\Debug\Node-Capybara.a(DVDAC_1.o)
                0x000022e8                DVDAC_1_Start
 .text.DVDAC_1_InitDma
                0x00002308       0x70 .\CortexM3\ARM_GCC_493\Debug\Node-Capybara.a(DVDAC_1.o)
 .text.DVDAC_1_DMA_DmaInitialize
                0x00002378       0x68 .\CortexM3\ARM_GCC_493\Debug\Node-Capybara.a(DVDAC_1_DMA_dma.o)
                0x00002378                DVDAC_1_DMA_DmaInitialize
 .text.DVDAC_1_VDAC8_Init
                0x000023e0       0x3c .\CortexM3\ARM_GCC_493\Debug\Node-Capybara.a(DVDAC_1_VDAC8.o)
                0x000023e0                DVDAC_1_VDAC8_Init
 .text.DVDAC_1_VDAC8_Enable
                0x0000241c       0x34 .\CortexM3\ARM_GCC_493\Debug\Node-Capybara.a(DVDAC_1_VDAC8.o)
                0x0000241c                DVDAC_1_VDAC8_Enable
 .text.DVDAC_1_VDAC8_SetSpeed
                0x00002450       0x40 .\CortexM3\ARM_GCC_493\Debug\Node-Capybara.a(DVDAC_1_VDAC8.o)
                0x00002450                DVDAC_1_VDAC8_SetSpeed
 .text.DVDAC_1_VDAC8_SetRange
                0x00002490       0x40 .\CortexM3\ARM_GCC_493\Debug\Node-Capybara.a(DVDAC_1_VDAC8.o)
                0x00002490                DVDAC_1_VDAC8_SetRange
 .text.DVDAC_1_VDAC8_DacTrim
                0x000024d0       0x3c .\CortexM3\ARM_GCC_493\Debug\Node-Capybara.a(DVDAC_1_VDAC8.o)
                0x000024d0                DVDAC_1_VDAC8_DacTrim
 .text.DVDAC_1_IntClock_Start
                0x0000250c       0x34 .\CortexM3\ARM_GCC_493\Debug\Node-Capybara.a(DVDAC_1_IntClock.o)
                0x0000250c                DVDAC_1_IntClock_Start
 .text.PGA_1_Init
                0x00002540       0x3c .\CortexM3\ARM_GCC_493\Debug\Node-Capybara.a(PGA_1.o)
                0x00002540                PGA_1_Init
 .text.PGA_1_Enable
                0x0000257c       0x48 .\CortexM3\ARM_GCC_493\Debug\Node-Capybara.a(PGA_1.o)
                0x0000257c                PGA_1_Enable
 .text.PGA_1_Start
                0x000025c4       0x20 .\CortexM3\ARM_GCC_493\Debug\Node-Capybara.a(PGA_1.o)
                0x000025c4                PGA_1_Start
 .text.PGA_1_SetPower
                0x000025e4       0x38 .\CortexM3\ARM_GCC_493\Debug\Node-Capybara.a(PGA_1.o)
                0x000025e4                PGA_1_SetPower
 .text.PGA_1_SetGain
                0x0000261c       0xbc .\CortexM3\ARM_GCC_493\Debug\Node-Capybara.a(PGA_1.o)
                0x0000261c                PGA_1_SetGain
 .text.Channel_3_Timer_Init
                0x000026d8       0x54 .\CortexM3\ARM_GCC_493\Debug\Node-Capybara.a(Channel_3_Timer.o)
                0x000026d8                Channel_3_Timer_Init
 .text.Channel_3_Timer_Enable
                0x0000272c       0x20 .\CortexM3\ARM_GCC_493\Debug\Node-Capybara.a(Channel_3_Timer.o)
                0x0000272c                Channel_3_Timer_Enable
 .text.Channel_3_Timer_Start
                0x0000274c       0x20 .\CortexM3\ARM_GCC_493\Debug\Node-Capybara.a(Channel_3_Timer.o)
                0x0000274c                Channel_3_Timer_Start
 .text.Channel_3_Timer_SetInterruptMode
                0x0000276c       0x20 .\CortexM3\ARM_GCC_493\Debug\Node-Capybara.a(Channel_3_Timer.o)
                0x0000276c                Channel_3_Timer_SetInterruptMode
 .text.Channel_3_Timer_ReadStatusRegister
                0x0000278c       0x18 .\CortexM3\ARM_GCC_493\Debug\Node-Capybara.a(Channel_3_Timer.o)
                0x0000278c                Channel_3_Timer_ReadStatusRegister
 .text.Channel_3_Timer_WritePeriod
                0x000027a4       0x20 .\CortexM3\ARM_GCC_493\Debug\Node-Capybara.a(Channel_3_Timer.o)
                0x000027a4                Channel_3_Timer_WritePeriod
 .text.Channel_3_Timer_ReadCapture
                0x000027c4       0x18 .\CortexM3\ARM_GCC_493\Debug\Node-Capybara.a(Channel_3_Timer.o)
                0x000027c4                Channel_3_Timer_ReadCapture
 .text.Channel_3_Timer_WriteCounter
                0x000027dc       0x20 .\CortexM3\ARM_GCC_493\Debug\Node-Capybara.a(Channel_3_Timer.o)
                0x000027dc                Channel_3_Timer_WriteCounter
 .text.Channel_3_Timer_ReadCounter
                0x000027fc       0x20 .\CortexM3\ARM_GCC_493\Debug\Node-Capybara.a(Channel_3_Timer.o)
                0x000027fc                Channel_3_Timer_ReadCounter
 .text.Channel_3_Timer_EnableTrigger
                0x0000281c       0x20 .\CortexM3\ARM_GCC_493\Debug\Node-Capybara.a(Channel_3_Timer.o)
                0x0000281c                Channel_3_Timer_EnableTrigger
 .text.Channel_3_Timer_SetInterruptCount
                0x0000283c       0x40 .\CortexM3\ARM_GCC_493\Debug\Node-Capybara.a(Channel_3_Timer.o)
                0x0000283c                Channel_3_Timer_SetInterruptCount
 .text.Channel_3_Timer_ClearFIFO
                0x0000287c       0x1c .\CortexM3\ARM_GCC_493\Debug\Node-Capybara.a(Channel_3_Timer.o)
                0x0000287c                Channel_3_Timer_ClearFIFO
 .text.CR3_Write
                0x00002898       0x20 .\CortexM3\ARM_GCC_493\Debug\Node-Capybara.a(CR3.o)
                0x00002898                CR3_Write
 .text.Comp_3_Init
                0x000028b8       0x64 .\CortexM3\ARM_GCC_493\Debug\Node-Capybara.a(Comp_3.o)
                0x000028b8                Comp_3_Init
 .text.Comp_3_Enable
                0x0000291c       0x34 .\CortexM3\ARM_GCC_493\Debug\Node-Capybara.a(Comp_3.o)
                0x0000291c                Comp_3_Enable
 .text.Comp_3_Start
                0x00002950       0x20 .\CortexM3\ARM_GCC_493\Debug\Node-Capybara.a(Comp_3.o)
                0x00002950                Comp_3_Start
 .text.Comp_3_SetSpeed
                0x00002970       0x80 .\CortexM3\ARM_GCC_493\Debug\Node-Capybara.a(Comp_3.o)
                0x00002970                Comp_3_SetSpeed
 .text.DVDAC_3_Init
                0x000029f0       0x1c .\CortexM3\ARM_GCC_493\Debug\Node-Capybara.a(DVDAC_3.o)
                0x000029f0                DVDAC_3_Init
 .text.DVDAC_3_Enable
                0x00002a0c       0x20 .\CortexM3\ARM_GCC_493\Debug\Node-Capybara.a(DVDAC_3.o)
                0x00002a0c                DVDAC_3_Enable
 .text.DVDAC_3_Start
                0x00002a2c       0x20 .\CortexM3\ARM_GCC_493\Debug\Node-Capybara.a(DVDAC_3.o)
                0x00002a2c                DVDAC_3_Start
 .text.DVDAC_3_InitDma
                0x00002a4c       0x70 .\CortexM3\ARM_GCC_493\Debug\Node-Capybara.a(DVDAC_3.o)
 .text.PGA_3_Init
                0x00002abc       0x3c .\CortexM3\ARM_GCC_493\Debug\Node-Capybara.a(PGA_3.o)
                0x00002abc                PGA_3_Init
 .text.PGA_3_Enable
                0x00002af8       0x48 .\CortexM3\ARM_GCC_493\Debug\Node-Capybara.a(PGA_3.o)
                0x00002af8                PGA_3_Enable
 .text.PGA_3_Start
                0x00002b40       0x20 .\CortexM3\ARM_GCC_493\Debug\Node-Capybara.a(PGA_3.o)
                0x00002b40                PGA_3_Start
 .text.PGA_3_SetPower
                0x00002b60       0x38 .\CortexM3\ARM_GCC_493\Debug\Node-Capybara.a(PGA_3.o)
                0x00002b60                PGA_3_SetPower
 .text.PGA_3_SetGain
                0x00002b98       0xbc .\CortexM3\ARM_GCC_493\Debug\Node-Capybara.a(PGA_3.o)
                0x00002b98                PGA_3_SetGain
 .text.DVDAC_3_DMA_DmaInitialize
                0x00002c54       0x68 .\CortexM3\ARM_GCC_493\Debug\Node-Capybara.a(DVDAC_3_DMA_dma.o)
                0x00002c54                DVDAC_3_DMA_DmaInitialize
 .text.DVDAC_3_VDAC8_Init
                0x00002cbc       0x3c .\CortexM3\ARM_GCC_493\Debug\Node-Capybara.a(DVDAC_3_VDAC8.o)
                0x00002cbc                DVDAC_3_VDAC8_Init
 .text.DVDAC_3_VDAC8_Enable
                0x00002cf8       0x34 .\CortexM3\ARM_GCC_493\Debug\Node-Capybara.a(DVDAC_3_VDAC8.o)
                0x00002cf8                DVDAC_3_VDAC8_Enable
 .text.DVDAC_3_VDAC8_SetSpeed
                0x00002d2c       0x40 .\CortexM3\ARM_GCC_493\Debug\Node-Capybara.a(DVDAC_3_VDAC8.o)
                0x00002d2c                DVDAC_3_VDAC8_SetSpeed
 .text.DVDAC_3_VDAC8_SetRange
                0x00002d6c       0x40 .\CortexM3\ARM_GCC_493\Debug\Node-Capybara.a(DVDAC_3_VDAC8.o)
                0x00002d6c                DVDAC_3_VDAC8_SetRange
 .text.DVDAC_3_VDAC8_DacTrim
                0x00002dac       0x3c .\CortexM3\ARM_GCC_493\Debug\Node-Capybara.a(DVDAC_3_VDAC8.o)
                0x00002dac                DVDAC_3_VDAC8_DacTrim
 .text.DVDAC_3_IntClock_Start
                0x00002de8       0x34 .\CortexM3\ARM_GCC_493\Debug\Node-Capybara.a(DVDAC_3_IntClock.o)
                0x00002de8                DVDAC_3_IntClock_Start
 .text.Channel_1_isr_StartEx
                0x00002e1c       0x24 .\CortexM3\ARM_GCC_493\Debug\Node-Capybara.a(Channel_1_isr.o)
                0x00002e1c                Channel_1_isr_StartEx
 .text.Channel_1_isr_SetVector
                0x00002e40       0x24 .\CortexM3\ARM_GCC_493\Debug\Node-Capybara.a(Channel_1_isr.o)
                0x00002e40                Channel_1_isr_SetVector
 .text.Channel_1_isr_SetPriority
                0x00002e64       0x24 .\CortexM3\ARM_GCC_493\Debug\Node-Capybara.a(Channel_1_isr.o)
                0x00002e64                Channel_1_isr_SetPriority
 .text.Channel_1_isr_Enable
                0x00002e88       0x18 .\CortexM3\ARM_GCC_493\Debug\Node-Capybara.a(Channel_1_isr.o)
                0x00002e88                Channel_1_isr_Enable
 .text.Channel_1_isr_Disable
                0x00002ea0       0x18 .\CortexM3\ARM_GCC_493\Debug\Node-Capybara.a(Channel_1_isr.o)
                0x00002ea0                Channel_1_isr_Disable
 .text.Channel_3_isr_StartEx
                0x00002eb8       0x24 .\CortexM3\ARM_GCC_493\Debug\Node-Capybara.a(Channel_3_isr.o)
                0x00002eb8                Channel_3_isr_StartEx
 .text.Channel_3_isr_SetVector
                0x00002edc       0x24 .\CortexM3\ARM_GCC_493\Debug\Node-Capybara.a(Channel_3_isr.o)
                0x00002edc                Channel_3_isr_SetVector
 .text.Channel_3_isr_SetPriority
                0x00002f00       0x24 .\CortexM3\ARM_GCC_493\Debug\Node-Capybara.a(Channel_3_isr.o)
                0x00002f00                Channel_3_isr_SetPriority
 .text.Channel_3_isr_Enable
                0x00002f24       0x18 .\CortexM3\ARM_GCC_493\Debug\Node-Capybara.a(Channel_3_isr.o)
                0x00002f24                Channel_3_isr_Enable
 .text.Channel_3_isr_Disable
                0x00002f3c       0x18 .\CortexM3\ARM_GCC_493\Debug\Node-Capybara.a(Channel_3_isr.o)
                0x00002f3c                Channel_3_isr_Disable
 .text.status_timer_Init
                0x00002f54       0x48 .\CortexM3\ARM_GCC_493\Debug\Node-Capybara.a(status_timer.o)
                0x00002f54                status_timer_Init
 .text.status_timer_Enable
                0x00002f9c       0x20 .\CortexM3\ARM_GCC_493\Debug\Node-Capybara.a(status_timer.o)
                0x00002f9c                status_timer_Enable
 .text.status_timer_Start
                0x00002fbc       0x20 .\CortexM3\ARM_GCC_493\Debug\Node-Capybara.a(status_timer.o)
                0x00002fbc                status_timer_Start
 .text.status_timer_SetInterruptMode
                0x00002fdc       0x20 .\CortexM3\ARM_GCC_493\Debug\Node-Capybara.a(status_timer.o)
                0x00002fdc                status_timer_SetInterruptMode
 .text.status_timer_ReadStatusRegister
                0x00002ffc       0x18 .\CortexM3\ARM_GCC_493\Debug\Node-Capybara.a(status_timer.o)
                0x00002ffc                status_timer_ReadStatusRegister
 .text.status_timer_WritePeriod
                0x00003014       0x20 .\CortexM3\ARM_GCC_493\Debug\Node-Capybara.a(status_timer.o)
                0x00003014                status_timer_WritePeriod
 .text.status_timer_ReadCapture
                0x00003034       0x18 .\CortexM3\ARM_GCC_493\Debug\Node-Capybara.a(status_timer.o)
                0x00003034                status_timer_ReadCapture
 .text.status_timer_WriteCounter
                0x0000304c       0x20 .\CortexM3\ARM_GCC_493\Debug\Node-Capybara.a(status_timer.o)
                0x0000304c                status_timer_WriteCounter
 .text.status_timer_ClearFIFO
                0x0000306c       0x1c .\CortexM3\ARM_GCC_493\Debug\Node-Capybara.a(status_timer.o)
                0x0000306c                status_timer_ClearFIFO
 .text.status_isr_StartEx
                0x00003088       0x24 .\CortexM3\ARM_GCC_493\Debug\Node-Capybara.a(status_isr.o)
                0x00003088                status_isr_StartEx
 .text.status_isr_SetVector
                0x000030ac       0x24 .\CortexM3\ARM_GCC_493\Debug\Node-Capybara.a(status_isr.o)
                0x000030ac                status_isr_SetVector
 .text.status_isr_SetPriority
                0x000030d0       0x24 .\CortexM3\ARM_GCC_493\Debug\Node-Capybara.a(status_isr.o)
                0x000030d0                status_isr_SetPriority
 .text.status_isr_Enable
                0x000030f4       0x18 .\CortexM3\ARM_GCC_493\Debug\Node-Capybara.a(status_isr.o)
                0x000030f4                status_isr_Enable
 .text.status_isr_Disable
                0x0000310c       0x18 .\CortexM3\ARM_GCC_493\Debug\Node-Capybara.a(status_isr.o)
                0x0000310c                status_isr_Disable
 .text.Channel_4_Timer_Init
                0x00003124       0x54 .\CortexM3\ARM_GCC_493\Debug\Node-Capybara.a(Channel_4_Timer.o)
                0x00003124                Channel_4_Timer_Init
 .text.Channel_4_Timer_Enable
                0x00003178       0x20 .\CortexM3\ARM_GCC_493\Debug\Node-Capybara.a(Channel_4_Timer.o)
                0x00003178                Channel_4_Timer_Enable
 .text.Channel_4_Timer_Start
                0x00003198       0x20 .\CortexM3\ARM_GCC_493\Debug\Node-Capybara.a(Channel_4_Timer.o)
                0x00003198                Channel_4_Timer_Start
 .text.Channel_4_Timer_SetInterruptMode
                0x000031b8       0x20 .\CortexM3\ARM_GCC_493\Debug\Node-Capybara.a(Channel_4_Timer.o)
                0x000031b8                Channel_4_Timer_SetInterruptMode
 .text.Channel_4_Timer_ReadStatusRegister
                0x000031d8       0x18 .\CortexM3\ARM_GCC_493\Debug\Node-Capybara.a(Channel_4_Timer.o)
                0x000031d8                Channel_4_Timer_ReadStatusRegister
 .text.Channel_4_Timer_WritePeriod
                0x000031f0       0x20 .\CortexM3\ARM_GCC_493\Debug\Node-Capybara.a(Channel_4_Timer.o)
                0x000031f0                Channel_4_Timer_WritePeriod
 .text.Channel_4_Timer_ReadCapture
                0x00003210       0x18 .\CortexM3\ARM_GCC_493\Debug\Node-Capybara.a(Channel_4_Timer.o)
                0x00003210                Channel_4_Timer_ReadCapture
 .text.Channel_4_Timer_WriteCounter
                0x00003228       0x20 .\CortexM3\ARM_GCC_493\Debug\Node-Capybara.a(Channel_4_Timer.o)
                0x00003228                Channel_4_Timer_WriteCounter
 .text.Channel_4_Timer_ReadCounter
                0x00003248       0x20 .\CortexM3\ARM_GCC_493\Debug\Node-Capybara.a(Channel_4_Timer.o)
                0x00003248                Channel_4_Timer_ReadCounter
 .text.Channel_4_Timer_EnableTrigger
                0x00003268       0x20 .\CortexM3\ARM_GCC_493\Debug\Node-Capybara.a(Channel_4_Timer.o)
                0x00003268                Channel_4_Timer_EnableTrigger
 .text.Channel_4_Timer_SetInterruptCount
                0x00003288       0x40 .\CortexM3\ARM_GCC_493\Debug\Node-Capybara.a(Channel_4_Timer.o)
                0x00003288                Channel_4_Timer_SetInterruptCount
 .text.Channel_4_Timer_ClearFIFO
                0x000032c8       0x1c .\CortexM3\ARM_GCC_493\Debug\Node-Capybara.a(Channel_4_Timer.o)
                0x000032c8                Channel_4_Timer_ClearFIFO
 .text.Channel_4_isr_StartEx
                0x000032e4       0x24 .\CortexM3\ARM_GCC_493\Debug\Node-Capybara.a(Channel_4_isr.o)
                0x000032e4                Channel_4_isr_StartEx
 .text.Channel_4_isr_SetVector
                0x00003308       0x24 .\CortexM3\ARM_GCC_493\Debug\Node-Capybara.a(Channel_4_isr.o)
                0x00003308                Channel_4_isr_SetVector
 .text.Channel_4_isr_SetPriority
                0x0000332c       0x24 .\CortexM3\ARM_GCC_493\Debug\Node-Capybara.a(Channel_4_isr.o)
                0x0000332c                Channel_4_isr_SetPriority
 .text.Channel_4_isr_Enable
                0x00003350       0x18 .\CortexM3\ARM_GCC_493\Debug\Node-Capybara.a(Channel_4_isr.o)
                0x00003350                Channel_4_isr_Enable
 .text.Channel_4_isr_Disable
                0x00003368       0x18 .\CortexM3\ARM_GCC_493\Debug\Node-Capybara.a(Channel_4_isr.o)
                0x00003368                Channel_4_isr_Disable
 .text.CR4_Write
                0x00003380       0x20 .\CortexM3\ARM_GCC_493\Debug\Node-Capybara.a(CR4.o)
                0x00003380                CR4_Write
 .text.Comp_4_Init
                0x000033a0       0x64 .\CortexM3\ARM_GCC_493\Debug\Node-Capybara.a(Comp_4.o)
                0x000033a0                Comp_4_Init
 .text.Comp_4_Enable
                0x00003404       0x34 .\CortexM3\ARM_GCC_493\Debug\Node-Capybara.a(Comp_4.o)
                0x00003404                Comp_4_Enable
 .text.Comp_4_Start
                0x00003438       0x20 .\CortexM3\ARM_GCC_493\Debug\Node-Capybara.a(Comp_4.o)
                0x00003438                Comp_4_Start
 .text.Comp_4_SetSpeed
                0x00003458       0x80 .\CortexM3\ARM_GCC_493\Debug\Node-Capybara.a(Comp_4.o)
                0x00003458                Comp_4_SetSpeed
 .text.DVDAC_4_Init
                0x000034d8       0x1c .\CortexM3\ARM_GCC_493\Debug\Node-Capybara.a(DVDAC_4.o)
                0x000034d8                DVDAC_4_Init
 .text.DVDAC_4_Enable
                0x000034f4       0x20 .\CortexM3\ARM_GCC_493\Debug\Node-Capybara.a(DVDAC_4.o)
                0x000034f4                DVDAC_4_Enable
 .text.DVDAC_4_Start
                0x00003514       0x20 .\CortexM3\ARM_GCC_493\Debug\Node-Capybara.a(DVDAC_4.o)
                0x00003514                DVDAC_4_Start
 .text.DVDAC_4_InitDma
                0x00003534       0x70 .\CortexM3\ARM_GCC_493\Debug\Node-Capybara.a(DVDAC_4.o)
 .text.PGA_4_Init
                0x000035a4       0x3c .\CortexM3\ARM_GCC_493\Debug\Node-Capybara.a(PGA_4.o)
                0x000035a4                PGA_4_Init
 .text.PGA_4_Enable
                0x000035e0       0x48 .\CortexM3\ARM_GCC_493\Debug\Node-Capybara.a(PGA_4.o)
                0x000035e0                PGA_4_Enable
 .text.PGA_4_Start
                0x00003628       0x20 .\CortexM3\ARM_GCC_493\Debug\Node-Capybara.a(PGA_4.o)
                0x00003628                PGA_4_Start
 .text.PGA_4_SetPower
                0x00003648       0x38 .\CortexM3\ARM_GCC_493\Debug\Node-Capybara.a(PGA_4.o)
                0x00003648                PGA_4_SetPower
 .text.PGA_4_SetGain
                0x00003680       0xbc .\CortexM3\ARM_GCC_493\Debug\Node-Capybara.a(PGA_4.o)
                0x00003680                PGA_4_SetGain
 .text.DVDAC_4_DMA_DmaInitialize
                0x0000373c       0x68 .\CortexM3\ARM_GCC_493\Debug\Node-Capybara.a(DVDAC_4_DMA_dma.o)
                0x0000373c                DVDAC_4_DMA_DmaInitialize
 .text.DVDAC_4_VDAC8_Init
                0x000037a4       0x3c .\CortexM3\ARM_GCC_493\Debug\Node-Capybara.a(DVDAC_4_VDAC8.o)
                0x000037a4                DVDAC_4_VDAC8_Init
 .text.DVDAC_4_VDAC8_Enable
                0x000037e0       0x34 .\CortexM3\ARM_GCC_493\Debug\Node-Capybara.a(DVDAC_4_VDAC8.o)
                0x000037e0                DVDAC_4_VDAC8_Enable
 .text.DVDAC_4_VDAC8_SetSpeed
                0x00003814       0x40 .\CortexM3\ARM_GCC_493\Debug\Node-Capybara.a(DVDAC_4_VDAC8.o)
                0x00003814                DVDAC_4_VDAC8_SetSpeed
 .text.DVDAC_4_VDAC8_SetRange
                0x00003854       0x40 .\CortexM3\ARM_GCC_493\Debug\Node-Capybara.a(DVDAC_4_VDAC8.o)
                0x00003854                DVDAC_4_VDAC8_SetRange
 .text.DVDAC_4_VDAC8_DacTrim
                0x00003894       0x3c .\CortexM3\ARM_GCC_493\Debug\Node-Capybara.a(DVDAC_4_VDAC8.o)
                0x00003894                DVDAC_4_VDAC8_DacTrim
 .text.DVDAC_4_IntClock_Start
                0x000038d0       0x34 .\CortexM3\ARM_GCC_493\Debug\Node-Capybara.a(DVDAC_4_IntClock.o)
                0x000038d0                DVDAC_4_IntClock_Start
 *fill*         0x00003904        0x4 
 .text          0x00003908       0x20 .\CortexM3\ARM_GCC_493\Debug\Node-Capybara.a(CyBootAsmGnu.o)
                0x00003908                CyDelayCycles
                0x00003918                CyEnterCriticalSection
                0x00003920                CyExitCriticalSection
 .text.FS__SD_Format
                0x00003928      0x26c .\emFile_V322c\LinkLibrary\PSoC5\GCC\libemf32noslfn.a(FAT_FormatSD.o)
                0x00003928                FS__SD_Format
 .text.FS_FormatSD
                0x00003b94       0x10 .\emFile_V322c\LinkLibrary\PSoC5\GCC\libemf32noslfn.a(FAT_FormatSD.o)
                0x00003b94                FS_FormatSD
 .text._CopyString
                0x00003ba4       0x1c .\emFile_V322c\LinkLibrary\PSoC5\GCC\libemf32noslfn.a(FAT_LFN.o)
 .text._CalcNumChar
                0x00003bc0       0x1e .\emFile_V322c\LinkLibrary\PSoC5\GCC\libemf32noslfn.a(FAT_LFN.o)
 .text._WriteName
                0x00003bde       0x32 .\emFile_V322c\LinkLibrary\PSoC5\GCC\libemf32noslfn.a(FAT_LFN.o)
 .text._ToUpper
                0x00003c10       0x10 .\emFile_V322c\LinkLibrary\PSoC5\GCC\libemf32noslfn.a(FAT_LFN.o)
 .text._CompareChar
                0x00003c20       0x44 .\emFile_V322c\LinkLibrary\PSoC5\GCC\libemf32noslfn.a(FAT_LFN.o)
 .text._CalcCheckSum
                0x00003c64       0x24 .\emFile_V322c\LinkLibrary\PSoC5\GCC\libemf32noslfn.a(FAT_LFN.o)
 .text._SetDirPosIndex
                0x00003c88        0x8 .\emFile_V322c\LinkLibrary\PSoC5\GCC\libemf32noslfn.a(FAT_LFN.o)
 .text.FS_FAT_SupportLFN
                0x00003c90       0x10 .\emFile_V322c\LinkLibrary\PSoC5\GCC\libemf32noslfn.a(FAT_LFN.o)
                0x00003c90                FS_FAT_SupportLFN
 .text._LFN_DelLongEntry
                0x00003ca0       0x5e .\emFile_V322c\LinkLibrary\PSoC5\GCC\libemf32noslfn.a(FAT_LFN.o)
 .text._CorrectTrail
                0x00003cfe       0x28 .\emFile_V322c\LinkLibrary\PSoC5\GCC\libemf32noslfn.a(FAT_LFN.o)
 .text._CalcNumLongEntries
                0x00003d26       0x16 .\emFile_V322c\LinkLibrary\PSoC5\GCC\libemf32noslfn.a(FAT_LFN.o)
 .text._ComputeLongDirEntry
                0x00003d3c       0x88 .\emFile_V322c\LinkLibrary\PSoC5\GCC\libemf32noslfn.a(FAT_LFN.o)
 .text._LFN_FindDirEntry
                0x00003dc4      0x146 .\emFile_V322c\LinkLibrary\PSoC5\GCC\libemf32noslfn.a(FAT_LFN.o)
 .text._GenerateShortEntry
                0x00003f0a       0xce .\emFile_V322c\LinkLibrary\PSoC5\GCC\libemf32noslfn.a(FAT_LFN.o)
 .text._LFN_ReadDirEntryInfo
                0x00003fd8      0x1c6 .\emFile_V322c\LinkLibrary\PSoC5\GCC\libemf32noslfn.a(FAT_LFN.o)
 .text._LFN_CreateDirEntry
                0x0000419e      0x2a4 .\emFile_V322c\LinkLibrary\PSoC5\GCC\libemf32noslfn.a(FAT_LFN.o)
 .text._ClusterId2FATOff
                0x00004442       0x18 .\emFile_V322c\LinkLibrary\PSoC5\GCC\libemf32noslfn.a(FAT_Misc.o)
 .text._CalcLogClusterPos
                0x0000445a        0xe .\emFile_V322c\LinkLibrary\PSoC5\GCC\libemf32noslfn.a(FAT_Misc.o)
 .text._ReadFromFreeClusterCache
                0x00004468       0x46 .\emFile_V322c\LinkLibrary\PSoC5\GCC\libemf32noslfn.a(FAT_Misc.o)
 .text.FS_FAT_GetFATType
                0x000044ae       0x1a .\emFile_V322c\LinkLibrary\PSoC5\GCC\libemf32noslfn.a(FAT_Misc.o)
                0x000044ae                FS_FAT_GetFATType
 .text.FS_FAT_ClusterId2SectorNo
                0x000044c8        0xc .\emFile_V322c\LinkLibrary\PSoC5\GCC\libemf32noslfn.a(FAT_Misc.o)
                0x000044c8                FS_FAT_ClusterId2SectorNo
 .text.FS_FAT_IsValidShortNameChar
                0x000044d4       0x34 .\emFile_V322c\LinkLibrary\PSoC5\GCC\libemf32noslfn.a(FAT_Misc.o)
                0x000044d4                FS_FAT_IsValidShortNameChar
 .text.FS_FAT_CopyShortName
                0x00004508       0x56 .\emFile_V322c\LinkLibrary\PSoC5\GCC\libemf32noslfn.a(FAT_Misc.o)
                0x00004508                FS_FAT_CopyShortName
 .text._SFN_CreateDirEntry
                0x0000455e       0x5a .\emFile_V322c\LinkLibrary\PSoC5\GCC\libemf32noslfn.a(FAT_Misc.o)
 .text._SFN_FindDirEntry
                0x000045b8       0x10 .\emFile_V322c\LinkLibrary\PSoC5\GCC\libemf32noslfn.a(FAT_Misc.o)
 .text.FS_FAT_FindDirEntry
                0x000045c8       0x60 .\emFile_V322c\LinkLibrary\PSoC5\GCC\libemf32noslfn.a(FAT_Misc.o)
                0x000045c8                FS_FAT_FindDirEntry
 .text.FS_FAT_CopyDirEntryInfo
                0x00004628       0x50 .\emFile_V322c\LinkLibrary\PSoC5\GCC\libemf32noslfn.a(FAT_Misc.o)
                0x00004628                FS_FAT_CopyDirEntryInfo
 .text._SFN_ReadDirEntryInfo
                0x00004678       0x6e .\emFile_V322c\LinkLibrary\PSoC5\GCC\libemf32noslfn.a(FAT_Misc.o)
 .text._SetFATSector
                0x000046e6        0x6 .\emFile_V322c\LinkLibrary\PSoC5\GCC\libemf32noslfn.a(FAT_Misc.o)
 .text.FS_FAT_ReadFATEntry
                0x000046ec       0xb2 .\emFile_V322c\LinkLibrary\PSoC5\GCC\libemf32noslfn.a(FAT_Misc.o)
                0x000046ec                FS_FAT_ReadFATEntry
 *fill*         0x0000479e        0x2 
 .text.FS_FAT_GetNumAdjClustersInChain
                0x000047a0       0x64 .\emFile_V322c\LinkLibrary\PSoC5\GCC\libemf32noslfn.a(FAT_Misc.o)
                0x000047a0                FS_FAT_GetNumAdjClustersInChain
 .text.FS_FAT_WalkClusterEx
                0x00004804       0x5c .\emFile_V322c\LinkLibrary\PSoC5\GCC\libemf32noslfn.a(FAT_Misc.o)
                0x00004804                FS_FAT_WalkClusterEx
 .text.FS_FAT_GotoCluster
                0x00004860       0x88 .\emFile_V322c\LinkLibrary\PSoC5\GCC\libemf32noslfn.a(FAT_Misc.o)
                0x00004860                FS_FAT_GotoCluster
 .text.FS_FAT_WalkCluster
                0x000048e8       0x18 .\emFile_V322c\LinkLibrary\PSoC5\GCC\libemf32noslfn.a(FAT_Misc.o)
                0x000048e8                FS_FAT_WalkCluster
 .text.FS_FAT_FindLastCluster
                0x00004900       0x34 .\emFile_V322c\LinkLibrary\PSoC5\GCC\libemf32noslfn.a(FAT_Misc.o)
                0x00004900                FS_FAT_FindLastCluster
 .text._WriteFATEntry
                0x00004934      0x18e .\emFile_V322c\LinkLibrary\PSoC5\GCC\libemf32noslfn.a(FAT_Misc.o)
 .text.FS_FAT_MarkClusterEOC
                0x00004ac2        0x8 .\emFile_V322c\LinkLibrary\PSoC5\GCC\libemf32noslfn.a(FAT_Misc.o)
                0x00004ac2                FS_FAT_MarkClusterEOC
 .text.FS_FAT_SyncFAT
                0x00004aca       0x3c .\emFile_V322c\LinkLibrary\PSoC5\GCC\libemf32noslfn.a(FAT_Misc.o)
                0x00004aca                FS_FAT_SyncFAT
 .text.FS_FAT_LinkCluster
                0x00004b06       0x1c .\emFile_V322c\LinkLibrary\PSoC5\GCC\libemf32noslfn.a(FAT_Misc.o)
                0x00004b06                FS_FAT_LinkCluster
 *fill*         0x00004b22        0x2 
 .text._CalcFreeClusterCnt
                0x00004b24       0x88 .\emFile_V322c\LinkLibrary\PSoC5\GCC\libemf32noslfn.a(FAT_Misc.o)
 .text.FS_FAT_FindFreeCluster
                0x00004bac       0xa8 .\emFile_V322c\LinkLibrary\PSoC5\GCC\libemf32noslfn.a(FAT_Misc.o)
                0x00004bac                FS_FAT_FindFreeCluster
 .text.FS_FAT_AllocCluster
                0x00004c54       0x20 .\emFile_V322c\LinkLibrary\PSoC5\GCC\libemf32noslfn.a(FAT_Misc.o)
                0x00004c54                FS_FAT_AllocCluster
 .text._WriteEmptyFATSectors
                0x00004c74       0x3c .\emFile_V322c\LinkLibrary\PSoC5\GCC\libemf32noslfn.a(FAT_Misc.o)
 .text.FS_FAT_FreeClusterChain
                0x00004cb0       0xe0 .\emFile_V322c\LinkLibrary\PSoC5\GCC\libemf32noslfn.a(FAT_Misc.o)
                0x00004cb0                FS_FAT_FreeClusterChain
 .text.FS_FAT_CheckBPB
                0x00004d90      0x1cc .\emFile_V322c\LinkLibrary\PSoC5\GCC\libemf32noslfn.a(FAT_Misc.o)
                0x00004d90                FS_FAT_CheckBPB
 .text.FS_FAT_InitDirEntryScan
                0x00004f5c       0x14 .\emFile_V322c\LinkLibrary\PSoC5\GCC\libemf32noslfn.a(FAT_Open.o)
                0x00004f5c                FS_FAT_InitDirEntryScan
 .text.FS_FAT_IncDirPos
                0x00004f70        0x8 .\emFile_V322c\LinkLibrary\PSoC5\GCC\libemf32noslfn.a(FAT_Open.o)
                0x00004f70                FS_FAT_IncDirPos
 .text._CopyDirText
                0x00004f78       0x44 .\emFile_V322c\LinkLibrary\PSoC5\GCC\libemf32noslfn.a(FAT_Open.o)
 .text.FS_FAT_Make83Name
                0x00004fbc       0xb0 .\emFile_V322c\LinkLibrary\PSoC5\GCC\libemf32noslfn.a(FAT_Open.o)
                0x00004fbc                FS_FAT_Make83Name
 .text.FS_FAT_GetDirEntry
                0x0000506c       0xb2 .\emFile_V322c\LinkLibrary\PSoC5\GCC\libemf32noslfn.a(FAT_Open.o)
                0x0000506c                FS_FAT_GetDirEntry
 .text.FS_FAT_FindDirEntryShortEx
                0x0000511e       0x5a .\emFile_V322c\LinkLibrary\PSoC5\GCC\libemf32noslfn.a(FAT_Open.o)
                0x0000511e                FS_FAT_FindDirEntryShortEx
 .text.FS_FAT_FindDirEntryShort
                0x00005178       0x36 .\emFile_V322c\LinkLibrary\PSoC5\GCC\libemf32noslfn.a(FAT_Open.o)
                0x00005178                FS_FAT_FindDirEntryShort
 .text.FS_FAT_FindEmptyDirEntry
                0x000051ae       0xb0 .\emFile_V322c\LinkLibrary\PSoC5\GCC\libemf32noslfn.a(FAT_Open.o)
                0x000051ae                FS_FAT_FindEmptyDirEntry
 .text.FS_FAT_GetFirstCluster
                0x0000525e       0x1a .\emFile_V322c\LinkLibrary\PSoC5\GCC\libemf32noslfn.a(FAT_Open.o)
                0x0000525e                FS_FAT_GetFirstCluster
 .text.FS_FAT_FindPath
                0x00005278       0x7a .\emFile_V322c\LinkLibrary\PSoC5\GCC\libemf32noslfn.a(FAT_Open.o)
                0x00005278                FS_FAT_FindPath
 .text.FS_FAT_DeleteFileOrDir
                0x000052f2       0x48 .\emFile_V322c\LinkLibrary\PSoC5\GCC\libemf32noslfn.a(FAT_Open.o)
                0x000052f2                FS_FAT_DeleteFileOrDir
 *fill*         0x0000533a        0x2 
 .text.FS_FAT_Open
                0x0000533c      0x1dc .\emFile_V322c\LinkLibrary\PSoC5\GCC\libemf32noslfn.a(FAT_Open.o)
                0x0000533c                FS_FAT_Open
 .text.FS_FAT_WriteDirEntryCluster
                0x00005518       0x1c .\emFile_V322c\LinkLibrary\PSoC5\GCC\libemf32noslfn.a(FAT_Open.o)
                0x00005518                FS_FAT_WriteDirEntryCluster
 .text.FS_FAT_WriteDirEntry83
                0x00005534       0x6c .\emFile_V322c\LinkLibrary\PSoC5\GCC\libemf32noslfn.a(FAT_Open.o)
                0x00005534                FS_FAT_WriteDirEntry83
 .text.FS_FAT_Clean
                0x000055a0       0x54 .\emFile_V322c\LinkLibrary\PSoC5\GCC\libemf32noslfn.a(FAT_Write.o)
                0x000055a0                FS_FAT_Clean
 .text._WriteBurst
                0x000055f4       0x24 .\emFile_V322c\LinkLibrary\PSoC5\GCC\libemf32noslfn.a(FAT_Write.o)
 .text.FS_FAT_GotoClusterAllocIfReq
                0x00005618       0xa8 .\emFile_V322c\LinkLibrary\PSoC5\GCC\libemf32noslfn.a(FAT_Write.o)
                0x00005618                FS_FAT_GotoClusterAllocIfReq
 .text.FS_FAT_UpdateDirEntry
                0x000056c0       0x68 .\emFile_V322c\LinkLibrary\PSoC5\GCC\libemf32noslfn.a(FAT_Write.o)
                0x000056c0                FS_FAT_UpdateDirEntry
 .text.FS_FAT_Close
                0x00005728       0x44 .\emFile_V322c\LinkLibrary\PSoC5\GCC\libemf32noslfn.a(FAT_Write.o)
                0x00005728                FS_FAT_Close
 .text.FS_FAT_Write
                0x0000576c      0x1c8 .\emFile_V322c\LinkLibrary\PSoC5\GCC\libemf32noslfn.a(FAT_Write.o)
                0x0000576c                FS_FAT_Write
 .text.FS__GetFileAttributes
                0x00005934       0x38 .\emFile_V322c\LinkLibrary\PSoC5\GCC\libemf32noslfn.a(FS_Attrib.o)
                0x00005934                FS__GetFileAttributes
 .text.FS_GetFileAttributes
                0x0000596c        0x4 .\emFile_V322c\LinkLibrary\PSoC5\GCC\libemf32noslfn.a(FS_Attrib.o)
                0x0000596c                FS_GetFileAttributes
 .text.FS__CLIB_memcmp
                0x00005970       0x20 .\emFile_V322c\LinkLibrary\PSoC5\GCC\libemf32noslfn.a(FS_CLib.o)
                0x00005970                FS__CLIB_memcmp
 .text.FS__CLIB_memset
                0x00005990       0x6c .\emFile_V322c\LinkLibrary\PSoC5\GCC\libemf32noslfn.a(FS_CLib.o)
                0x00005990                FS__CLIB_memset
 .text.FS__CLIB_strcmp
                0x000059fc       0x1a .\emFile_V322c\LinkLibrary\PSoC5\GCC\libemf32noslfn.a(FS_CLib.o)
                0x000059fc                FS__CLIB_strcmp
 .text.FS__CLIB_strlen
                0x00005a16       0x10 .\emFile_V322c\LinkLibrary\PSoC5\GCC\libemf32noslfn.a(FS_CLib.o)
                0x00005a16                FS__CLIB_strlen
 .text.FS__CLIB_strncmp
                0x00005a26       0x26 .\emFile_V322c\LinkLibrary\PSoC5\GCC\libemf32noslfn.a(FS_CLib.o)
                0x00005a26                FS__CLIB_strncmp
 .text.FS__CLIB_strncpy
                0x00005a4c       0x2e .\emFile_V322c\LinkLibrary\PSoC5\GCC\libemf32noslfn.a(FS_CLib.o)
                0x00005a4c                FS__CLIB_strncpy
 .text.FS__CLIB_toupper
                0x00005a7a        0xe .\emFile_V322c\LinkLibrary\PSoC5\GCC\libemf32noslfn.a(FS_CLib.o)
                0x00005a7a                FS__CLIB_toupper
 .text.FS__DivideU32Up
                0x00005a88        0xa .\emFile_V322c\LinkLibrary\PSoC5\GCC\libemf32noslfn.a(FS_Core.o)
                0x00005a88                FS__DivideU32Up
 .text.FS__strchr
                0x00005a92       0x14 .\emFile_V322c\LinkLibrary\PSoC5\GCC\libemf32noslfn.a(FS_Core.o)
                0x00005a92                FS__strchr
 .text.FS_LoadU32BE
                0x00005aa6       0x18 .\emFile_V322c\LinkLibrary\PSoC5\GCC\libemf32noslfn.a(FS_Core.o)
                0x00005aa6                FS_LoadU32BE
 .text.FS_LoadU32LE
                0x00005abe       0x16 .\emFile_V322c\LinkLibrary\PSoC5\GCC\libemf32noslfn.a(FS_Core.o)
                0x00005abe                FS_LoadU32LE
 .text.FS_StoreU32LE
                0x00005ad4       0x14 .\emFile_V322c\LinkLibrary\PSoC5\GCC\libemf32noslfn.a(FS_Core.o)
                0x00005ad4                FS_StoreU32LE
 .text.FS_StoreU16LE
                0x00005ae8        0x8 .\emFile_V322c\LinkLibrary\PSoC5\GCC\libemf32noslfn.a(FS_Core.o)
                0x00005ae8                FS_StoreU16LE
 .text.FS_LoadU16LE
                0x00005af0        0xa .\emFile_V322c\LinkLibrary\PSoC5\GCC\libemf32noslfn.a(FS_Core.o)
                0x00005af0                FS_LoadU16LE
 *fill*         0x00005afa        0x2 
 .text._Alloc   0x00005afc       0x30 .\emFile_V322c\LinkLibrary\PSoC5\GCC\libemf32noslfn.a(FS_Core.o)
 .text.FS_Alloc
                0x00005b2c        0xc .\emFile_V322c\LinkLibrary\PSoC5\GCC\libemf32noslfn.a(FS_Core.o)
                0x00005b2c                FS_Alloc
 .text.FS_TryAlloc
                0x00005b38        0x4 .\emFile_V322c\LinkLibrary\PSoC5\GCC\libemf32noslfn.a(FS_Core.o)
                0x00005b38                FS_TryAlloc
 .text.FS_Free  0x00005b3c       0x1c .\emFile_V322c\LinkLibrary\PSoC5\GCC\libemf32noslfn.a(FS_Core.o)
                0x00005b3c                FS_Free
 .text.FS_AssignMemory
                0x00005b58        0xc .\emFile_V322c\LinkLibrary\PSoC5\GCC\libemf32noslfn.a(FS_Core.o)
                0x00005b58                FS_AssignMemory
 .text.FS_AllocZeroed
                0x00005b64       0x16 .\emFile_V322c\LinkLibrary\PSoC5\GCC\libemf32noslfn.a(FS_Core.o)
                0x00005b64                FS_AllocZeroed
 *fill*         0x00005b7a        0x2 
 .text.FS_STORAGE_Init
                0x00005b7c       0x28 .\emFile_V322c\LinkLibrary\PSoC5\GCC\libemf32noslfn.a(FS_Core.o)
                0x00005b7c                FS_STORAGE_Init
 .text.FS__MkDir
                0x00005ba4       0x24 .\emFile_V322c\LinkLibrary\PSoC5\GCC\libemf32noslfn.a(FS_Dir.o)
                0x00005ba4                FS__MkDir
 .text.FS_MkDir
                0x00005bc8        0x4 .\emFile_V322c\LinkLibrary\PSoC5\GCC\libemf32noslfn.a(FS_Dir.o)
                0x00005bc8                FS_MkDir
 .text._ClrBusyLED
                0x00005bcc        0xc .\emFile_V322c\LinkLibrary\PSoC5\GCC\libemf32noslfn.a(FS_LogBlock.o)
 .text._SetBusyLED
                0x00005bd8        0xc .\emFile_V322c\LinkLibrary\PSoC5\GCC\libemf32noslfn.a(FS_LogBlock.o)
 .text._Read    0x00005be4        0xc .\emFile_V322c\LinkLibrary\PSoC5\GCC\libemf32noslfn.a(FS_LogBlock.o)
 .text._Write   0x00005bf0       0x12 .\emFile_V322c\LinkLibrary\PSoC5\GCC\libemf32noslfn.a(FS_LogBlock.o)
 .text.FS_LB_GetStatus
                0x00005c02        0xc .\emFile_V322c\LinkLibrary\PSoC5\GCC\libemf32noslfn.a(FS_LogBlock.o)
                0x00005c02                FS_LB_GetStatus
 .text.FS_LB_InitMedium
                0x00005c0e       0x1a .\emFile_V322c\LinkLibrary\PSoC5\GCC\libemf32noslfn.a(FS_LogBlock.o)
                0x00005c0e                FS_LB_InitMedium
 .text.FS_LB_InitMediumIfRequired
                0x00005c28       0x10 .\emFile_V322c\LinkLibrary\PSoC5\GCC\libemf32noslfn.a(FS_LogBlock.o)
                0x00005c28                FS_LB_InitMediumIfRequired
 .text.FS_LB_ReadDevice
                0x00005c38       0x2e .\emFile_V322c\LinkLibrary\PSoC5\GCC\libemf32noslfn.a(FS_LogBlock.o)
                0x00005c38                FS_LB_ReadDevice
 .text.FS_LB_ReadPart
                0x00005c66        0xe .\emFile_V322c\LinkLibrary\PSoC5\GCC\libemf32noslfn.a(FS_LogBlock.o)
                0x00005c66                FS_LB_ReadPart
 .text.FS_LB_WriteBurst
                0x00005c74       0x30 .\emFile_V322c\LinkLibrary\PSoC5\GCC\libemf32noslfn.a(FS_LogBlock.o)
                0x00005c74                FS_LB_WriteBurst
 .text.FS_LB_WriteBurstPart
                0x00005ca4       0x14 .\emFile_V322c\LinkLibrary\PSoC5\GCC\libemf32noslfn.a(FS_LogBlock.o)
                0x00005ca4                FS_LB_WriteBurstPart
 .text.FS_LB_WriteMultiple
                0x00005cb8       0x30 .\emFile_V322c\LinkLibrary\PSoC5\GCC\libemf32noslfn.a(FS_LogBlock.o)
                0x00005cb8                FS_LB_WriteMultiple
 .text.FS_LB_WriteMultiplePart
                0x00005ce8       0x14 .\emFile_V322c\LinkLibrary\PSoC5\GCC\libemf32noslfn.a(FS_LogBlock.o)
                0x00005ce8                FS_LB_WriteMultiplePart
 .text.FS_LB_WriteDevice
                0x00005cfc       0x36 .\emFile_V322c\LinkLibrary\PSoC5\GCC\libemf32noslfn.a(FS_LogBlock.o)
                0x00005cfc                FS_LB_WriteDevice
 .text.FS_LB_WritePart
                0x00005d32        0xe .\emFile_V322c\LinkLibrary\PSoC5\GCC\libemf32noslfn.a(FS_LogBlock.o)
                0x00005d32                FS_LB_WritePart
 .text.FS_LB_Ioctl
                0x00005d40       0x2a .\emFile_V322c\LinkLibrary\PSoC5\GCC\libemf32noslfn.a(FS_LogBlock.o)
                0x00005d40                FS_LB_Ioctl
 .text.FS_GetSectorSize
                0x00005d6a       0x28 .\emFile_V322c\LinkLibrary\PSoC5\GCC\libemf32noslfn.a(FS_LogBlock.o)
                0x00005d6a                FS_GetSectorSize
 .text.FS_LB_GetDeviceInfo
                0x00005d92       0x26 .\emFile_V322c\LinkLibrary\PSoC5\GCC\libemf32noslfn.a(FS_LogBlock.o)
                0x00005d92                FS_LB_GetDeviceInfo
 .text.FS_memcpy
                0x00005db8      0x120 .\emFile_V322c\LinkLibrary\PSoC5\GCC\libemf32noslfn.a(FS_memcpy.o)
                0x00005db8                FS_memcpy
 .text._CalcSizeInKB
                0x00005ed8       0x14 .\emFile_V322c\LinkLibrary\PSoC5\GCC\libemf32noslfn.a(FS_Misc.o)
 .text.FS__AllocSectorBuffer
                0x00005eec       0x2c .\emFile_V322c\LinkLibrary\PSoC5\GCC\libemf32noslfn.a(FS_Misc.o)
                0x00005eec                FS__AllocSectorBuffer
 .text.FS__FreeSectorBuffer
                0x00005f18       0x28 .\emFile_V322c\LinkLibrary\PSoC5\GCC\libemf32noslfn.a(FS_Misc.o)
                0x00005f18                FS__FreeSectorBuffer
 .text.FS__SB_MarkDirty
                0x00005f40        0x6 .\emFile_V322c\LinkLibrary\PSoC5\GCC\libemf32noslfn.a(FS_Misc.o)
                0x00005f40                FS__SB_MarkDirty
 .text.FS__SB_MarkNotDirty
                0x00005f46        0x6 .\emFile_V322c\LinkLibrary\PSoC5\GCC\libemf32noslfn.a(FS_Misc.o)
                0x00005f46                FS__SB_MarkNotDirty
 .text.FS__FreeFileHandle
                0x00005f4c        0xa .\emFile_V322c\LinkLibrary\PSoC5\GCC\libemf32noslfn.a(FS_Misc.o)
                0x00005f4c                FS__FreeFileHandle
 .text.FS__FreeFileObj
                0x00005f56        0xc .\emFile_V322c\LinkLibrary\PSoC5\GCC\libemf32noslfn.a(FS_Misc.o)
                0x00005f56                FS__FreeFileObj
 .text.FS__CalcSizeInBytes
                0x00005f62       0x20 .\emFile_V322c\LinkLibrary\PSoC5\GCC\libemf32noslfn.a(FS_Misc.o)
                0x00005f62                FS__CalcSizeInBytes
 *fill*         0x00005f82        0x2 
 .text.FS_SetFileWriteMode
                0x00005f84        0xc .\emFile_V322c\LinkLibrary\PSoC5\GCC\libemf32noslfn.a(FS_Misc.o)
                0x00005f84                FS_SetFileWriteMode
 .text.FS_Init  0x00005f90       0x58 .\emFile_V322c\LinkLibrary\PSoC5\GCC\libemf32noslfn.a(FS_Misc.o)
                0x00005f90                FS_Init
 .text.FS__SB_Create
                0x00005fe8       0x28 .\emFile_V322c\LinkLibrary\PSoC5\GCC\libemf32noslfn.a(FS_Misc.o)
                0x00005fe8                FS__SB_Create
 .text.FS__FCloseNL
                0x00006010       0x1e .\emFile_V322c\LinkLibrary\PSoC5\GCC\libemf32noslfn.a(FS_Misc.o)
                0x00006010                FS__FCloseNL
 .text.FS__FClose
                0x0000602e       0x1a .\emFile_V322c\LinkLibrary\PSoC5\GCC\libemf32noslfn.a(FS_Misc.o)
                0x0000602e                FS__FClose
 .text.FS_FClose
                0x00006048        0xa .\emFile_V322c\LinkLibrary\PSoC5\GCC\libemf32noslfn.a(FS_Misc.o)
                0x00006048                FS_FClose
 *fill*         0x00006052        0x2 
 .text.FS__AllocFileObj
                0x00006054       0x48 .\emFile_V322c\LinkLibrary\PSoC5\GCC\libemf32noslfn.a(FS_Misc.o)
                0x00006054                FS__AllocFileObj
 .text.FS__AllocFileHandle
                0x0000609c       0x40 .\emFile_V322c\LinkLibrary\PSoC5\GCC\libemf32noslfn.a(FS_Misc.o)
                0x0000609c                FS__AllocFileHandle
 .text.FS__OpenEx
                0x000060dc       0x58 .\emFile_V322c\LinkLibrary\PSoC5\GCC\libemf32noslfn.a(FS_Misc.o)
                0x000060dc                FS__OpenEx
 .text.FS__FOpenEx
                0x00006134       0x56 .\emFile_V322c\LinkLibrary\PSoC5\GCC\libemf32noslfn.a(FS_Misc.o)
                0x00006134                FS__FOpenEx
 *fill*         0x0000618a        0x2 
 .text.FS__FOpen
                0x0000618c       0x48 .\emFile_V322c\LinkLibrary\PSoC5\GCC\libemf32noslfn.a(FS_Misc.o)
                0x0000618c                FS__FOpen
 .text.FS_FOpen
                0x000061d4        0x4 .\emFile_V322c\LinkLibrary\PSoC5\GCC\libemf32noslfn.a(FS_Misc.o)
                0x000061d4                FS_FOpen
 .text.FS__SB_Write
                0x000061d8       0x24 .\emFile_V322c\LinkLibrary\PSoC5\GCC\libemf32noslfn.a(FS_Misc.o)
                0x000061d8                FS__SB_Write
 .text._SB_Clean
                0x000061fc       0x24 .\emFile_V322c\LinkLibrary\PSoC5\GCC\libemf32noslfn.a(FS_Misc.o)
 .text.FS__SB_SetSector
                0x00006220       0x20 .\emFile_V322c\LinkLibrary\PSoC5\GCC\libemf32noslfn.a(FS_Misc.o)
                0x00006220                FS__SB_SetSector
 .text.FS__SB_MarkValid
                0x00006240       0x10 .\emFile_V322c\LinkLibrary\PSoC5\GCC\libemf32noslfn.a(FS_Misc.o)
                0x00006240                FS__SB_MarkValid
 .text.FS__SB_Clean
                0x00006250        0x4 .\emFile_V322c\LinkLibrary\PSoC5\GCC\libemf32noslfn.a(FS_Misc.o)
                0x00006250                FS__SB_Clean
 .text.FS__SB_Delete
                0x00006254       0x12 .\emFile_V322c\LinkLibrary\PSoC5\GCC\libemf32noslfn.a(FS_Misc.o)
                0x00006254                FS__SB_Delete
 .text.FS__SB_Flush
                0x00006266        0x8 .\emFile_V322c\LinkLibrary\PSoC5\GCC\libemf32noslfn.a(FS_Misc.o)
                0x00006266                FS__SB_Flush
 .text.FS__SB_Read
                0x0000626e       0x2a .\emFile_V322c\LinkLibrary\PSoC5\GCC\libemf32noslfn.a(FS_Misc.o)
                0x0000626e                FS__SB_Read
 .text.FS__AddPhysDevice
                0x00006298       0x10 .\emFile_V322c\LinkLibrary\PSoC5\GCC\libemf32noslfn.a(FS_Storage.o)
                0x00006298                FS__AddPhysDevice
 .text.FS_GetNumVolumes
                0x000062a8        0xc .\emFile_V322c\LinkLibrary\PSoC5\GCC\libemf32noslfn.a(FS_Storage.o)
                0x000062a8                FS_GetNumVolumes
 .text.FS__FindVolume
                0x000062b4       0x78 .\emFile_V322c\LinkLibrary\PSoC5\GCC\libemf32noslfn.a(FS_Storage.o)
                0x000062b4                FS__FindVolume
 .text.FS__AddDevice
                0x0000632c       0x68 .\emFile_V322c\LinkLibrary\PSoC5\GCC\libemf32noslfn.a(FS_Storage.o)
                0x0000632c                FS__AddDevice
 .text.FS_AddDevice
                0x00006394        0x4 .\emFile_V322c\LinkLibrary\PSoC5\GCC\libemf32noslfn.a(FS_Storage.o)
                0x00006394                FS_AddDevice
 .text.FS__IoCtlNL
                0x00006398       0x36 .\emFile_V322c\LinkLibrary\PSoC5\GCC\libemf32noslfn.a(FS_Storage.o)
                0x00006398                FS__IoCtlNL
 .text.FS__IoCtl
                0x000063ce        0xa .\emFile_V322c\LinkLibrary\PSoC5\GCC\libemf32noslfn.a(FS_Storage.o)
                0x000063ce                FS__IoCtl
 .text.FS__STORAGE_Sync
                0x000063d8       0x10 .\emFile_V322c\LinkLibrary\PSoC5\GCC\libemf32noslfn.a(FS_Storage.o)
                0x000063d8                FS__STORAGE_Sync
 .text.FS__UnmountForcedNL
                0x000063e8       0x54 .\emFile_V322c\LinkLibrary\PSoC5\GCC\libemf32noslfn.a(FS_Unmount.o)
                0x000063e8                FS__UnmountForcedNL
 .text.FS__UnmountForced
                0x0000643c        0x4 .\emFile_V322c\LinkLibrary\PSoC5\GCC\libemf32noslfn.a(FS_Unmount.o)
                0x0000643c                FS__UnmountForced
 .text.FS__Unmount
                0x00006440       0x60 .\emFile_V322c\LinkLibrary\PSoC5\GCC\libemf32noslfn.a(FS_Unmount.o)
                0x00006440                FS__Unmount
 .text.FS_Unmount
                0x000064a0       0x14 .\emFile_V322c\LinkLibrary\PSoC5\GCC\libemf32noslfn.a(FS_Unmount.o)
                0x000064a0                FS_Unmount
 .text.FS__Sync
                0x000064b4       0x40 .\emFile_V322c\LinkLibrary\PSoC5\GCC\libemf32noslfn.a(FS_Volume.o)
                0x000064b4                FS__Sync
 .text.FS_Sync  0x000064f4       0x16 .\emFile_V322c\LinkLibrary\PSoC5\GCC\libemf32noslfn.a(FS_Volume.o)
                0x000064f4                FS_Sync
 .text._Mount   0x0000650a       0x2e .\emFile_V322c\LinkLibrary\PSoC5\GCC\libemf32noslfn.a(FS_Volume.o)
 .text.FS__AutoMount
                0x00006538       0x14 .\emFile_V322c\LinkLibrary\PSoC5\GCC\libemf32noslfn.a(FS_Volume.o)
                0x00006538                FS__AutoMount
 .text._GetVolumeInfoEx
                0x0000654c       0x30 .\emFile_V322c\LinkLibrary\PSoC5\GCC\libemf32noslfn.a(FS_Volume.o)
 .text.FS__GetVolumeInfoEx
                0x0000657c       0x24 .\emFile_V322c\LinkLibrary\PSoC5\GCC\libemf32noslfn.a(FS_Volume.o)
                0x0000657c                FS__GetVolumeInfoEx
 .text.FS_GetVolumeSize
                0x000065a0       0x28 .\emFile_V322c\LinkLibrary\PSoC5\GCC\libemf32noslfn.a(FS_Volume.o)
                0x000065a0                FS_GetVolumeSize
 .text.FS__Write
                0x000065c8       0x3a .\emFile_V322c\LinkLibrary\PSoC5\GCC\libemf32noslfn.a(FS_Write.o)
                0x000065c8                FS__Write
 .text.FS_Write
                0x00006602        0x4 .\emFile_V322c\LinkLibrary\PSoC5\GCC\libemf32noslfn.a(FS_Write.o)
                0x00006602                FS_Write
 *fill*         0x00006606        0x2 
 .text.FS_FAT_CreateDirEx
                0x00006608      0x110 .\emFile_V322c\LinkLibrary\PSoC5\GCC\libemf32noslfn.a(FAT_Dir.o)
                0x00006608                FS_FAT_CreateDirEx
 .text.FS_FAT_CreateDir
                0x00006718       0x64 .\emFile_V322c\LinkLibrary\PSoC5\GCC\libemf32noslfn.a(FAT_Dir.o)
                0x00006718                FS_FAT_CreateDir
 .text.FS_FAT_GetDirEntryInfo
                0x0000677c       0x90 .\emFile_V322c\LinkLibrary\PSoC5\GCC\libemf32noslfn.a(FAT_DirEntry.o)
                0x0000677c                FS_FAT_GetDirEntryInfo
 .text.FS_FAT_GetDiskInfo
                0x0000680c       0x84 .\emFile_V322c\LinkLibrary\PSoC5\GCC\libemf32noslfn.a(FAT_DiskInfo.o)
                0x0000680c                FS_FAT_GetDiskInfo
 .text.T.32     0x00006890      0x400 .\emFile_V322c\LinkLibrary\PSoC5\GCC\libemf32noslfn.a(FAT_Format.o)
 .text._AutoFormat
                0x00006c90       0x7c .\emFile_V322c\LinkLibrary\PSoC5\GCC\libemf32noslfn.a(FAT_Format.o)
 .text.FS_FAT_FormatEx
                0x00006d0c       0x74 .\emFile_V322c\LinkLibrary\PSoC5\GCC\libemf32noslfn.a(FAT_Format.o)
                0x00006d0c                FS_FAT_FormatEx
 .text._IsBPB   0x00006d80       0x1e .\emFile_V322c\LinkLibrary\PSoC5\GCC\libemf32noslfn.a(FS_Partition.o)
 .text._HasSignature
                0x00006d9e       0x18 .\emFile_V322c\LinkLibrary\PSoC5\GCC\libemf32noslfn.a(FS_Partition.o)
 .text._GetPartitionStartSector
                0x00006db6        0xc .\emFile_V322c\LinkLibrary\PSoC5\GCC\libemf32noslfn.a(FS_Partition.o)
 .text.FS__GetMediaStartSecEx
                0x00006dc2       0x6e .\emFile_V322c\LinkLibrary\PSoC5\GCC\libemf32noslfn.a(FS_Partition.o)
                0x00006dc2                FS__GetMediaStartSecEx
 .text.FS__LocatePartition
                0x00006e30       0x44 .\emFile_V322c\LinkLibrary\PSoC5\GCC\libemf32noslfn.a(FS_Partition.o)
                0x00006e30                FS__LocatePartition
 .text.FS_X_AddDevices
                0x00006e74       0x20 .\CortexM3\ARM_GCC_493\Debug\Node-Capybara.a(emFile_1_ConfigMMC_SPI.o)
                0x00006e74                FS_X_AddDevices
 .text.FS_X_GetTimeDate
                0x00006e94       0x58 .\CortexM3\ARM_GCC_493\Debug\Node-Capybara.a(emFile_1_ConfigMMC_SPI.o)
                0x00006e94                FS_X_GetTimeDate
 .text._CalcDataCRC16Dummy
                0x00006eec        0x6 .\emFile_V322c\LinkLibrary\PSoC5\GCC\libemf32noslfn.a(MMC_Drv.o)
 *fill*         0x00006ef2        0x2 
 .text._MMC_GetNumUnits
                0x00006ef4        0xc .\emFile_V322c\LinkLibrary\PSoC5\GCC\libemf32noslfn.a(MMC_Drv.o)
 .text._MMC_GetDriverName
                0x00006f00        0x8 .\emFile_V322c\LinkLibrary\PSoC5\GCC\libemf32noslfn.a(MMC_Drv.o)
 .text._MMC_GetStatus
                0x00006f08        0x4 .\emFile_V322c\LinkLibrary\PSoC5\GCC\libemf32noslfn.a(MMC_Drv.o)
 .text._CheckR1
                0x00006f0c       0x38 .\emFile_V322c\LinkLibrary\PSoC5\GCC\libemf32noslfn.a(MMC_Drv.o)
 .text._WaitToGetReady
                0x00006f44       0x26 .\emFile_V322c\LinkLibrary\PSoC5\GCC\libemf32noslfn.a(MMC_Drv.o)
 .text._SendEmptyCycles
                0x00006f6a       0x24 .\emFile_V322c\LinkLibrary\PSoC5\GCC\libemf32noslfn.a(MMC_Drv.o)
 *fill*         0x00006f8e        0x2 
 .text._MMC_AddDevice
                0x00006f90       0x2c .\emFile_V322c\LinkLibrary\PSoC5\GCC\libemf32noslfn.a(MMC_Drv.o)
 .text.T.53     0x00006fbc       0x14 .\emFile_V322c\LinkLibrary\PSoC5\GCC\libemf32noslfn.a(MMC_Drv.o)
 .text._GetFromCSD
                0x00006fd0       0x34 .\emFile_V322c\LinkLibrary\PSoC5\GCC\libemf32noslfn.a(MMC_Drv.o)
 .text._ExecCmdR1
                0x00007004       0x98 .\emFile_V322c\LinkLibrary\PSoC5\GCC\libemf32noslfn.a(MMC_Drv.o)
 .text._ReadCSD
                0x0000709c       0x86 .\emFile_V322c\LinkLibrary\PSoC5\GCC\libemf32noslfn.a(MMC_Drv.o)
 *fill*         0x00007122        0x2 
 .text._MMC_Read
                0x00007124      0x130 .\emFile_V322c\LinkLibrary\PSoC5\GCC\libemf32noslfn.a(MMC_Drv.o)
 .text._MMC_Write
                0x00007254      0x13c .\emFile_V322c\LinkLibrary\PSoC5\GCC\libemf32noslfn.a(MMC_Drv.o)
 .text._ApplyCSD
                0x00007390      0x228 .\emFile_V322c\LinkLibrary\PSoC5\GCC\libemf32noslfn.a(MMC_Drv.o)
 .text._MMC_Init
                0x000075b8      0x1c0 .\emFile_V322c\LinkLibrary\PSoC5\GCC\libemf32noslfn.a(MMC_Drv.o)
 .text._MMC_InitMedium
                0x00007778       0x28 .\emFile_V322c\LinkLibrary\PSoC5\GCC\libemf32noslfn.a(MMC_Drv.o)
 .text._MMC_IoCtl
                0x000077a0       0x60 .\emFile_V322c\LinkLibrary\PSoC5\GCC\libemf32noslfn.a(MMC_Drv.o)
 .text.emFile_1_Init
                0x00007800       0x64 .\CortexM3\ARM_GCC_493\Debug\Node-Capybara.a(emFile_1_MMC_HW_SPI.o)
 .text.emFile_1_ReadWriteSPI
                0x00007864       0x68 .\CortexM3\ARM_GCC_493\Debug\Node-Capybara.a(emFile_1_MMC_HW_SPI.o)
 .text.FS_MMC_HW_X_EnableCS
                0x000078cc       0x28 .\CortexM3\ARM_GCC_493\Debug\Node-Capybara.a(emFile_1_MMC_HW_SPI.o)
                0x000078cc                FS_MMC_HW_X_EnableCS
 .text.FS_MMC_HW_X_DisableCS
                0x000078f4       0x28 .\CortexM3\ARM_GCC_493\Debug\Node-Capybara.a(emFile_1_MMC_HW_SPI.o)
                0x000078f4                FS_MMC_HW_X_DisableCS
 .text.FS_MMC_HW_X_IsWriteProtected
                0x0000791c       0x2c .\CortexM3\ARM_GCC_493\Debug\Node-Capybara.a(emFile_1_MMC_HW_SPI.o)
                0x0000791c                FS_MMC_HW_X_IsWriteProtected
 .text.FS_MMC_HW_X_SetMaxSpeed
                0x00007948       0x88 .\CortexM3\ARM_GCC_493\Debug\Node-Capybara.a(emFile_1_MMC_HW_SPI.o)
                0x00007948                FS_MMC_HW_X_SetMaxSpeed
 .text.FS_MMC_HW_X_SetVoltage
                0x000079d0       0x68 .\CortexM3\ARM_GCC_493\Debug\Node-Capybara.a(emFile_1_MMC_HW_SPI.o)
                0x000079d0                FS_MMC_HW_X_SetVoltage
 .text.FS_MMC_HW_X_IsPresent
                0x00007a38       0x30 .\CortexM3\ARM_GCC_493\Debug\Node-Capybara.a(emFile_1_MMC_HW_SPI.o)
                0x00007a38                FS_MMC_HW_X_IsPresent
 .text.FS_MMC_HW_X_Read
                0x00007a68       0x34 .\CortexM3\ARM_GCC_493\Debug\Node-Capybara.a(emFile_1_MMC_HW_SPI.o)
                0x00007a68                FS_MMC_HW_X_Read
 .text.FS_MMC_HW_X_Write
                0x00007a9c       0x34 .\CortexM3\ARM_GCC_493\Debug\Node-Capybara.a(emFile_1_MMC_HW_SPI.o)
                0x00007a9c                FS_MMC_HW_X_Write
 .text.emFile_1_SPI0_Init
                0x00007ad0       0x30 .\CortexM3\ARM_GCC_493\Debug\Node-Capybara.a(emFile_1_SPI0.o)
                0x00007ad0                emFile_1_SPI0_Init
 .text.emFile_1_SPI0_Enable
                0x00007b00       0x60 .\CortexM3\ARM_GCC_493\Debug\Node-Capybara.a(emFile_1_SPI0.o)
                0x00007b00                emFile_1_SPI0_Enable
 .text.emFile_1_SPI0_Start
                0x00007b60       0x20 .\CortexM3\ARM_GCC_493\Debug\Node-Capybara.a(emFile_1_SPI0.o)
                0x00007b60                emFile_1_SPI0_Start
 .text.emFile_1_SPI0_EnableTxInt
                0x00007b80        0xc .\CortexM3\ARM_GCC_493\Debug\Node-Capybara.a(emFile_1_SPI0.o)
                0x00007b80                emFile_1_SPI0_EnableTxInt
 .text.emFile_1_SPI0_EnableRxInt
                0x00007b8c        0xc .\CortexM3\ARM_GCC_493\Debug\Node-Capybara.a(emFile_1_SPI0.o)
                0x00007b8c                emFile_1_SPI0_EnableRxInt
 .text.emFile_1_SPI0_ReadTxStatus
                0x00007b98       0x20 .\CortexM3\ARM_GCC_493\Debug\Node-Capybara.a(emFile_1_SPI0.o)
                0x00007b98                emFile_1_SPI0_ReadTxStatus
 .text.emFile_1_SPI0_ReadRxStatus
                0x00007bb8       0x20 .\CortexM3\ARM_GCC_493\Debug\Node-Capybara.a(emFile_1_SPI0.o)
                0x00007bb8                emFile_1_SPI0_ReadRxStatus
 .text.emFile_1_SPI0_WriteTxData
                0x00007bd8       0x34 .\CortexM3\ARM_GCC_493\Debug\Node-Capybara.a(emFile_1_SPI0.o)
                0x00007bd8                emFile_1_SPI0_WriteTxData
 .text.emFile_1_SPI0_ReadRxData
                0x00007c0c       0x20 .\CortexM3\ARM_GCC_493\Debug\Node-Capybara.a(emFile_1_SPI0.o)
                0x00007c0c                emFile_1_SPI0_ReadRxData
 .text.emFile_1_SPI0_ClearFIFO
                0x00007c2c       0x5c .\CortexM3\ARM_GCC_493\Debug\Node-Capybara.a(emFile_1_SPI0.o)
                0x00007c2c                emFile_1_SPI0_ClearFIFO
 .text.emFile_1_Clock_1_Start
                0x00007c88       0x34 .\CortexM3\ARM_GCC_493\Debug\Node-Capybara.a(emFile_1_Clock_1.o)
                0x00007c88                emFile_1_Clock_1_Start
 .text.emFile_1_Clock_1_Stop
                0x00007cbc       0x34 .\CortexM3\ARM_GCC_493\Debug\Node-Capybara.a(emFile_1_Clock_1.o)
                0x00007cbc                emFile_1_Clock_1_Stop
 .text.emFile_1_Clock_1_SetDividerRegister
                0x00007cf0      0x160 .\CortexM3\ARM_GCC_493\Debug\Node-Capybara.a(emFile_1_Clock_1.o)
                0x00007cf0                emFile_1_Clock_1_SetDividerRegister
 .text.emFile_1_Clock_1_GetDividerRegister
                0x00007e50       0x18 .\CortexM3\ARM_GCC_493\Debug\Node-Capybara.a(emFile_1_Clock_1.o)
                0x00007e50                emFile_1_Clock_1_GetDividerRegister
 .text.emFile_1_Clock_1_GetSourceRegister
                0x00007e68       0x20 .\CortexM3\ARM_GCC_493\Debug\Node-Capybara.a(emFile_1_Clock_1.o)
                0x00007e68                emFile_1_Clock_1_GetSourceRegister
 .text.emFile_1_SPI0_CS_Write
                0x00007e88       0x34 .\CortexM3\ARM_GCC_493\Debug\Node-Capybara.a(emFile_1_SPI0_CS.o)
                0x00007e88                emFile_1_SPI0_CS_Write
 .text.__errno  0x00007ebc        0xc d:/programming/cypress/psoc creator/4.0/psoc creator/import/gnu/arm/4.9.3/bin/../lib/gcc/arm-none-eabi/4.9.3/../../../../arm-none-eabi/lib/armv7-m\libg_nano.a(lib_a-errno.o)
                0x00007ebc                __errno
 .text.__libc_init_array
                0x00007ec8       0x4c d:/programming/cypress/psoc creator/4.0/psoc creator/import/gnu/arm/4.9.3/bin/../lib/gcc/arm-none-eabi/4.9.3/../../../../arm-none-eabi/lib/armv7-m\libg_nano.a(lib_a-init.o)
                0x00007ec8                __libc_init_array
 .text.memcpy   0x00007f14       0x16 d:/programming/cypress/psoc creator/4.0/psoc creator/import/gnu/arm/4.9.3/bin/../lib/gcc/arm-none-eabi/4.9.3/../../../../arm-none-eabi/lib/armv7-m\libg_nano.a(lib_a-memcpy.o)
                0x00007f14                memcpy
 .text.memset   0x00007f2a       0x10 d:/programming/cypress/psoc creator/4.0/psoc creator/import/gnu/arm/4.9.3/bin/../lib/gcc/arm-none-eabi/4.9.3/../../../../arm-none-eabi/lib/armv7-m\libg_nano.a(lib_a-memset.o)
                0x00007f2a                memset
 *(.plt)
 *(.gnu.warning)
 *(.glue_7t)
 .glue_7t       0x00000000        0x0 linker stubs
 *(.glue_7)
 .glue_7        0x00000000        0x0 linker stubs
 *(.vfp11_veneer)
 .vfp11_veneer  0x00000000        0x0 linker stubs
 *(.bootloader)
 *(.ARM.extab* .gnu.linkonce.armextab.*)
 *(.gcc_except_table)

.v4_bx          0x00007f3c        0x0
 .v4_bx         0x00000000        0x0 linker stubs

.iplt           0x00007f3c        0x0
 .iplt          0x00000000        0x0 d:/programming/cypress/psoc creator/4.0/psoc creator/import/gnu/arm/4.9.3/bin/../lib/gcc/arm-none-eabi/4.9.3/armv7-m/crtbegin.o

.eh_frame_hdr
 *(.eh_frame_hdr)

.eh_frame       0x00007f3c        0x4
 *(.eh_frame)
 .eh_frame      0x00007f3c        0x0 d:/programming/cypress/psoc creator/4.0/psoc creator/import/gnu/arm/4.9.3/bin/../lib/gcc/arm-none-eabi/4.9.3/armv7-m/crtbegin.o
 .eh_frame      0x00007f3c        0x4 d:/programming/cypress/psoc creator/4.0/psoc creator/import/gnu/arm/4.9.3/bin/../lib/gcc/arm-none-eabi/4.9.3/armv7-m/crtend.o
                0x00007f40                PROVIDE (__exidx_start, .)

.ARM.exidx
 *(.ARM.exidx* .gnu.linkonce.armexidx.*)
                0x00007f40                __exidx_end = .

.rodata         0x00007f40      0x540
 *(.rodata .rodata.* .gnu.linkonce.r.*)
 .rodata        0x00007f40       0x8c .\CortexM3\ARM_GCC_493\Debug\sd_manager.o
                0x00007f40                set_time_file
                0x00007f50                format_file
 .rodata        0x00007fcc       0x38 .\CortexM3\ARM_GCC_493\Debug\Node-Capybara.a(cyfitter_cfg.o)
 .rodata        0x00008004      0x160 .\CortexM3\ARM_GCC_493\Debug\Node-Capybara.a(CAN_1.o)
 .rodata        0x00008164       0x18 .\CortexM3\ARM_GCC_493\Debug\Node-Capybara.a(PGA_1.o)
 .rodata        0x0000817c       0x18 .\CortexM3\ARM_GCC_493\Debug\Node-Capybara.a(PGA_3.o)
 .rodata        0x00008194       0x18 .\CortexM3\ARM_GCC_493\Debug\Node-Capybara.a(PGA_4.o)
 .rodata        0x000081ac       0x98 .\emFile_V322c\LinkLibrary\PSoC5\GCC\libemf32noslfn.a(FAT_FormatSD.o)
 .rodata        0x00008244       0x10 .\emFile_V322c\LinkLibrary\PSoC5\GCC\libemf32noslfn.a(FAT_LFN.o)
                0x00008244                FAT_LFN_API
 .rodata        0x00008254       0x10 .\emFile_V322c\LinkLibrary\PSoC5\GCC\libemf32noslfn.a(FAT_Misc.o)
                0x00008254                FAT_SFN_API
 .rodata.str1.1
                0x00008264        0x3 .\emFile_V322c\LinkLibrary\PSoC5\GCC\libemf32noslfn.a(FAT_Open.o)
 *fill*         0x00008267        0x1 
 .rodata        0x00008268       0x78 .\emFile_V322c\LinkLibrary\PSoC5\GCC\libemf32noslfn.a(FS_Misc.o)
 .rodata.str1.1
                0x000082e0       0x30 .\emFile_V322c\LinkLibrary\PSoC5\GCC\libemf32noslfn.a(FS_Misc.o)
 .rodata        0x00008310       0x18 .\emFile_V322c\LinkLibrary\PSoC5\GCC\libemf32noslfn.a(FAT_Dir.o)
 .rodata        0x00008328       0x8c .\emFile_V322c\LinkLibrary\PSoC5\GCC\libemf32noslfn.a(FAT_Format.o)
                0x00008340                _acVolumeLabel
 .rodata.str1.1
                0x000083b4       0x24 .\emFile_V322c\LinkLibrary\PSoC5\GCC\libemf32noslfn.a(FAT_Format.o)
 .rodata        0x000083d8       0x68 .\emFile_V322c\LinkLibrary\PSoC5\GCC\libemf32noslfn.a(MMC_Drv.o)
                0x00008420                FS_MMC_SPI_Driver
 .rodata.str1.1
                0x00008440        0x4 .\emFile_V322c\LinkLibrary\PSoC5\GCC\libemf32noslfn.a(MMC_Drv.o)
 .rodata.str1.1
                0x00008444        0x2 d:/programming/cypress/psoc creator/4.0/psoc creator/import/gnu/arm/4.9.3/bin/../lib/gcc/arm-none-eabi/4.9.3/../../../../arm-none-eabi/lib/armv7-m\libg_nano.a(lib_a-impure.o)
                0x00008448                . = ALIGN (0x4)
 *fill*         0x00008446        0x2 
 *(.init)
 .init          0x00008448        0x4 d:/programming/cypress/psoc creator/4.0/psoc creator/import/gnu/arm/4.9.3/bin/../lib/gcc/arm-none-eabi/4.9.3/armv7-m/crti.o
                0x00008448                _init
 .init          0x0000844c        0x8 d:/programming/cypress/psoc creator/4.0/psoc creator/import/gnu/arm/4.9.3/bin/../lib/gcc/arm-none-eabi/4.9.3/armv7-m/crtn.o
                0x00008454                . = ALIGN (0x4)
                0x00008454                __preinit_array_start = .
 *(.preinit_array)
                0x00008454                __preinit_array_end = .
                0x00008454                . = ALIGN (0x4)
                0x00008454                __init_array_start = .
 *(SORT(.init_array.*))
 *(.init_array)
 .init_array    0x00008454        0x4 d:/programming/cypress/psoc creator/4.0/psoc creator/import/gnu/arm/4.9.3/bin/../lib/gcc/arm-none-eabi/4.9.3/armv7-m/crtbegin.o
 .init_array    0x00008458        0x4 .\CortexM3\ARM_GCC_493\Debug\Cm3Start.o
                0x0000845c                __init_array_end = .
                0x0000845c                . = ALIGN (0x4)
 *(.fini)
 .fini          0x0000845c        0x4 d:/programming/cypress/psoc creator/4.0/psoc creator/import/gnu/arm/4.9.3/bin/../lib/gcc/arm-none-eabi/4.9.3/armv7-m/crti.o
                0x0000845c                _fini
 .fini          0x00008460        0x8 d:/programming/cypress/psoc creator/4.0/psoc creator/import/gnu/arm/4.9.3/bin/../lib/gcc/arm-none-eabi/4.9.3/armv7-m/crtn.o
                0x00008468                . = ALIGN (0x4)
                0x00008468                __fini_array_start = .
 *(.fini_array)
 .fini_array    0x00008468        0x4 d:/programming/cypress/psoc creator/4.0/psoc creator/import/gnu/arm/4.9.3/bin/../lib/gcc/arm-none-eabi/4.9.3/armv7-m/crtbegin.o
 *(SORT(.fini_array.*))
                0x0000846c                __fini_array_end = .
                0x0000846c                . = ALIGN (0x4)
 *crtbegin.o(.ctors)
 *(EXCLUDE_FILE(*crtend.o) .ctors)
 *(SORT(.ctors.*))
 *crtend.o(.ctors)
                0x0000846c                . = ALIGN (0x4)
 *crtbegin.o(.dtors)
 *(EXCLUDE_FILE(*crtend.o) .dtors)
 *(SORT(.dtors.*))
 *crtend.o(.dtors)
                0x0000846c                . = ALIGN (0x4)
                0x0000846c                __cy_regions = .
                0x0000846c        0x4 LONG 0x8480 __cy_region_init_ram
                0x00008470        0x4 LONG 0x1fff8108 __cy_region_start_data
                0x00008474        0x4 LONG 0xd0 __cy_region_init_size_ram
                0x00008478        0x4 LONG 0x51e0 __cy_region_zero_size_ram
                0x0000847c                __cy_regions_end = .
                0x00008480                . = ALIGN (0x8)
 *fill*         0x0000847c        0x4 
                0x00008480                _etext = .

.cy_checksum_exclude
                0x00008480        0x0
 *(.cy_checksum_exclude)

.ramvectors     0x1fff8000      0x100
                0x1fff8000                __cy_region_start_ram = .
 *(.ramvectors)
 .ramvectors    0x1fff8000      0x100 .\CortexM3\ARM_GCC_493\Debug\Cm3Start.o
                0x1fff8000                CyRamVectors

.noinit         0x1fff8100        0x5
 *(.noinit)
 .noinit        0x1fff8100        0x4 .\CortexM3\ARM_GCC_493\Debug\Cm3Start.o
 .noinit        0x1fff8104        0x1 .\CortexM3\ARM_GCC_493\Debug\Node-Capybara.a(CyLib.o)
                0x1fff8104                CyResetStatus

.data           0x1fff8108       0xd0 load address 0x00008480
                0x1fff8108                __cy_region_start_data = .
 *(.jcr)
 .jcr           0x1fff8108        0x0 d:/programming/cypress/psoc creator/4.0/psoc creator/import/gnu/arm/4.9.3/bin/../lib/gcc/arm-none-eabi/4.9.3/armv7-m/crtbegin.o
 .jcr           0x1fff8108        0x4 d:/programming/cypress/psoc creator/4.0/psoc creator/import/gnu/arm/4.9.3/bin/../lib/gcc/arm-none-eabi/4.9.3/armv7-m/crtend.o
 *(.got.plt)
 *(.got)
 *(.shdata)
 *(.data .data.* .gnu.linkonce.d.*)
 .data          0x1fff810c        0x8 .\CortexM3\ARM_GCC_493\Debug\Node-Capybara.a(CyDmac.o)
 .data          0x1fff8114       0x10 .\CortexM3\ARM_GCC_493\Debug\Node-Capybara.a(CyLib.o)
                0x1fff8114                cydelay_freq_hz
                0x1fff8118                cydelay_freq_khz
                0x1fff811c                cydelay_freq_mhz
                0x1fff8120                cydelay_32k_ms
 .data          0x1fff8124       0x14 .\CortexM3\ARM_GCC_493\Debug\Node-Capybara.a(DVDAC_1.o)
 .data          0x1fff8138        0x1 .\CortexM3\ARM_GCC_493\Debug\Node-Capybara.a(DVDAC_1_DMA_dma.o)
                0x1fff8138                DVDAC_1_DMA_DmaHandle
 *fill*         0x1fff8139        0x3 
 .data          0x1fff813c       0x14 .\CortexM3\ARM_GCC_493\Debug\Node-Capybara.a(DVDAC_3.o)
 .data          0x1fff8150        0x1 .\CortexM3\ARM_GCC_493\Debug\Node-Capybara.a(DVDAC_3_DMA_dma.o)
                0x1fff8150                DVDAC_3_DMA_DmaHandle
 *fill*         0x1fff8151        0x3 
 .data          0x1fff8154       0x14 .\CortexM3\ARM_GCC_493\Debug\Node-Capybara.a(DVDAC_4.o)
 .data          0x1fff8168        0x1 .\CortexM3\ARM_GCC_493\Debug\Node-Capybara.a(DVDAC_4_DMA_dma.o)
                0x1fff8168                DVDAC_4_DMA_DmaHandle
 *fill*         0x1fff8169        0x3 
 .data          0x1fff816c        0x4 .\emFile_V322c\LinkLibrary\PSoC5\GCC\libemf32noslfn.a(FAT_Misc.o)
                0x1fff816c                FAT_pDirEntryAPI
 .data          0x1fff8170        0x4 .\emFile_V322c\LinkLibrary\PSoC5\GCC\libemf32noslfn.a(MMC_Drv.o)
 .data.impure_data
                0x1fff8174       0x60 d:/programming/cypress/psoc creator/4.0/psoc creator/import/gnu/arm/4.9.3/bin/../lib/gcc/arm-none-eabi/4.9.3/../../../../arm-none-eabi/lib/armv7-m\libg_nano.a(lib_a-impure.o)
 .data._impure_ptr
                0x1fff81d4        0x4 d:/programming/cypress/psoc creator/4.0/psoc creator/import/gnu/arm/4.9.3/bin/../lib/gcc/arm-none-eabi/4.9.3/../../../../arm-none-eabi/lib/armv7-m\libg_nano.a(lib_a-impure.o)
                0x1fff81d4                _impure_ptr
                0x1fff81d8                . = ALIGN (0x8)
 *(.ram)
                0x1fff81d8                _edata = .

.igot.plt       0x1fff81d8        0x0 load address 0x00008550
 .igot.plt      0x00000000        0x0 d:/programming/cypress/psoc creator/4.0/psoc creator/import/gnu/arm/4.9.3/bin/../lib/gcc/arm-none-eabi/4.9.3/armv7-m/crtbegin.o

.bss            0x1fff81d8     0x51e0 load address 0x00008550
                0x1fff81d8                PROVIDE (__bss_start__, .)
 *(.shbss)
 *(.bss .bss.* .gnu.linkonce.b.*)
 .bss           0x1fff81d8       0x1c d:/programming/cypress/psoc creator/4.0/psoc creator/import/gnu/arm/4.9.3/bin/../lib/gcc/arm-none-eabi/4.9.3/armv7-m/crtbegin.o
 .bss           0x1fff81f4        0x6 .\CortexM3\ARM_GCC_493\Debug\sd_manager.o
                0x1fff81f4                sd_ok
                0x1fff81f6                sd_head
                0x1fff81f8                sd_tail
 *fill*         0x1fff81fa        0x2 
 .bss           0x1fff81fc       0x10 .\CortexM3\ARM_GCC_493\Debug\speed_manager.o
 .bss           0x1fff820c        0x1 .\CortexM3\ARM_GCC_493\Debug\Node-Capybara.a(CAN_1.o)
                0x1fff820c                CAN_1_initVar
 .bss           0x1fff820d        0x1 .\CortexM3\ARM_GCC_493\Debug\Node-Capybara.a(power_comp.o)
                0x1fff820d                power_comp_initVar
 .bss           0x1fff820e        0x1 .\CortexM3\ARM_GCC_493\Debug\Node-Capybara.a(sd_timer.o)
                0x1fff820e                sd_timer_initVar
 .bss           0x1fff820f        0x1 .\CortexM3\ARM_GCC_493\Debug\Node-Capybara.a(Channel_1_Timer.o)
                0x1fff820f                Channel_1_Timer_initVar
 .bss           0x1fff8210        0x1 .\CortexM3\ARM_GCC_493\Debug\Node-Capybara.a(Comp_1.o)
                0x1fff8210                Comp_1_initVar
 .bss           0x1fff8211        0x2 .\CortexM3\ARM_GCC_493\Debug\Node-Capybara.a(DVDAC_1.o)
                0x1fff8211                DVDAC_1_initVar
 .bss           0x1fff8213        0x1 .\CortexM3\ARM_GCC_493\Debug\Node-Capybara.a(PGA_1.o)