Archive member included because of file (symbol)

.\CortexM3\ARM_GCC_493\Debug\Node-Beaver.a(cyfitter_cfg.o)
                              .\CortexM3\ARM_GCC_493\Debug\Cm3Start.o (cyfitter_cfg)
.\CortexM3\ARM_GCC_493\Debug\Node-Beaver.a(CyLib.o)
                              .\CortexM3\ARM_GCC_493\Debug\Cm3Start.o (CyResetStatus)
.\CortexM3\ARM_GCC_493\Debug\Node-Beaver.a(cyPm.o)
                              .\CortexM3\ARM_GCC_493\Debug\Node-Beaver.a(CyLib.o) (CyPmReadStatus)
.\CortexM3\ARM_GCC_493\Debug\Node-Beaver.a(CAN_1.o)
                              .\CortexM3\ARM_GCC_493\Debug\can_manager.o (CAN_1_Init)
.\CortexM3\ARM_GCC_493\Debug\Node-Beaver.a(CAN_1_INT.o)
                              .\CortexM3\ARM_GCC_493\Debug\Node-Beaver.a(CAN_1.o) (CAN_1_ISR)
.\CortexM3\ARM_GCC_493\Debug\Node-Beaver.a(CAN_1_TX_RX_func.o)
                              .\CortexM3\ARM_GCC_493\Debug\can_manager.o (CAN_1_SendMsg)
.\CortexM3\ARM_GCC_493\Debug\Node-Beaver.a(LED.o)
                              .\CortexM3\ARM_GCC_493\Debug\sd_manager.o (LED_Write)
.\CortexM3\ARM_GCC_493\Debug\Node-Beaver.a(USBUART_1.o)
                              .\CortexM3\ARM_GCC_493\Debug\usb_manager.o (USBUART_1_Start)
.\CortexM3\ARM_GCC_493\Debug\Node-Beaver.a(USBUART_1_cdc.o)
                              .\CortexM3\ARM_GCC_493\Debug\usb_manager.o (USBUART_1_DataIsReady)
.\CortexM3\ARM_GCC_493\Debug\Node-Beaver.a(USBUART_1_drv.o)
                              .\CortexM3\ARM_GCC_493\Debug\Node-Beaver.a(USBUART_1.o) (USBUART_1_EP)
.\CortexM3\ARM_GCC_493\Debug\Node-Beaver.a(USBUART_1_episr.o)
                              .\CortexM3\ARM_GCC_493\Debug\Node-Beaver.a(USBUART_1.o) (USBUART_1_EP_1_ISR)
.\CortexM3\ARM_GCC_493\Debug\Node-Beaver.a(USBUART_1_pm.o)
                              .\CortexM3\ARM_GCC_493\Debug\Node-Beaver.a(USBUART_1.o) (USBUART_1_DP_ISR)
.\CortexM3\ARM_GCC_493\Debug\Node-Beaver.a(USBUART_1_std.o)
                              .\CortexM3\ARM_GCC_493\Debug\Node-Beaver.a(USBUART_1_drv.o) (USBUART_1_HandleStandardRqst)
.\CortexM3\ARM_GCC_493\Debug\Node-Beaver.a(USBUART_1_vnd.o)
                              .\CortexM3\ARM_GCC_493\Debug\Node-Beaver.a(USBUART_1_drv.o) (USBUART_1_HandleVendorRqst)
.\CortexM3\ARM_GCC_493\Debug\Node-Beaver.a(USBUART_1_Dp.o)
                              .\CortexM3\ARM_GCC_493\Debug\Node-Beaver.a(USBUART_1.o) (USBUART_1_Dp_ClearInterrupt)
.\CortexM3\ARM_GCC_493\Debug\Node-Beaver.a(power_isr.o)
                              .\CortexM3\ARM_GCC_493\Debug\sd_manager.o (power_isr_StartEx)
.\CortexM3\ARM_GCC_493\Debug\Node-Beaver.a(rtc_i2c.o)
                              .\CortexM3\ARM_GCC_493\Debug\time_manager.o (rtc_i2c_Start)
.\CortexM3\ARM_GCC_493\Debug\Node-Beaver.a(rtc_i2c_INT.o)
                              .\CortexM3\ARM_GCC_493\Debug\Node-Beaver.a(rtc_i2c.o) (rtc_i2c_ISR)
.\CortexM3\ARM_GCC_493\Debug\Node-Beaver.a(rtc_i2c_PM.o)
                              .\CortexM3\ARM_GCC_493\Debug\Node-Beaver.a(rtc_i2c.o) (rtc_i2c_backup)
.\CortexM3\ARM_GCC_493\Debug\Node-Beaver.a(rtc_i2c_MASTER.o)
                              .\CortexM3\ARM_GCC_493\Debug\Node-Beaver.a(rtc_i2c.o) (rtc_i2c_mstrStatus)
.\CortexM3\ARM_GCC_493\Debug\Node-Beaver.a(time_refresh_isr.o)
                              .\CortexM3\ARM_GCC_493\Debug\time_manager.o (time_refresh_isr_StartEx)
.\CortexM3\ARM_GCC_493\Debug\Node-Beaver.a(millis_timer.o)
                              .\CortexM3\ARM_GCC_493\Debug\time_manager.o (millis_timer_Start)
.\CortexM3\ARM_GCC_493\Debug\Node-Beaver.a(time_refresh_timer.o)
                              .\CortexM3\ARM_GCC_493\Debug\time_manager.o (time_refresh_timer_Start)
.\CortexM3\ARM_GCC_493\Debug\Node-Beaver.a(power_comp.o)
                              .\CortexM3\ARM_GCC_493\Debug\sd_manager.o (power_comp_Start)
.\CortexM3\ARM_GCC_493\Debug\Node-Beaver.a(sd_timer.o)
                              .\CortexM3\ARM_GCC_493\Debug\sd_manager.o (sd_timer_Start)
.\CortexM3\ARM_GCC_493\Debug\Node-Beaver.a(sd_isr.o)
                              .\CortexM3\ARM_GCC_493\Debug\sd_manager.o (sd_isr_StartEx)
.\CortexM3\ARM_GCC_493\Debug\Node-Beaver.a(watchdog_timer.o)
                              .\CortexM3\ARM_GCC_493\Debug\time_manager.o (watchdog_timer_Start)
.\CortexM3\ARM_GCC_493\Debug\Node-Beaver.a(wdt_reset_isr.o)
                              .\CortexM3\ARM_GCC_493\Debug\time_manager.o (wdt_reset_isr_StartEx)
.\CortexM3\ARM_GCC_493\Debug\Node-Beaver.a(car_state_isr.o)
                              .\CortexM3\ARM_GCC_493\Debug\can_manager.o (car_state_isr_StartEx)
.\CortexM3\ARM_GCC_493\Debug\Node-Beaver.a(car_state_timer.o)
                              .\CortexM3\ARM_GCC_493\Debug\can_manager.o (car_state_timer_Start)
.\CortexM3\ARM_GCC_493\Debug\Node-Beaver.a(heartbeat_timer.o)
                              .\CortexM3\ARM_GCC_493\Debug\can_manager.o (heartbeat_timer_Start)
.\CortexM3\ARM_GCC_493\Debug\Node-Beaver.a(heartbeat_isr.o)
[...]
Memory Configuration

Name             Origin             Length             Attributes
rom              0x00000000         0x00040000         xr
ram              0x1fff8000         0x00010000         xrw
*default*        0x00000000         0xffffffff

Linker script and memory map

LOAD d:/programming/cypress/psoc creator/4.0/psoc creator/import/gnu/arm/4.9.3/bin/../lib/gcc/arm-none-eabi/4.9.3/armv7-m/crti.o
LOAD d:/programming/cypress/psoc creator/4.0/psoc creator/import/gnu/arm/4.9.3/bin/../lib/gcc/arm-none-eabi/4.9.3/armv7-m/crtbegin.o
LOAD d:/programming/cypress/psoc creator/4.0/psoc creator/import/gnu/arm/4.9.3/bin/../lib/gcc/arm-none-eabi/4.9.3/../../../../arm-none-eabi/lib/armv7-m/crt0.o
START GROUP
LOAD .\CortexM3\ARM_GCC_493\Debug\main.o
LOAD .\CortexM3\ARM_GCC_493\Debug\can_manager.o
LOAD .\CortexM3\ARM_GCC_493\Debug\sd_manager.o
LOAD .\CortexM3\ARM_GCC_493\Debug\usb_manager.o
LOAD .\CortexM3\ARM_GCC_493\Debug\time_manager.o
LOAD .\CortexM3\ARM_GCC_493\Debug\cymetadata.o
LOAD .\CortexM3\ARM_GCC_493\Debug\Cm3Start.o
LOAD .\CortexM3\ARM_GCC_493\Debug\Node-Beaver.a
LOAD D:\Programming\Cypress\PSoC Creator\4.0\PSoC Creator\psoc\content\cycomponentlibrary\CyComponentLibrary.cylib\CortexM3\ARM_GCC_493\Debug\CyComponentLibrary.a
LOAD .\emFile_V322c\LinkLibrary\PSoC5\GCC\libemf16noslfn.a
END GROUP
START GROUP
LOAD d:/programming/cypress/psoc creator/4.0/psoc creator/import/gnu/arm/4.9.3/bin/../lib/gcc/arm-none-eabi/4.9.3/armv7-m\libgcc.a
LOAD d:/programming/cypress/psoc creator/4.0/psoc creator/import/gnu/arm/4.9.3/bin/../lib/gcc/arm-none-eabi/4.9.3/../../../../arm-none-eabi/lib/armv7-m\libg_nano.a
LOAD d:/programming/cypress/psoc creator/4.0/psoc creator/import/gnu/arm/4.9.3/bin/../lib/gcc/arm-none-eabi/4.9.3/../../../../arm-none-eabi/lib/armv7-m\libc_nano.a
END GROUP
START GROUP
LOAD d:/programming/cypress/psoc creator/4.0/psoc creator/import/gnu/arm/4.9.3/bin/../lib/gcc/arm-none-eabi/4.9.3/armv7-m\libgcc.a
LOAD d:/programming/cypress/psoc creator/4.0/psoc creator/import/gnu/arm/4.9.3/bin/../lib/gcc/arm-none-eabi/4.9.3/../../../../arm-none-eabi/lib/armv7-m\libc_nano.a
END GROUP
LOAD d:/programming/cypress/psoc creator/4.0/psoc creator/import/gnu/arm/4.9.3/bin/../lib/gcc/arm-none-eabi/4.9.3/armv7-m/crtend.o
LOAD d:/programming/cypress/psoc creator/4.0/psoc creator/import/gnu/arm/4.9.3/bin/../lib/gcc/arm-none-eabi/4.9.3/armv7-m/crtn.o
START GROUP
LOAD d:/programming/cypress/psoc creator/4.0/psoc creator/import/gnu/arm/4.9.3/bin/../lib/gcc/arm-none-eabi/4.9.3/armv7-m\libgcc.a
LOAD d:/programming/cypress/psoc creator/4.0/psoc creator/import/gnu/arm/4.9.3/bin/../lib/gcc/arm-none-eabi/4.9.3/../../../../arm-none-eabi/lib/armv7-m\libc.a
LOAD d:/programming/cypress/psoc creator/4.0/psoc creator/import/gnu/arm/4.9.3/bin/../lib/gcc/arm-none-eabi/4.9.3/../../../../arm-none-eabi/lib/armv7-m\libnosys.a
END GROUP
                0x00000000                CY_APPL_ORIGIN = 0x0
                0x00000100                CY_FLASH_ROW_SIZE = 0x100
                0x00000020                CY_ECC_ROW_SIZE = 0x20
                0x00000000                CY_EE_IN_BTLDR = 0x0
                0x00000000                CY_APPL_LOADABLE = 0x0
                0x00000800                CY_EE_SIZE = 0x800
                0x00000001                CY_APPL_NUM = 0x1
                0x00000001                CY_APPL_MAX = 0x1
                0x00000040                CY_METADATA_SIZE = 0x40
                0x00000000                CY_APPL_LOADABLE = 0x0
                0x00000000                CY_CHECKSUM_EXCLUDE_SIZE = ALIGN (0x0, CY_FLASH_ROW_SIZE)
                0x1fffd358                PROVIDE (__cy_heap_start, _end)
                0x00000001                PROVIDE (__cy_region_num, ((__cy_regions_end - __cy_regions) / 0x10))
                0x20008000                PROVIDE (__cy_stack, (ORIGIN (ram) + 0x10000))
                0x20004000                PROVIDE (__cy_heap_end, (__cy_stack - 0x4000))

.cybootloader   0x00000000        0x0
 *(.cybootloader)
                0x00000000                appl1_start = CY_APPL_ORIGIN?CY_APPL_ORIGIN:ALIGN (CY_FLASH_ROW_SIZE)
                0x0001ff00                appl2_start = (appl1_start + ALIGN ((((0x40000 - appl1_start) - (0x2 * CY_FLASH_ROW_SIZE)) / 0x2), CY_FLASH_ROW_SIZE))
                0x00000000                appl_start = (CY_APPL_NUM == 0x1)?appl1_start:appl2_start
                0x00000000                ecc_offset = ((appl_start / CY_FLASH_ROW_SIZE) * CY_ECC_ROW_SIZE)
                0x00000000                ee_offset = (CY_APPL_LOADABLE && ! (CY_EE_IN_BTLDR))?((CY_EE_SIZE / CY_APPL_MAX) * (CY_APPL_NUM - 0x1)):0x0
                0x00000800                ee_size = (CY_APPL_LOADABLE && ! (CY_EE_IN_BTLDR))?(CY_EE_SIZE / CY_APPL_MAX):CY_EE_SIZE
                0x00000000                PROVIDE (CY_ECC_OFFSET, ecc_offset)

.text           0x00000000     0x7266
 CREATE_OBJECT_SYMBOLS
                0x00000000                PROVIDE (__cy_interrupt_vector, RomVectors)
 *(.romvectors)
 .romvectors    0x00000000       0x10 .\CortexM3\ARM_GCC_493\Debug\Cm3Start.o
                0x00000000                RomVectors
                0x00000001                ASSERT ((. != __cy_interrupt_vector), No interrupt vector)
                0x00000001                ASSERT (CY_APPL_ORIGIN?(SIZEOF (.cybootloader) <= CY_APPL_ORIGIN):0x1, Wrong image location)
                0x00000010                PROVIDE (__cy_reset, Reset)
 *(.text.Reset)
 .text.Reset    0x00000010       0x18 .\CortexM3\ARM_GCC_493\Debug\Cm3Start.o
                0x00000010                Reset
                0x00000001                ASSERT ((. != __cy_reset), No reset code)
 *(.dma_init)
                0x00000001                ASSERT ((((appl_start + .) <= 0x10000) || 0x1), DMA Init must be within the first 64k of flash)
 *(.text .text.* .gnu.linkonce.t.*)
 .text          0x00000028       0x5c d:/programming/cypress/psoc creator/4.0/psoc creator/import/gnu/arm/4.9.3/bin/../lib/gcc/arm-none-eabi/4.9.3/armv7-m/crtbegin.o
 .text.main     0x00000084       0x48 .\CortexM3\ARM_GCC_493\Debug\main.o
                0x00000084                main
 .text.msg_recieve
                0x000000cc       0x28 .\CortexM3\ARM_GCC_493\Debug\main.o
                0x000000cc                msg_recieve
 .text.car_state_interrupt
                0x000000f4       0x44 .\CortexM3\ARM_GCC_493\Debug\can_manager.o
                0x000000f4                car_state_interrupt
 .text.heartbeat_interrupt
                0x00000138       0x30 .\CortexM3\ARM_GCC_493\Debug\can_manager.o
                0x00000138                heartbeat_interrupt
 .text.can_init
                0x00000168       0xc8 .\CortexM3\ARM_GCC_493\Debug\can_manager.o
                0x00000168                can_init
 .text.can_msg_init
                0x00000230      0x124 .\CortexM3\ARM_GCC_493\Debug\can_manager.o
                0x00000230                can_msg_init
 .text.can_process
                0x00000354      0x140 .\CortexM3\ARM_GCC_493\Debug\can_manager.o
                0x00000354                can_process
 .text.can_compare
                0x00000494      0x1d8 .\CortexM3\ARM_GCC_493\Debug\can_manager.o
                0x00000494                can_compare
 .text.can_test_receive
                0x0000066c       0x58 .\CortexM3\ARM_GCC_493\Debug\can_manager.o
                0x0000066c                can_test_receive
 .text.power_interrupt
                0x000006c4       0x1c .\CortexM3\ARM_GCC_493\Debug\sd_manager.o
                0x000006c4                power_interrupt
 .text.sd_interrupt
                0x000006e0        0xc .\CortexM3\ARM_GCC_493\Debug\sd_manager.o
                0x000006e0                sd_interrupt
 .text.sd_init  0x000006ec      0x140 .\CortexM3\ARM_GCC_493\Debug\sd_manager.o
                0x000006ec                sd_init
 .text.sd_write
                0x0000082c      0x160 .\CortexM3\ARM_GCC_493\Debug\sd_manager.o
                0x0000082c                sd_write
 .text.sd_buffer
                0x0000098c       0x38 .\CortexM3\ARM_GCC_493\Debug\sd_manager.o
                0x0000098c                sd_buffer
 .text.sd_stop  0x000009c4       0x28 .\CortexM3\ARM_GCC_493\Debug\sd_manager.o
                0x000009c4                sd_stop
 .text.sd_writetest
                0x000009ec       0x78 .\CortexM3\ARM_GCC_493\Debug\sd_manager.o
                0x000009ec                sd_writetest
 .text.usb_write
                0x00000a64       0x14 .\CortexM3\ARM_GCC_493\Debug\usb_manager.o
                0x00000a64                usb_write
 .text.time_get
                0x00000a78       0x34 .\CortexM3\ARM_GCC_493\Debug\time_manager.o
                0x00000a78                time_get
 .text.time_retreive
                0x00000aac      0x154 .\CortexM3\ARM_GCC_493\Debug\time_manager.o
                0x00000aac                time_retreive
 .text.IntDefaultHandler
                0x00000c00       0x14 .\CortexM3\ARM_GCC_493\Debug\Cm3Start.o
                0x00000c00                IntDefaultHandler
 .text._sbrk    0x00000c14       0x54 .\CortexM3\ARM_GCC_493\Debug\Cm3Start.o
                0x00000c14                _sbrk
 .text.Start_c  0x00000c68       0x98 .\CortexM3\ARM_GCC_493\Debug\Cm3Start.o
                0x00000c68                Start_c
 .text.initialize_psoc
                0x00000d00       0x8c .\CortexM3\ARM_GCC_493\Debug\Cm3Start.o
                0x00000d00                initialize_psoc
 .text.CYMEMZERO
                0x00000d8c       0x1c .\CortexM3\ARM_GCC_493\Debug\Node-Beaver.a(cyfitter_cfg.o)
 .text.CYCONFIGCPY
                0x00000da8       0x1c .\CortexM3\ARM_GCC_493\Debug\Node-Beaver.a(cyfitter_cfg.o)
 .text.CyClockStartupError
                0x00000dc4        0xc .\CortexM3\ARM_GCC_493\Debug\Node-Beaver.a(cyfitter_cfg.o)
 .text.cfg_write_bytes32
                0x00000dd0       0x74 .\CortexM3\ARM_GCC_493\Debug\Node-Beaver.a(cyfitter_cfg.o)
 .text.ClockSetup
                0x00000e44      0x130 .\CortexM3\ARM_GCC_493\Debug\Node-Beaver.a(cyfitter_cfg.o)
 .text.AnalogSetDefault
                0x00000f74       0x60 .\CortexM3\ARM_GCC_493\Debug\Node-Beaver.a(cyfitter_cfg.o)
 .text.cyfitter_cfg
                0x00000fd4      0x1b4 .\CortexM3\ARM_GCC_493\Debug\Node-Beaver.a(cyfitter_cfg.o)
                0x00000fd4                cyfitter_cfg
 .text.CyHalt   0x00001188       0x18 .\CortexM3\ARM_GCC_493\Debug\Node-Beaver.a(CyLib.o)
                0x00001188                CyHalt
 .text.CyDelay  0x000011a0       0x44 .\CortexM3\ARM_GCC_493\Debug\Node-Beaver.a(CyLib.o)
                0x000011a0                CyDelay
 .text.CyIntSetVector
                0x000011e4       0x50 .\CortexM3\ARM_GCC_493\Debug\Node-Beaver.a(CyLib.o)
                0x000011e4                CyIntSetVector
 .text.CyIntSetPriority
                0x00001234       0x44 .\CortexM3\ARM_GCC_493\Debug\Node-Beaver.a(CyLib.o)
                0x00001234                CyIntSetPriority
 .text.CAN_1_RxTxBuffersConfig
                0x00001278       0x80 .\CortexM3\ARM_GCC_493\Debug\Node-Beaver.a(CAN_1.o)
                0x00001278                CAN_1_RxTxBuffersConfig
 .text.CAN_1_Init
                0x000012f8      0x128 .\CortexM3\ARM_GCC_493\Debug\Node-Beaver.a(CAN_1.o)
                0x000012f8                CAN_1_Init
 .text.CAN_1_Enable
                0x00001420       0xa4 .\CortexM3\ARM_GCC_493\Debug\Node-Beaver.a(CAN_1.o)
                0x00001420                CAN_1_Enable
 .text.CAN_1_Start
                0x000014c4       0x3c .\CortexM3\ARM_GCC_493\Debug\Node-Beaver.a(CAN_1.o)
                0x000014c4                CAN_1_Start
 .text.CAN_1_GlobalIntEnable
                0x00001500       0x40 .\CortexM3\ARM_GCC_493\Debug\Node-Beaver.a(CAN_1.o)
                0x00001500                CAN_1_GlobalIntEnable
 .text.CAN_1_SetPreScaler
                0x00001540       0x44 .\CortexM3\ARM_GCC_493\Debug\Node-Beaver.a(CAN_1.o)
                0x00001540                CAN_1_SetPreScaler
 .text.CAN_1_SetArbiter
                0x00001584       0x6c .\CortexM3\ARM_GCC_493\Debug\Node-Beaver.a(CAN_1.o)
                0x00001584                CAN_1_SetArbiter
 .text.CAN_1_SetTsegSample
                0x000015f0       0xd4 .\CortexM3\ARM_GCC_493\Debug\Node-Beaver.a(CAN_1.o)
                0x000015f0                CAN_1_SetTsegSample
 .text.CAN_1_SetRestartType
                0x000016c4       0x6c .\CortexM3\ARM_GCC_493\Debug\Node-Beaver.a(CAN_1.o)
                0x000016c4                CAN_1_SetRestartType
 .text.CAN_1_SetEdgeMode
                0x00001730       0x6c .\CortexM3\ARM_GCC_493\Debug\Node-Beaver.a(CAN_1.o)
                0x00001730                CAN_1_SetEdgeMode
 .text.CAN_1_SetIrqMask
                0x0000179c       0x38 .\CortexM3\ARM_GCC_493\Debug\Node-Beaver.a(CAN_1.o)
                0x0000179c                CAN_1_SetIrqMask
 .text.CAN_1_RxBufConfig
                0x000017d4       0xec .\CortexM3\ARM_GCC_493\Debug\Node-Beaver.a(CAN_1.o)
                0x000017d4                CAN_1_RxBufConfig
 .text.CAN_1_TxBufConfig
                0x000018c0       0x88 .\CortexM3\ARM_GCC_493\Debug\Node-Beaver.a(CAN_1.o)
                0x000018c0                CAN_1_TxBufConfig
 .text.CAN_1_MsgRXIsr
                0x00001948       0x68 .\CortexM3\ARM_GCC_493\Debug\Node-Beaver.a(CAN_1_INT.o)
                0x00001948                CAN_1_MsgRXIsr
 .text.CAN_1_ISR
                0x000019b0       0x1c .\CortexM3\ARM_GCC_493\Debug\Node-Beaver.a(CAN_1_INT.o)
                0x000019b0                CAN_1_ISR
 .text.CAN_1_SendMsg
                0x000019cc      0x170 .\CortexM3\ARM_GCC_493\Debug\Node-Beaver.a(CAN_1_TX_RX_func.o)
                0x000019cc                CAN_1_SendMsg
 .text.CAN_1_ReceiveMsg
                0x00001b3c       0xd8 .\CortexM3\ARM_GCC_493\Debug\Node-Beaver.a(CAN_1_TX_RX_func.o)
                0x00001b3c                CAN_1_ReceiveMsg
 .text.LED_Write
                0x00001c14       0x34 .\CortexM3\ARM_GCC_493\Debug\Node-Beaver.a(LED.o)
                0x00001c14                LED_Write
 .text.power_isr_StartEx
                0x00001c48       0x24 .\CortexM3\ARM_GCC_493\Debug\Node-Beaver.a(power_isr.o)
                0x00001c48                power_isr_StartEx
 .text.power_isr_SetVector
                0x00001c6c       0x24 .\CortexM3\ARM_GCC_493\Debug\Node-Beaver.a(power_isr.o)
                0x00001c6c                power_isr_SetVector
 .text.power_isr_SetPriority
                0x00001c90       0x24 .\CortexM3\ARM_GCC_493\Debug\Node-Beaver.a(power_isr.o)
                0x00001c90                power_isr_SetPriority
 .text.power_isr_Enable
                0x00001cb4       0x18 .\CortexM3\ARM_GCC_493\Debug\Node-Beaver.a(power_isr.o)
                0x00001cb4                power_isr_Enable
 .text.power_isr_Disable
                0x00001ccc       0x18 .\CortexM3\ARM_GCC_493\Debug\Node-Beaver.a(power_isr.o)
                0x00001ccc                power_isr_Disable
 .text.power_isr_ClearPending
                0x00001ce4       0x18 .\CortexM3\ARM_GCC_493\Debug\Node-Beaver.a(power_isr.o)
                0x00001ce4                power_isr_ClearPending
 .text.rtc_i2c_MasterSendStart
                0x00001cfc       0xbc .\CortexM3\ARM_GCC_493\Debug\Node-Beaver.a(rtc_i2c_MASTER.o)
                0x00001cfc                rtc_i2c_MasterSendStart
 .text.rtc_i2c_MasterSendStop
                0x00001db8       0x58 .\CortexM3\ARM_GCC_493\Debug\Node-Beaver.a(rtc_i2c_MASTER.o)
                0x00001db8                rtc_i2c_MasterSendStop
 .text.rtc_i2c_MasterWriteByte
                0x00001e10       0x80 .\CortexM3\ARM_GCC_493\Debug\Node-Beaver.a(rtc_i2c_MASTER.o)
                0x00001e10                rtc_i2c_MasterWriteByte
 .text.rtc_i2c_MasterReadByte
                0x00001e90       0x7c .\CortexM3\ARM_GCC_493\Debug\Node-Beaver.a(rtc_i2c_MASTER.o)
                0x00001e90                rtc_i2c_MasterReadByte
 .text.millis_timer_ReadCounter
                0x00001f0c       0x20 .\CortexM3\ARM_GCC_493\Debug\Node-Beaver.a(millis_timer.o)
                0x00001f0c                millis_timer_ReadCounter
 .text.power_comp_Init
                0x00001f2c       0x64 .\CortexM3\ARM_GCC_493\Debug\Node-Beaver.a(power_comp.o)
                0x00001f2c                power_comp_Init
 .text.power_comp_Enable
                0x00001f90       0x34 .\CortexM3\ARM_GCC_493\Debug\Node-Beaver.a(power_comp.o)
                0x00001f90                power_comp_Enable
 .text.power_comp_Start
                0x00001fc4       0x20 .\CortexM3\ARM_GCC_493\Debug\Node-Beaver.a(power_comp.o)
                0x00001fc4                power_comp_Start
 .text.power_comp_SetSpeed
                0x00001fe4       0x80 .\CortexM3\ARM_GCC_493\Debug\Node-Beaver.a(power_comp.o)
                0x00001fe4                power_comp_SetSpeed
 .text.sd_timer_Init
                0x00002064       0x4c .\CortexM3\ARM_GCC_493\Debug\Node-Beaver.a(sd_timer.o)
                0x00002064                sd_timer_Init
 .text.sd_timer_Enable
                0x000020b0       0x20 .\CortexM3\ARM_GCC_493\Debug\Node-Beaver.a(sd_timer.o)
                0x000020b0                sd_timer_Enable
 .text.sd_timer_Start
                0x000020d0       0x20 .\CortexM3\ARM_GCC_493\Debug\Node-Beaver.a(sd_timer.o)
                0x000020d0                sd_timer_Start
 .text.sd_timer_SetInterruptMode
                0x000020f0       0x20 .\CortexM3\ARM_GCC_493\Debug\Node-Beaver.a(sd_timer.o)
                0x000020f0                sd_timer_SetInterruptMode
 .text.sd_timer_ReadStatusRegister
                0x00002110       0x18 .\CortexM3\ARM_GCC_493\Debug\Node-Beaver.a(sd_timer.o)
                0x00002110                sd_timer_ReadStatusRegister
 .text.sd_timer_WritePeriod
                0x00002128       0x1c .\CortexM3\ARM_GCC_493\Debug\Node-Beaver.a(sd_timer.o)
                0x00002128                sd_timer_WritePeriod
 .text.sd_timer_ReadCapture
                0x00002144       0x1c .\CortexM3\ARM_GCC_493\Debug\Node-Beaver.a(sd_timer.o)
                0x00002144                sd_timer_ReadCapture
 .text.sd_timer_WriteCounter
                0x00002160       0x1c .\CortexM3\ARM_GCC_493\Debug\Node-Beaver.a(sd_timer.o)
                0x00002160                sd_timer_WriteCounter
 .text.sd_timer_ClearFIFO
                0x0000217c       0x1c .\CortexM3\ARM_GCC_493\Debug\Node-Beaver.a(sd_timer.o)
                0x0000217c                sd_timer_ClearFIFO
 .text.sd_isr_StartEx
                0x00002198       0x24 .\CortexM3\ARM_GCC_493\Debug\Node-Beaver.a(sd_isr.o)
                0x00002198                sd_isr_StartEx
 .text.sd_isr_SetVector
                0x000021bc       0x24 .\CortexM3\ARM_GCC_493\Debug\Node-Beaver.a(sd_isr.o)
                0x000021bc                sd_isr_SetVector
 .text.sd_isr_SetPriority
                0x000021e0       0x24 .\CortexM3\ARM_GCC_493\Debug\Node-Beaver.a(sd_isr.o)
                0x000021e0                sd_isr_SetPriority
 .text.sd_isr_Enable
                0x00002204       0x18 .\CortexM3\ARM_GCC_493\Debug\Node-Beaver.a(sd_isr.o)
                0x00002204                sd_isr_Enable
 .text.sd_isr_Disable
                0x0000221c       0x18 .\CortexM3\ARM_GCC_493\Debug\Node-Beaver.a(sd_isr.o)
                0x0000221c                sd_isr_Disable
 .text.car_state_isr_StartEx
                0x00002234       0x24 .\CortexM3\ARM_GCC_493\Debug\Node-Beaver.a(car_state_isr.o)
                0x00002234                car_state_isr_StartEx
 .text.car_state_isr_SetVector
                0x00002258       0x24 .\CortexM3\ARM_GCC_493\Debug\Node-Beaver.a(car_state_isr.o)
                0x00002258                car_state_isr_SetVector
 .text.car_state_isr_SetPriority
                0x0000227c       0x24 .\CortexM3\ARM_GCC_493\Debug\Node-Beaver.a(car_state_isr.o)
                0x0000227c                car_state_isr_SetPriority
 .text.car_state_isr_Enable
                0x000022a0       0x18 .\CortexM3\ARM_GCC_493\Debug\Node-Beaver.a(car_state_isr.o)
                0x000022a0                car_state_isr_Enable
 .text.car_state_isr_Disable
                0x000022b8       0x18 .\CortexM3\ARM_GCC_493\Debug\Node-Beaver.a(car_state_isr.o)
                0x000022b8                car_state_isr_Disable
 .text.car_state_timer_Init
                0x000022d0       0x4c .\CortexM3\ARM_GCC_493\Debug\Node-Beaver.a(car_state_timer.o)
                0x000022d0                car_state_timer_Init
 .text.car_state_timer_Enable
                0x0000231c       0x20 .\CortexM3\ARM_GCC_493\Debug\Node-Beaver.a(car_state_timer.o)
                0x0000231c                car_state_timer_Enable
 .text.car_state_timer_Start
                0x0000233c       0x20 .\CortexM3\ARM_GCC_493\Debug\Node-Beaver.a(car_state_timer.o)
                0x0000233c                car_state_timer_Start
 .text.car_state_timer_SetInterruptMode
                0x0000235c       0x20 .\CortexM3\ARM_GCC_493\Debug\Node-Beaver.a(car_state_timer.o)
                0x0000235c                car_state_timer_SetInterruptMode
 .text.car_state_timer_ReadStatusRegister
                0x0000237c       0x18 .\CortexM3\ARM_GCC_493\Debug\Node-Beaver.a(car_state_timer.o)
                0x0000237c                car_state_timer_ReadStatusRegister
 .text.car_state_timer_WritePeriod
                0x00002394       0x20 .\CortexM3\ARM_GCC_493\Debug\Node-Beaver.a(car_state_timer.o)
                0x00002394                car_state_timer_WritePeriod
 .text.car_state_timer_ReadCapture
                0x000023b4       0x18 .\CortexM3\ARM_GCC_493\Debug\Node-Beaver.a(car_state_timer.o)
                0x000023b4                car_state_timer_ReadCapture
 .text.car_state_timer_WriteCounter
                0x000023cc       0x20 .\CortexM3\ARM_GCC_493\Debug\Node-Beaver.a(car_state_timer.o)
                0x000023cc                car_state_timer_WriteCounter
 .text.car_state_timer_ClearFIFO
                0x000023ec       0x1c .\CortexM3\ARM_GCC_493\Debug\Node-Beaver.a(car_state_timer.o)
                0x000023ec                car_state_timer_ClearFIFO
 .text.heartbeat_timer_Init
                0x00002408       0x4c .\CortexM3\ARM_GCC_493\Debug\Node-Beaver.a(heartbeat_timer.o)
                0x00002408                heartbeat_timer_Init
 .text.heartbeat_timer_Enable
                0x00002454       0x20 .\CortexM3\ARM_GCC_493\Debug\Node-Beaver.a(heartbeat_timer.o)
                0x00002454                heartbeat_timer_Enable
 .text.heartbeat_timer_Start
                0x00002474       0x20 .\CortexM3\ARM_GCC_493\Debug\Node-Beaver.a(heartbeat_timer.o)
                0x00002474                heartbeat_timer_Start
 .text.heartbeat_timer_SetInterruptMode
                0x00002494       0x20 .\CortexM3\ARM_GCC_493\Debug\Node-Beaver.a(heartbeat_timer.o)
                0x00002494                heartbeat_timer_SetInterruptMode
 .text.heartbeat_timer_ReadStatusRegister
                0x000024b4       0x18 .\CortexM3\ARM_GCC_493\Debug\Node-Beaver.a(heartbeat_timer.o)
                0x000024b4                heartbeat_timer_ReadStatusRegister
 .text.heartbeat_timer_WritePeriod
                0x000024cc       0x1c .\CortexM3\ARM_GCC_493\Debug\Node-Beaver.a(heartbeat_timer.o)
                0x000024cc                heartbeat_timer_WritePeriod
 .text.heartbeat_timer_ReadCapture
                0x000024e8       0x18 .\CortexM3\ARM_GCC_493\Debug\Node-Beaver.a(heartbeat_timer.o)
                0x000024e8                heartbeat_timer_ReadCapture
 .text.heartbeat_timer_WriteCounter
                0x00002500       0x1c .\CortexM3\ARM_GCC_493\Debug\Node-Beaver.a(heartbeat_timer.o)
                0x00002500                heartbeat_timer_WriteCounter
 .text.heartbeat_timer_ClearFIFO
                0x0000251c       0x1c .\CortexM3\ARM_GCC_493\Debug\Node-Beaver.a(heartbeat_timer.o)
                0x0000251c                heartbeat_timer_ClearFIFO
 .text.heartbeat_isr_StartEx
                0x00002538       0x24 .\CortexM3\ARM_GCC_493\Debug\Node-Beaver.a(heartbeat_isr.o)
                0x00002538                heartbeat_isr_StartEx
 .text.heartbeat_isr_SetVector
                0x0000255c       0x24 .\CortexM3\ARM_GCC_493\Debug\Node-Beaver.a(heartbeat_isr.o)
                0x0000255c                heartbeat_isr_SetVector
 .text.heartbeat_isr_SetPriority
                0x00002580       0x24 .\CortexM3\ARM_GCC_493\Debug\Node-Beaver.a(heartbeat_isr.o)
                0x00002580                heartbeat_isr_SetPriority
 .text.heartbeat_isr_Enable
                0x000025a4       0x18 .\CortexM3\ARM_GCC_493\Debug\Node-Beaver.a(heartbeat_isr.o)
                0x000025a4                heartbeat_isr_Enable
 .text.heartbeat_isr_Disable
                0x000025bc       0x18 .\CortexM3\ARM_GCC_493\Debug\Node-Beaver.a(heartbeat_isr.o)
                0x000025bc                heartbeat_isr_Disable
 *fill*         0x000025d4        0x4 
 .text          0x000025d8       0x20 .\CortexM3\ARM_GCC_493\Debug\Node-Beaver.a(CyBootAsmGnu.o)
                0x000025d8                CyDelayCycles
                0x000025e8                CyEnterCriticalSection
                0x000025f0                CyExitCriticalSection
 .text.CySetReg24
                0x000025f8       0x38 .\CortexM3\ARM_GCC_493\Debug\Node-Beaver.a(cyutils.o)
                0x000025f8                CySetReg24
 .text.FS__SD_Format
                0x00002630      0x26c .\emFile_V322c\LinkLibrary\PSoC5\GCC\libemf16noslfn.a(FAT_FormatSD.o)
                0x00002630                FS__SD_Format
 .text.FS_FormatSD
                0x0000289c       0x10 .\emFile_V322c\LinkLibrary\PSoC5\GCC\libemf16noslfn.a(FAT_FormatSD.o)
                0x0000289c                FS_FormatSD
 .text._CopyString
                0x000028ac       0x1c .\emFile_V322c\LinkLibrary\PSoC5\GCC\libemf16noslfn.a(FAT_LFN.o)
 .text._CalcNumChar
                0x000028c8       0x1e .\emFile_V322c\LinkLibrary\PSoC5\GCC\libemf16noslfn.a(FAT_LFN.o)
 .text._WriteName
                0x000028e6       0x32 .\emFile_V322c\LinkLibrary\PSoC5\GCC\libemf16noslfn.a(FAT_LFN.o)
 .text._ToUpper
                0x00002918       0x10 .\emFile_V322c\LinkLibrary\PSoC5\GCC\libemf16noslfn.a(FAT_LFN.o)
 .text._CompareChar
                0x00002928       0x44 .\emFile_V322c\LinkLibrary\PSoC5\GCC\libemf16noslfn.a(FAT_LFN.o)
 .text._CalcCheckSum
                0x0000296c       0x24 .\emFile_V322c\LinkLibrary\PSoC5\GCC\libemf16noslfn.a(FAT_LFN.o)
 .text._SetDirPosIndex
                0x00002990        0x8 .\emFile_V322c\LinkLibrary\PSoC5\GCC\libemf16noslfn.a(FAT_LFN.o)
 .text.FS_FAT_SupportLFN
                0x00002998       0x10 .\emFile_V322c\LinkLibrary\PSoC5\GCC\libemf16noslfn.a(FAT_LFN.o)
                0x00002998                FS_FAT_SupportLFN
 .text._LFN_DelLongEntry
                0x000029a8       0x5e .\emFile_V322c\LinkLibrary\PSoC5\GCC\libemf16noslfn.a(FAT_LFN.o)
 .text._CorrectTrail
                0x00002a06       0x28 .\emFile_V322c\LinkLibrary\PSoC5\GCC\libemf16noslfn.a(FAT_LFN.o)
 .text._CalcNumLongEntries
                0x00002a2e       0x16 .\emFile_V322c\LinkLibrary\PSoC5\GCC\libemf16noslfn.a(FAT_LFN.o)
 .text._ComputeLongDirEntry
                0x00002a44       0x88 .\emFile_V322c\LinkLibrary\PSoC5\GCC\libemf16noslfn.a(FAT_LFN.o)
 .text._LFN_FindDirEntry
                0x00002acc      0x146 .\emFile_V322c\LinkLibrary\PSoC5\GCC\libemf16noslfn.a(FAT_LFN.o)
 .text._GenerateShortEntry
                0x00002c12       0xce .\emFile_V322c\LinkLibrary\PSoC5\GCC\libemf16noslfn.a(FAT_LFN.o)
 .text._LFN_ReadDirEntryInfo
                0x00002ce0      0x1c6 .\emFile_V322c\LinkLibrary\PSoC5\GCC\libemf16noslfn.a(FAT_LFN.o)
 .text._LFN_CreateDirEntry
                0x00002ea6      0x2a4 .\emFile_V322c\LinkLibrary\PSoC5\GCC\libemf16noslfn.a(FAT_LFN.o)
 .text._ClusterId2FATOff
                0x0000314a       0x18 .\emFile_V322c\LinkLibrary\PSoC5\GCC\libemf16noslfn.a(FAT_Misc.o)
 .text._CalcLogClusterPos
                0x00003162        0xe .\emFile_V322c\LinkLibrary\PSoC5\GCC\libemf16noslfn.a(FAT_Misc.o)
 .text._ReadFromFreeClusterCache
                0x00003170       0x46 .\emFile_V322c\LinkLibrary\PSoC5\GCC\libemf16noslfn.a(FAT_Misc.o)
 .text.FS_FAT_GetFATType
                0x000031b6       0x1a .\emFile_V322c\LinkLibrary\PSoC5\GCC\libemf16noslfn.a(FAT_Misc.o)
                0x000031b6                FS_FAT_GetFATType
 .text.FS_FAT_ClusterId2SectorNo
                0x000031d0        0xc .\emFile_V322c\LinkLibrary\PSoC5\GCC\libemf16noslfn.a(FAT_Misc.o)
                0x000031d0                FS_FAT_ClusterId2SectorNo
 .text.FS_FAT_IsValidShortNameChar
                0x000031dc       0x34 .\emFile_V322c\LinkLibrary\PSoC5\GCC\libemf16noslfn.a(FAT_Misc.o)
                0x000031dc                FS_FAT_IsValidShortNameChar
 .text.FS_FAT_CopyShortName
                0x00003210       0x56 .\emFile_V322c\LinkLibrary\PSoC5\GCC\libemf16noslfn.a(FAT_Misc.o)
                0x00003210                FS_FAT_CopyShortName
 .text._SFN_CreateDirEntry
                0x00003266       0x5a .\emFile_V322c\LinkLibrary\PSoC5\GCC\libemf16noslfn.a(FAT_Misc.o)
 .text._SFN_FindDirEntry
                0x000032c0       0x10 .\emFile_V322c\LinkLibrary\PSoC5\GCC\libemf16noslfn.a(FAT_Misc.o)
 .text.FS_FAT_FindDirEntry
                0x000032d0       0x60 .\emFile_V322c\LinkLibrary\PSoC5\GCC\libemf16noslfn.a(FAT_Misc.o)
                0x000032d0                FS_FAT_FindDirEntry
 .text.FS_FAT_CopyDirEntryInfo
                0x00003330       0x50 .\emFile_V322c\LinkLibrary\PSoC5\GCC\libemf16noslfn.a(FAT_Misc.o)
                0x00003330                FS_FAT_CopyDirEntryInfo
 .text._SFN_ReadDirEntryInfo
                0x00003380       0x6e .\emFile_V322c\LinkLibrary\PSoC5\GCC\libemf16noslfn.a(FAT_Misc.o)
 .text._SetFATSector
                0x000033ee        0x6 .\emFile_V322c\LinkLibrary\PSoC5\GCC\libemf16noslfn.a(FAT_Misc.o)
 .text._WriteFATEntry
                0x000033f4      0x152 .\emFile_V322c\LinkLibrary\PSoC5\GCC\libemf16noslfn.a(FAT_Misc.o)
 .text.FS_FAT_MarkClusterEOC
                0x00003546        0x8 .\emFile_V322c\LinkLibrary\PSoC5\GCC\libemf16noslfn.a(FAT_Misc.o)
                0x00003546                FS_FAT_MarkClusterEOC
 .text.FS_FAT_SyncFAT
                0x0000354e       0x3c .\emFile_V322c\LinkLibrary\PSoC5\GCC\libemf16noslfn.a(FAT_Misc.o)
                0x0000354e                FS_FAT_SyncFAT
 .text.FS_FAT_LinkCluster
                0x0000358a       0x1c .\emFile_V322c\LinkLibrary\PSoC5\GCC\libemf16noslfn.a(FAT_Misc.o)
                0x0000358a                FS_FAT_LinkCluster
 .text.FS_FAT_ReadFATEntry
                0x000035a6       0xb2 .\emFile_V322c\LinkLibrary\PSoC5\GCC\libemf16noslfn.a(FAT_Misc.o)
                0x000035a6                FS_FAT_ReadFATEntry
 .text.FS_FAT_GetNumAdjClustersInChain
                0x00003658       0x64 .\emFile_V322c\LinkLibrary\PSoC5\GCC\libemf16noslfn.a(FAT_Misc.o)
                0x00003658                FS_FAT_GetNumAdjClustersInChain
 .text.FS_FAT_WalkClusterEx
                0x000036bc       0x5c .\emFile_V322c\LinkLibrary\PSoC5\GCC\libemf16noslfn.a(FAT_Misc.o)
                0x000036bc                FS_FAT_WalkClusterEx
 .text.FS_FAT_GotoCluster
                0x00003718       0x88 .\emFile_V322c\LinkLibrary\PSoC5\GCC\libemf16noslfn.a(FAT_Misc.o)
                0x00003718                FS_FAT_GotoCluster
 .text.FS_FAT_WalkCluster
                0x000037a0       0x18 .\emFile_V322c\LinkLibrary\PSoC5\GCC\libemf16noslfn.a(FAT_Misc.o)
                0x000037a0                FS_FAT_WalkCluster
 .text.FS_FAT_FindLastCluster
                0x000037b8       0x34 .\emFile_V322c\LinkLibrary\PSoC5\GCC\libemf16noslfn.a(FAT_Misc.o)
                0x000037b8                FS_FAT_FindLastCluster
 .text._CalcFreeClusterCnt
                0x000037ec       0x88 .\emFile_V322c\LinkLibrary\PSoC5\GCC\libemf16noslfn.a(FAT_Misc.o)
 .text.FS_FAT_FindFreeCluster
                0x00003874       0xa8 .\emFile_V322c\LinkLibrary\PSoC5\GCC\libemf16noslfn.a(FAT_Misc.o)
                0x00003874                FS_FAT_FindFreeCluster
 .text.FS_FAT_AllocCluster
                0x0000391c       0x20 .\emFile_V322c\LinkLibrary\PSoC5\GCC\libemf16noslfn.a(FAT_Misc.o)
                0x0000391c                FS_FAT_AllocCluster
 .text._WriteEmptyFATSectors
                0x0000393c       0x3c .\emFile_V322c\LinkLibrary\PSoC5\GCC\libemf16noslfn.a(FAT_Misc.o)
 .text.FS_FAT_FreeClusterChain
                0x00003978       0xe0 .\emFile_V322c\LinkLibrary\PSoC5\GCC\libemf16noslfn.a(FAT_Misc.o)
                0x00003978                FS_FAT_FreeClusterChain
 .text.FS_FAT_CheckBPB
                0x00003a58      0x14c .\emFile_V322c\LinkLibrary\PSoC5\GCC\libemf16noslfn.a(FAT_Misc.o)
                0x00003a58                FS_FAT_CheckBPB
 .text.FS_FAT_InitDirEntryScan
                0x00003ba4       0x14 .\emFile_V322c\LinkLibrary\PSoC5\GCC\libemf16noslfn.a(FAT_Open.o)
                0x00003ba4                FS_FAT_InitDirEntryScan
 .text.FS_FAT_IncDirPos
                0x00003bb8        0x8 .\emFile_V322c\LinkLibrary\PSoC5\GCC\libemf16noslfn.a(FAT_Open.o)
                0x00003bb8                FS_FAT_IncDirPos
 .text._CopyDirText
                0x00003bc0       0x44 .\emFile_V322c\LinkLibrary\PSoC5\GCC\libemf16noslfn.a(FAT_Open.o)
 .text.FS_FAT_Make83Name
                0x00003c04       0xb0 .\emFile_V322c\LinkLibrary\PSoC5\GCC\libemf16noslfn.a(FAT_Open.o)
                0x00003c04                FS_FAT_Make83Name
 .text.FS_FAT_GetDirEntry
                0x00003cb4       0xb2 .\emFile_V322c\LinkLibrary\PSoC5\GCC\libemf16noslfn.a(FAT_Open.o)
                0x00003cb4                FS_FAT_GetDirEntry
 .text.FS_FAT_FindDirEntryShortEx
                0x00003d66       0x5a .\emFile_V322c\LinkLibrary\PSoC5\GCC\libemf16noslfn.a(FAT_Open.o)
                0x00003d66                FS_FAT_FindDirEntryShortEx
 .text.FS_FAT_FindDirEntryShort
                0x00003dc0       0x36 .\emFile_V322c\LinkLibrary\PSoC5\GCC\libemf16noslfn.a(FAT_Open.o)
                0x00003dc0                FS_FAT_FindDirEntryShort
 .text.FS_FAT_FindEmptyDirEntry
                0x00003df6       0xb0 .\emFile_V322c\LinkLibrary\PSoC5\GCC\libemf16noslfn.a(FAT_Open.o)
                0x00003df6                FS_FAT_FindEmptyDirEntry
 .text.FS_FAT_GetFirstCluster
                0x00003ea6       0x1a .\emFile_V322c\LinkLibrary\PSoC5\GCC\libemf16noslfn.a(FAT_Open.o)
                0x00003ea6                FS_FAT_GetFirstCluster
 .text.FS_FAT_FindPath
                0x00003ec0       0x7a .\emFile_V322c\LinkLibrary\PSoC5\GCC\libemf16noslfn.a(FAT_Open.o)
                0x00003ec0                FS_FAT_FindPath
 .text.FS_FAT_DeleteFileOrDir
                0x00003f3a       0x48 .\emFile_V322c\LinkLibrary\PSoC5\GCC\libemf16noslfn.a(FAT_Open.o)
                0x00003f3a                FS_FAT_DeleteFileOrDir
 *fill*         0x00003f82        0x2 
 .text.FS_FAT_Open
                0x00003f84      0x1dc .\emFile_V322c\LinkLibrary\PSoC5\GCC\libemf16noslfn.a(FAT_Open.o)
                0x00003f84                FS_FAT_Open
 .text.FS_FAT_WriteDirEntryCluster
                0x00004160       0x1c .\emFile_V322c\LinkLibrary\PSoC5\GCC\libemf16noslfn.a(FAT_Open.o)
                0x00004160                FS_FAT_WriteDirEntryCluster
 .text.FS_FAT_WriteDirEntry83
                0x0000417c       0x6c .\emFile_V322c\LinkLibrary\PSoC5\GCC\libemf16noslfn.a(FAT_Open.o)
                0x0000417c                FS_FAT_WriteDirEntry83
 .text.FS_FAT_Clean
                0x000041e8        0x2 .\emFile_V322c\LinkLibrary\PSoC5\GCC\libemf16noslfn.a(FAT_Write.o)
                0x000041e8                FS_FAT_Clean
 .text._WriteBurst
                0x000041ea       0x24 .\emFile_V322c\LinkLibrary\PSoC5\GCC\libemf16noslfn.a(FAT_Write.o)
 *fill*         0x0000420e        0x2 
 .text.FS_FAT_GotoClusterAllocIfReq
                0x00004210       0xa8 .\emFile_V322c\LinkLibrary\PSoC5\GCC\libemf16noslfn.a(FAT_Write.o)
                0x00004210                FS_FAT_GotoClusterAllocIfReq
 .text.FS_FAT_UpdateDirEntry
                0x000042b8       0x68 .\emFile_V322c\LinkLibrary\PSoC5\GCC\libemf16noslfn.a(FAT_Write.o)
                0x000042b8                FS_FAT_UpdateDirEntry
 .text.FS_FAT_Close
                0x00004320       0x44 .\emFile_V322c\LinkLibrary\PSoC5\GCC\libemf16noslfn.a(FAT_Write.o)
                0x00004320                FS_FAT_Close
 .text.FS_FAT_Write
                0x00004364      0x1c8 .\emFile_V322c\LinkLibrary\PSoC5\GCC\libemf16noslfn.a(FAT_Write.o)
                0x00004364                FS_FAT_Write
 .text.FS__GetFileAttributes
                0x0000452c       0x38 .\emFile_V322c\LinkLibrary\PSoC5\GCC\libemf16noslfn.a(FS_Attrib.o)
                0x0000452c                FS__GetFileAttributes
 .text.FS_GetFileAttributes
                0x00004564        0x4 .\emFile_V322c\LinkLibrary\PSoC5\GCC\libemf16noslfn.a(FS_Attrib.o)
                0x00004564                FS_GetFileAttributes
 .text.FS__CLIB_memcmp
                0x00004568       0x20 .\emFile_V322c\LinkLibrary\PSoC5\GCC\libemf16noslfn.a(FS_CLib.o)
                0x00004568                FS__CLIB_memcmp
 .text.FS__CLIB_memset
                0x00004588       0x6c .\emFile_V322c\LinkLibrary\PSoC5\GCC\libemf16noslfn.a(FS_CLib.o)
                0x00004588                FS__CLIB_memset
 .text.FS__CLIB_strcmp
                0x000045f4       0x1a .\emFile_V322c\LinkLibrary\PSoC5\GCC\libemf16noslfn.a(FS_CLib.o)
                0x000045f4                FS__CLIB_strcmp
 .text.FS__CLIB_strlen
                0x0000460e       0x10 .\emFile_V322c\LinkLibrary\PSoC5\GCC\libemf16noslfn.a(FS_CLib.o)
                0x0000460e                FS__CLIB_strlen
 .text.FS__CLIB_strncmp
                0x0000461e       0x26 .\emFile_V322c\LinkLibrary\PSoC5\GCC\libemf16noslfn.a(FS_CLib.o)
                0x0000461e                FS__CLIB_strncmp
 .text.FS__CLIB_strncpy
                0x00004644       0x2e .\emFile_V322c\LinkLibrary\PSoC5\GCC\libemf16noslfn.a(FS_CLib.o)
                0x00004644                FS__CLIB_strncpy
 .text.FS__CLIB_toupper
                0x00004672        0xe .\emFile_V322c\LinkLibrary\PSoC5\GCC\libemf16noslfn.a(FS_CLib.o)
                0x00004672                FS__CLIB_toupper
 .text.FS__DivideU32Up
                0x00004680        0xa .\emFile_V322c\LinkLibrary\PSoC5\GCC\libemf16noslfn.a(FS_Core.o)
                0x00004680                FS__DivideU32Up
 .text.FS__strchr
                0x0000468a       0x14 .\emFile_V322c\LinkLibrary\PSoC5\GCC\libemf16noslfn.a(FS_Core.o)
                0x0000468a                FS__strchr
 .text.FS_LoadU32BE
                0x0000469e       0x18 .\emFile_V322c\LinkLibrary\PSoC5\GCC\libemf16noslfn.a(FS_Core.o)
                0x0000469e                FS_LoadU32BE
 .text.FS_LoadU32LE
                0x000046b6       0x16 .\emFile_V322c\LinkLibrary\PSoC5\GCC\libemf16noslfn.a(FS_Core.o)
                0x000046b6                FS_LoadU32LE
 .text.FS_StoreU32LE
                0x000046cc       0x14 .\emFile_V322c\LinkLibrary\PSoC5\GCC\libemf16noslfn.a(FS_Core.o)
                0x000046cc                FS_StoreU32LE
 .text.FS_StoreU16LE
                0x000046e0        0x8 .\emFile_V322c\LinkLibrary\PSoC5\GCC\libemf16noslfn.a(FS_Core.o)
                0x000046e0                FS_StoreU16LE
 .text.FS_LoadU16LE
                0x000046e8        0xa .\emFile_V322c\LinkLibrary\PSoC5\GCC\libemf16noslfn.a(FS_Core.o)
                0x000046e8                FS_LoadU16LE
 *fill*         0x000046f2        0x2 
 .text._Alloc   0x000046f4       0x30 .\emFile_V322c\LinkLibrary\PSoC5\GCC\libemf16noslfn.a(FS_Core.o)
 .text.FS_Alloc
                0x00004724        0xc .\emFile_V322c\LinkLibrary\PSoC5\GCC\libemf16noslfn.a(FS_Core.o)
                0x00004724                FS_Alloc
 .text.FS_TryAlloc
                0x00004730        0x4 .\emFile_V322c\LinkLibrary\PSoC5\GCC\libemf16noslfn.a(FS_Core.o)
                0x00004730                FS_TryAlloc
 .text.FS_Free  0x00004734       0x1c .\emFile_V322c\LinkLibrary\PSoC5\GCC\libemf16noslfn.a(FS_Core.o)
                0x00004734                FS_Free
 .text.FS_AssignMemory
                0x00004750        0xc .\emFile_V322c\LinkLibrary\PSoC5\GCC\libemf16noslfn.a(FS_Core.o)
                0x00004750                FS_AssignMemory
 .text.FS_AllocZeroed
                0x0000475c       0x16 .\emFile_V322c\LinkLibrary\PSoC5\GCC\libemf16noslfn.a(FS_Core.o)
                0x0000475c                FS_AllocZeroed
 *fill*         0x00004772        0x2 
 .text.FS_STORAGE_Init
                0x00004774       0x28 .\emFile_V322c\LinkLibrary\PSoC5\GCC\libemf16noslfn.a(FS_Core.o)
                0x00004774                FS_STORAGE_Init
 .text.FS__MkDir
                0x0000479c       0x24 .\emFile_V322c\LinkLibrary\PSoC5\GCC\libemf16noslfn.a(FS_Dir.o)
                0x0000479c                FS__MkDir
 .text.FS_MkDir
                0x000047c0        0x4 .\emFile_V322c\LinkLibrary\PSoC5\GCC\libemf16noslfn.a(FS_Dir.o)
                0x000047c0                FS_MkDir
 .text._ClrBusyLED
                0x000047c4        0xc .\emFile_V322c\LinkLibrary\PSoC5\GCC\libemf16noslfn.a(FS_LogBlock.o)
 .text._SetBusyLED
                0x000047d0        0xc .\emFile_V322c\LinkLibrary\PSoC5\GCC\libemf16noslfn.a(FS_LogBlock.o)
 .text._Read    0x000047dc        0xc .\emFile_V322c\LinkLibrary\PSoC5\GCC\libemf16noslfn.a(FS_LogBlock.o)
 .text._Write   0x000047e8       0x12 .\emFile_V322c\LinkLibrary\PSoC5\GCC\libemf16noslfn.a(FS_LogBlock.o)
 .text.FS_LB_GetStatus
                0x000047fa        0xc .\emFile_V322c\LinkLibrary\PSoC5\GCC\libemf16noslfn.a(FS_LogBlock.o)
                0x000047fa                FS_LB_GetStatus
 .text.FS_LB_InitMedium
                0x00004806       0x1a .\emFile_V322c\LinkLibrary\PSoC5\GCC\libemf16noslfn.a(FS_LogBlock.o)
                0x00004806                FS_LB_InitMedium
 .text.FS_LB_InitMediumIfRequired
                0x00004820       0x10 .\emFile_V322c\LinkLibrary\PSoC5\GCC\libemf16noslfn.a(FS_LogBlock.o)
                0x00004820                FS_LB_InitMediumIfRequired
 .text.FS_LB_ReadDevice
                0x00004830       0x2e .\emFile_V322c\LinkLibrary\PSoC5\GCC\libemf16noslfn.a(FS_LogBlock.o)
                0x00004830                FS_LB_ReadDevice
 .text.FS_LB_ReadPart
                0x0000485e        0xe .\emFile_V322c\LinkLibrary\PSoC5\GCC\libemf16noslfn.a(FS_LogBlock.o)
                0x0000485e                FS_LB_ReadPart
 .text.FS_LB_WriteBurst
                0x0000486c       0x30 .\emFile_V322c\LinkLibrary\PSoC5\GCC\libemf16noslfn.a(FS_LogBlock.o)
                0x0000486c                FS_LB_WriteBurst
 .text.FS_LB_WriteBurstPart
                0x0000489c       0x14 .\emFile_V322c\LinkLibrary\PSoC5\GCC\libemf16noslfn.a(FS_LogBlock.o)
                0x0000489c                FS_LB_WriteBurstPart
 .text.FS_LB_WriteMultiple
                0x000048b0       0x30 .\emFile_V322c\LinkLibrary\PSoC5\GCC\libemf16noslfn.a(FS_LogBlock.o)
                0x000048b0                FS_LB_WriteMultiple
 .text.FS_LB_WriteMultiplePart
                0x000048e0       0x14 .\emFile_V322c\LinkLibrary\PSoC5\GCC\libemf16noslfn.a(FS_LogBlock.o)
                0x000048e0                FS_LB_WriteMultiplePart
 .text.FS_LB_WriteDevice
                0x000048f4       0x36 .\emFile_V322c\LinkLibrary\PSoC5\GCC\libemf16noslfn.a(FS_LogBlock.o)
                0x000048f4                FS_LB_WriteDevice
 .text.FS_LB_WritePart
                0x0000492a        0xe .\emFile_V322c\LinkLibrary\PSoC5\GCC\libemf16noslfn.a(FS_LogBlock.o)
                0x0000492a                FS_LB_WritePart
 .text.FS_LB_Ioctl
                0x00004938       0x2a .\emFile_V322c\LinkLibrary\PSoC5\GCC\libemf16noslfn.a(FS_LogBlock.o)
                0x00004938                FS_LB_Ioctl
 .text.FS_GetSectorSize
                0x00004962       0x28 .\emFile_V322c\LinkLibrary\PSoC5\GCC\libemf16noslfn.a(FS_LogBlock.o)
                0x00004962                FS_GetSectorSize
 .text.FS_LB_GetDeviceInfo
                0x0000498a       0x26 .\emFile_V322c\LinkLibrary\PSoC5\GCC\libemf16noslfn.a(FS_LogBlock.o)
                0x0000498a                FS_LB_GetDeviceInfo
 .text.FS_memcpy
                0x000049b0      0x120 .\emFile_V322c\LinkLibrary\PSoC5\GCC\libemf16noslfn.a(FS_memcpy.o)
                0x000049b0                FS_memcpy
 .text.FS__AllocSectorBuffer
                0x00004ad0       0x2c .\emFile_V322c\LinkLibrary\PSoC5\GCC\libemf16noslfn.a(FS_Misc.o)
                0x00004ad0                FS__AllocSectorBuffer
 .text.FS__FreeSectorBuffer
                0x00004afc       0x28 .\emFile_V322c\LinkLibrary\PSoC5\GCC\libemf16noslfn.a(FS_Misc.o)
                0x00004afc                FS__FreeSectorBuffer
 .text.FS__SB_MarkDirty
                0x00004b24        0x6 .\emFile_V322c\LinkLibrary\PSoC5\GCC\libemf16noslfn.a(FS_Misc.o)
                0x00004b24                FS__SB_MarkDirty
 .text.FS__SB_MarkNotDirty
                0x00004b2a        0x6 .\emFile_V322c\LinkLibrary\PSoC5\GCC\libemf16noslfn.a(FS_Misc.o)
                0x00004b2a                FS__SB_MarkNotDirty
 .text.FS__FreeFileHandle
                0x00004b30        0xa .\emFile_V322c\LinkLibrary\PSoC5\GCC\libemf16noslfn.a(FS_Misc.o)
                0x00004b30                FS__FreeFileHandle
 .text.FS__FreeFileObj
                0x00004b3a        0xc .\emFile_V322c\LinkLibrary\PSoC5\GCC\libemf16noslfn.a(FS_Misc.o)
                0x00004b3a                FS__FreeFileObj
 *fill*         0x00004b46        0x2 
 .text.FS_SetFileWriteMode
                0x00004b48        0xc .\emFile_V322c\LinkLibrary\PSoC5\GCC\libemf16noslfn.a(FS_Misc.o)
                0x00004b48                FS_SetFileWriteMode
 .text.FS_Init  0x00004b54       0x58 .\emFile_V322c\LinkLibrary\PSoC5\GCC\libemf16noslfn.a(FS_Misc.o)
                0x00004b54                FS_Init
 .text.FS__SB_Create
                0x00004bac       0x28 .\emFile_V322c\LinkLibrary\PSoC5\GCC\libemf16noslfn.a(FS_Misc.o)
                0x00004bac                FS__SB_Create
 .text.FS__FCloseNL
                0x00004bd4       0x1e .\emFile_V322c\LinkLibrary\PSoC5\GCC\libemf16noslfn.a(FS_Misc.o)
                0x00004bd4                FS__FCloseNL
 .text.FS__FClose
                0x00004bf2       0x1a .\emFile_V322c\LinkLibrary\PSoC5\GCC\libemf16noslfn.a(FS_Misc.o)
                0x00004bf2                FS__FClose
 .text.FS_FClose
                0x00004c0c        0xa .\emFile_V322c\LinkLibrary\PSoC5\GCC\libemf16noslfn.a(FS_Misc.o)
                0x00004c0c                FS_FClose
 *fill*         0x00004c16        0x2 
 .text.FS__AllocFileObj
                0x00004c18       0x48 .\emFile_V322c\LinkLibrary\PSoC5\GCC\libemf16noslfn.a(FS_Misc.o)
                0x00004c18                FS__AllocFileObj
 .text.FS__AllocFileHandle
                0x00004c60       0x40 .\emFile_V322c\LinkLibrary\PSoC5\GCC\libemf16noslfn.a(FS_Misc.o)
                0x00004c60                FS__AllocFileHandle
 .text.FS__OpenEx
                0x00004ca0       0x58 .\emFile_V322c\LinkLibrary\PSoC5\GCC\libemf16noslfn.a(FS_Misc.o)
                0x00004ca0                FS__OpenEx
 .text.FS__FOpenEx
                0x00004cf8       0x56 .\emFile_V322c\LinkLibrary\PSoC5\GCC\libemf16noslfn.a(FS_Misc.o)
                0x00004cf8                FS__FOpenEx
 *fill*         0x00004d4e        0x2 
 .text.FS__FOpen
                0x00004d50       0x48 .\emFile_V322c\LinkLibrary\PSoC5\GCC\libemf16noslfn.a(FS_Misc.o)
                0x00004d50                FS__FOpen
 .text.FS_FOpen
                0x00004d98        0x4 .\emFile_V322c\LinkLibrary\PSoC5\GCC\libemf16noslfn.a(FS_Misc.o)
                0x00004d98                FS_FOpen
 .text.FS__SB_Write
                0x00004d9c       0x24 .\emFile_V322c\LinkLibrary\PSoC5\GCC\libemf16noslfn.a(FS_Misc.o)
                0x00004d9c                FS__SB_Write
 .text._SB_Clean
                0x00004dc0       0x24 .\emFile_V322c\LinkLibrary\PSoC5\GCC\libemf16noslfn.a(FS_Misc.o)
 .text.FS__SB_SetSector
                0x00004de4       0x20 .\emFile_V322c\LinkLibrary\PSoC5\GCC\libemf16noslfn.a(FS_Misc.o)
                0x00004de4                FS__SB_SetSector
 .text.FS__SB_MarkValid
                0x00004e04       0x10 .\emFile_V322c\LinkLibrary\PSoC5\GCC\libemf16noslfn.a(FS_Misc.o)
                0x00004e04                FS__SB_MarkValid
 .text.FS__SB_Clean
                0x00004e14        0x4 .\emFile_V322c\LinkLibrary\PSoC5\GCC\libemf16noslfn.a(FS_Misc.o)
                0x00004e14                FS__SB_Clean
 .text.FS__SB_Delete
                0x00004e18       0x12 .\emFile_V322c\LinkLibrary\PSoC5\GCC\libemf16noslfn.a(FS_Misc.o)
                0x00004e18                FS__SB_Delete
 .text.FS__SB_Flush
                0x00004e2a        0x8 .\emFile_V322c\LinkLibrary\PSoC5\GCC\libemf16noslfn.a(FS_Misc.o)
                0x00004e2a                FS__SB_Flush
 .text.FS__SB_Read
                0x00004e32       0x2a .\emFile_V322c\LinkLibrary\PSoC5\GCC\libemf16noslfn.a(FS_Misc.o)
                0x00004e32                FS__SB_Read
 .text.FS__AddPhysDevice
                0x00004e5c       0x10 .\emFile_V322c\LinkLibrary\PSoC5\GCC\libemf16noslfn.a(FS_Storage.o)
                0x00004e5c                FS__AddPhysDevice
 .text.FS_GetNumVolumes
                0x00004e6c        0xc .\emFile_V322c\LinkLibrary\PSoC5\GCC\libemf16noslfn.a(FS_Storage.o)
                0x00004e6c                FS_GetNumVolumes
 .text.FS__FindVolume
                0x00004e78       0x78 .\emFile_V322c\LinkLibrary\PSoC5\GCC\libemf16noslfn.a(FS_Storage.o)
                0x00004e78                FS__FindVolume
 .text.FS__AddDevice
                0x00004ef0       0x68 .\emFile_V322c\LinkLibrary\PSoC5\GCC\libemf16noslfn.a(FS_Storage.o)
                0x00004ef0                FS__AddDevice
 .text.FS_AddDevice
                0x00004f58        0x4 .\emFile_V322c\LinkLibrary\PSoC5\GCC\libemf16noslfn.a(FS_Storage.o)
                0x00004f58                FS_AddDevice
 .text.FS__IoCtlNL
                0x00004f5c       0x36 .\emFile_V322c\LinkLibrary\PSoC5\GCC\libemf16noslfn.a(FS_Storage.o)
                0x00004f5c                FS__IoCtlNL
 .text.FS__IoCtl
                0x00004f92        0xa .\emFile_V322c\LinkLibrary\PSoC5\GCC\libemf16noslfn.a(FS_Storage.o)
                0x00004f92                FS__IoCtl
 .text.FS__STORAGE_Sync
                0x00004f9c       0x10 .\emFile_V322c\LinkLibrary\PSoC5\GCC\libemf16noslfn.a(FS_Storage.o)
                0x00004f9c                FS__STORAGE_Sync
 .text.FS_FileTimeToTimeStamp
                0x00004fac       0x34 .\emFile_V322c\LinkLibrary\PSoC5\GCC\libemf16noslfn.a(FS_Time.o)
                0x00004fac                FS_FileTimeToTimeStamp
 .text.FS__SetFileTimeEx
                0x00004fe0       0x44 .\emFile_V322c\LinkLibrary\PSoC5\GCC\libemf16noslfn.a(FS_Time.o)
                0x00004fe0                FS__SetFileTimeEx
 .text.FS_SetFileTime
                0x00005024        0x6 .\emFile_V322c\LinkLibrary\PSoC5\GCC\libemf16noslfn.a(FS_Time.o)
                0x00005024                FS_SetFileTime
 *fill*         0x0000502a        0x2 
 .text.FS__UnmountForcedNL
                0x0000502c       0x54 .\emFile_V322c\LinkLibrary\PSoC5\GCC\libemf16noslfn.a(FS_Unmount.o)
                0x0000502c                FS__UnmountForcedNL
 .text.FS__UnmountForced
                0x00005080        0x4 .\emFile_V322c\LinkLibrary\PSoC5\GCC\libemf16noslfn.a(FS_Unmount.o)
                0x00005080                FS__UnmountForced
 .text.FS__Unmount
                0x00005084       0x60 .\emFile_V322c\LinkLibrary\PSoC5\GCC\libemf16noslfn.a(FS_Unmount.o)
                0x00005084                FS__Unmount
 .text.FS_Unmount
                0x000050e4       0x14 .\emFile_V322c\LinkLibrary\PSoC5\GCC\libemf16noslfn.a(FS_Unmount.o)
                0x000050e4                FS_Unmount
 .text.FS__Sync
                0x000050f8       0x40 .\emFile_V322c\LinkLibrary\PSoC5\GCC\libemf16noslfn.a(FS_Volume.o)
                0x000050f8                FS__Sync
 .text.FS_Sync  0x00005138       0x16 .\emFile_V322c\LinkLibrary\PSoC5\GCC\libemf16noslfn.a(FS_Volume.o)
                0x00005138                FS_Sync
 .text._Mount   0x0000514e       0x2e .\emFile_V322c\LinkLibrary\PSoC5\GCC\libemf16noslfn.a(FS_Volume.o)
 .text.FS__AutoMount
                0x0000517c       0x14 .\emFile_V322c\LinkLibrary\PSoC5\GCC\libemf16noslfn.a(FS_Volume.o)
                0x0000517c                FS__AutoMount
 .text.FS__Write
                0x00005190       0x3a .\emFile_V322c\LinkLibrary\PSoC5\GCC\libemf16noslfn.a(FS_Write.o)
                0x00005190                FS__Write
 .text.FS_Write
                0x000051ca        0x4 .\emFile_V322c\LinkLibrary\PSoC5\GCC\libemf16noslfn.a(FS_Write.o)
                0x000051ca                FS_Write
 *fill*         0x000051ce        0x2 
 .text.FS_FAT_CreateDirEx
                0x000051d0      0x110 .\emFile_V322c\LinkLibrary\PSoC5\GCC\libemf16noslfn.a(FAT_Dir.o)
                0x000051d0                FS_FAT_CreateDirEx
 .text.FS_FAT_CreateDir
                0x000052e0       0x64 .\emFile_V322c\LinkLibrary\PSoC5\GCC\libemf16noslfn.a(FAT_Dir.o)
                0x000052e0                FS_FAT_CreateDir
 .text.FS_FAT_SetDirEntryInfo
                0x00005344       0xb2 .\emFile_V322c\LinkLibrary\PSoC5\GCC\libemf16noslfn.a(FAT_DirEntry.o)
                0x00005344                FS_FAT_SetDirEntryInfo
 .text.FS_FAT_GetDirEntryInfo
                0x000053f6       0x90 .\emFile_V322c\LinkLibrary\PSoC5\GCC\libemf16noslfn.a(FAT_DirEntry.o)
                0x000053f6                FS_FAT_GetDirEntryInfo
 *fill*         0x00005486        0x2 
 .text.T.29     0x00005488      0x320 .\emFile_V322c\LinkLibrary\PSoC5\GCC\libemf16noslfn.a(FAT_Format.o)
 .text._AutoFormat
                0x000057a8       0x7c .\emFile_V322c\LinkLibrary\PSoC5\GCC\libemf16noslfn.a(FAT_Format.o)
 .text.FS_FAT_FormatEx
                0x00005824       0x74 .\emFile_V322c\LinkLibrary\PSoC5\GCC\libemf16noslfn.a(FAT_Format.o)
                0x00005824                FS_FAT_FormatEx
 .text._IsBPB   0x00005898       0x1e .\emFile_V322c\LinkLibrary\PSoC5\GCC\libemf16noslfn.a(FS_Partition.o)
 .text._HasSignature
                0x000058b6       0x18 .\emFile_V322c\LinkLibrary\PSoC5\GCC\libemf16noslfn.a(FS_Partition.o)
 .text._GetPartitionStartSector
                0x000058ce        0xc .\emFile_V322c\LinkLibrary\PSoC5\GCC\libemf16noslfn.a(FS_Partition.o)
 .text.FS__GetMediaStartSecEx
                0x000058da       0x6e .\emFile_V322c\LinkLibrary\PSoC5\GCC\libemf16noslfn.a(FS_Partition.o)
                0x000058da                FS__GetMediaStartSecEx
 .text.FS__LocatePartition
                0x00005948       0x44 .\emFile_V322c\LinkLibrary\PSoC5\GCC\libemf16noslfn.a(FS_Partition.o)
                0x00005948                FS__LocatePartition
 .text.FS_X_AddDevices
                0x0000598c       0x20 .\CortexM3\ARM_GCC_493\Debug\Node-Beaver.a(emFile_1_ConfigMMC_SPI.o)
                0x0000598c                FS_X_AddDevices
 .text.FS_X_GetTimeDate
                0x000059ac       0x58 .\CortexM3\ARM_GCC_493\Debug\Node-Beaver.a(emFile_1_ConfigMMC_SPI.o)
                0x000059ac                FS_X_GetTimeDate
 .text._CalcDataCRC16Dummy
                0x00005a04        0x6 .\emFile_V322c\LinkLibrary\PSoC5\GCC\libemf16noslfn.a(MMC_Drv.o)
 *fill*         0x00005a0a        0x2 
 .text._MMC_GetNumUnits
                0x00005a0c        0xc .\emFile_V322c\LinkLibrary\PSoC5\GCC\libemf16noslfn.a(MMC_Drv.o)
 .text._MMC_GetDriverName
                0x00005a18        0x8 .\emFile_V322c\LinkLibrary\PSoC5\GCC\libemf16noslfn.a(MMC_Drv.o)
 .text._MMC_GetStatus
                0x00005a20        0x4 .\emFile_V322c\LinkLibrary\PSoC5\GCC\libemf16noslfn.a(MMC_Drv.o)
 .text._CheckR1
                0x00005a24       0x38 .\emFile_V322c\LinkLibrary\PSoC5\GCC\libemf16noslfn.a(MMC_Drv.o)
 .text._WaitToGetReady
                0x00005a5c       0x26 .\emFile_V322c\LinkLibrary\PSoC5\GCC\libemf16noslfn.a(MMC_Drv.o)
 .text._SendEmptyCycles
                0x00005a82       0x24 .\emFile_V322c\LinkLibrary\PSoC5\GCC\libemf16noslfn.a(MMC_Drv.o)
 *fill*         0x00005aa6        0x2 
 .text._MMC_AddDevice
                0x00005aa8       0x2c .\emFile_V322c\LinkLibrary\PSoC5\GCC\libemf16noslfn.a(MMC_Drv.o)
 .text.T.53     0x00005ad4       0x14 .\emFile_V322c\LinkLibrary\PSoC5\GCC\libemf16noslfn.a(MMC_Drv.o)
 .text._GetFromCSD
                0x00005ae8       0x34 .\emFile_V322c\LinkLibrary\PSoC5\GCC\libemf16noslfn.a(MMC_Drv.o)
 .text._ExecCmdR1
                0x00005b1c       0x98 .\emFile_V322c\LinkLibrary\PSoC5\GCC\libemf16noslfn.a(MMC_Drv.o)
 .text._ReadCSD
                0x00005bb4       0x86 .\emFile_V322c\LinkLibrary\PSoC5\GCC\libemf16noslfn.a(MMC_Drv.o)
 *fill*         0x00005c3a        0x2 
 .text._MMC_Read
                0x00005c3c      0x130 .\emFile_V322c\LinkLibrary\PSoC5\GCC\libemf16noslfn.a(MMC_Drv.o)
 .text._MMC_Write
                0x00005d6c      0x13c .\emFile_V322c\LinkLibrary\PSoC5\GCC\libemf16noslfn.a(MMC_Drv.o)
 .text._ApplyCSD
                0x00005ea8      0x228 .\emFile_V322c\LinkLibrary\PSoC5\GCC\libemf16noslfn.a(MMC_Drv.o)
 .text._MMC_Init
                0x000060d0      0x1c0 .\emFile_V322c\LinkLibrary\PSoC5\GCC\libemf16noslfn.a(MMC_Drv.o)
 .text._MMC_InitMedium
                0x00006290       0x28 .\emFile_V322c\LinkLibrary\PSoC5\GCC\libemf16noslfn.a(MMC_Drv.o)
 .text._MMC_IoCtl
                0x000062b8       0x60 .\emFile_V322c\LinkLibrary\PSoC5\GCC\libemf16noslfn.a(MMC_Drv.o)
 .text.emFile_1_Init
                0x00006318       0x64 .\CortexM3\ARM_GCC_493\Debug\Node-Beaver.a(emFile_1_MMC_HW_SPI.o)
 .text.emFile_1_ReadWriteSPI
                0x0000637c       0x68 .\CortexM3\ARM_GCC_493\Debug\Node-Beaver.a(emFile_1_MMC_HW_SPI.o)
 .text.FS_MMC_HW_X_EnableCS
                0x000063e4       0x28 .\CortexM3\ARM_GCC_493\Debug\Node-Beaver.a(emFile_1_MMC_HW_SPI.o)
                0x000063e4                FS_MMC_HW_X_EnableCS
 .text.FS_MMC_HW_X_DisableCS
                0x0000640c       0x28 .\CortexM3\ARM_GCC_493\Debug\Node-Beaver.a(emFile_1_MMC_HW_SPI.o)
                0x0000640c                FS_MMC_HW_X_DisableCS
 .text.FS_MMC_HW_X_IsWriteProtected
                0x00006434       0x2c .\CortexM3\ARM_GCC_493\Debug\Node-Beaver.a(emFile_1_MMC_HW_SPI.o)
                0x00006434                FS_MMC_HW_X_IsWriteProtected
 .text.FS_MMC_HW_X_SetMaxSpeed
                0x00006460       0x88 .\CortexM3\ARM_GCC_493\Debug\Node-Beaver.a(emFile_1_MMC_HW_SPI.o)
                0x00006460                FS_MMC_HW_X_SetMaxSpeed
 .text.FS_MMC_HW_X_SetVoltage
                0x000064e8       0x68 .\CortexM3\ARM_GCC_493\Debug\Node-Beaver.a(emFile_1_MMC_HW_SPI.o)
                0x000064e8                FS_MMC_HW_X_SetVoltage
 .text.FS_MMC_HW_X_IsPresent
                0x00006550       0x30 .\CortexM3\ARM_GCC_493\Debug\Node-Beaver.a(emFile_1_MMC_HW_SPI.o)
                0x00006550                FS_MMC_HW_X_IsPresent
 .text.FS_MMC_HW_X_Read
                0x00006580       0x34 .\CortexM3\ARM_GCC_493\Debug\Node-Beaver.a(emFile_1_MMC_HW_SPI.o)
                0x00006580                FS_MMC_HW_X_Read
 .text.FS_MMC_HW_X_Write
                0x000065b4       0x34 .\CortexM3\ARM_GCC_493\Debug\Node-Beaver.a(emFile_1_MMC_HW_SPI.o)
                0x000065b4                FS_MMC_HW_X_Write
 .text.emFile_1_SPI0_Init
                0x000065e8       0x30 .\CortexM3\ARM_GCC_493\Debug\Node-Beaver.a(emFile_1_SPI0.o)
                0x000065e8                emFile_1_SPI0_Init
 .text.emFile_1_SPI0_Enable
                0x00006618       0x60 .\CortexM3\ARM_GCC_493\Debug\Node-Beaver.a(emFile_1_SPI0.o)
                0x00006618                emFile_1_SPI0_Enable
 .text.emFile_1_SPI0_Start
                0x00006678       0x20 .\CortexM3\ARM_GCC_493\Debug\Node-Beaver.a(emFile_1_SPI0.o)
                0x00006678                emFile_1_SPI0_Start
 .text.emFile_1_SPI0_EnableTxInt
                0x00006698        0xc .\CortexM3\ARM_GCC_493\Debug\Node-Beaver.a(emFile_1_SPI0.o)
                0x00006698                emFile_1_SPI0_EnableTxInt
 .text.emFile_1_SPI0_EnableRxInt
                0x000066a4        0xc .\CortexM3\ARM_GCC_493\Debug\Node-Beaver.a(emFile_1_SPI0.o)
                0x000066a4                emFile_1_SPI0_EnableRxInt
 .text.emFile_1_SPI0_ReadTxStatus
                0x000066b0       0x20 .\CortexM3\ARM_GCC_493\Debug\Node-Beaver.a(emFile_1_SPI0.o)
                0x000066b0                emFile_1_SPI0_ReadTxStatus
 .text.emFile_1_SPI0_ReadRxStatus
                0x000066d0       0x20 .\CortexM3\ARM_GCC_493\Debug\Node-Beaver.a(emFile_1_SPI0.o)
                0x000066d0                emFile_1_SPI0_ReadRxStatus
 .text.emFile_1_SPI0_WriteTxData
                0x000066f0       0x34 .\CortexM3\ARM_GCC_493\Debug\Node-Beaver.a(emFile_1_SPI0.o)
                0x000066f0                emFile_1_SPI0_WriteTxData
 .text.emFile_1_SPI0_ReadRxData
                0x00006724       0x20 .\CortexM3\ARM_GCC_493\Debug\Node-Beaver.a(emFile_1_SPI0.o)
                0x00006724                emFile_1_SPI0_ReadRxData
 .text.emFile_1_SPI0_ClearFIFO
                0x00006744       0x5c .\CortexM3\ARM_GCC_493\Debug\Node-Beaver.a(emFile_1_SPI0.o)
                0x00006744                emFile_1_SPI0_ClearFIFO
 .text.emFile_1_Clock_1_Start
                0x000067a0       0x34 .\CortexM3\ARM_GCC_493\Debug\Node-Beaver.a(emFile_1_Clock_1.o)
                0x000067a0                emFile_1_Clock_1_Start
 .text.emFile_1_Clock_1_Stop
                0x000067d4       0x34 .\CortexM3\ARM_GCC_493\Debug\Node-Beaver.a(emFile_1_Clock_1.o)
                0x000067d4                emFile_1_Clock_1_Stop
 .text.emFile_1_Clock_1_SetDividerRegister
                0x00006808      0x160 .\CortexM3\ARM_GCC_493\Debug\Node-Beaver.a(emFile_1_Clock_1.o)
                0x00006808                emFile_1_Clock_1_SetDividerRegister
 .text.emFile_1_Clock_1_GetDividerRegister
                0x00006968       0x18 .\CortexM3\ARM_GCC_493\Debug\Node-Beaver.a(emFile_1_Clock_1.o)
                0x00006968                emFile_1_Clock_1_GetDividerRegister
 .text.emFile_1_Clock_1_GetSourceRegister
                0x00006980       0x20 .\CortexM3\ARM_GCC_493\Debug\Node-Beaver.a(emFile_1_Clock_1.o)
                0x00006980                emFile_1_Clock_1_GetSourceRegister
 .text.emFile_1_SPI0_CS_Write
                0x000069a0       0x34 .\CortexM3\ARM_GCC_493\Debug\Node-Beaver.a(emFile_1_SPI0_CS.o)
                0x000069a0                emFile_1_SPI0_CS_Write
 .text.__errno  0x000069d4        0xc d:/programming/cypress/psoc creator/4.0/psoc creator/import/gnu/arm/4.9.3/bin/../lib/gcc/arm-none-eabi/4.9.3/../../../../arm-none-eabi/lib/armv7-m\libg_nano.a(lib_a-errno.o)
                0x000069d4                __errno
 .text.__libc_init_array
                0x000069e0       0x4c d:/programming/cypress/psoc creator/4.0/psoc creator/import/gnu/arm/4.9.3/bin/../lib/gcc/arm-none-eabi/4.9.3/../../../../arm-none-eabi/lib/armv7-m\libg_nano.a(lib_a-init.o)
                0x000069e0                __libc_init_array
 .text.memcpy   0x00006a2c       0x16 d:/programming/cypress/psoc creator/4.0/psoc creator/import/gnu/arm/4.9.3/bin/../lib/gcc/arm-none-eabi/4.9.3/../../../../arm-none-eabi/lib/armv7-m\libg_nano.a(lib_a-memcpy.o)
                0x00006a2c                memcpy
 .text.memset   0x00006a42       0x10 d:/programming/cypress/psoc creator/4.0/psoc creator/import/gnu/arm/4.9.3/bin/../lib/gcc/arm-none-eabi/4.9.3/../../../../arm-none-eabi/lib/armv7-m\libg_nano.a(lib_a-memset.o)
                0x00006a42                memset
 *fill*         0x00006a52        0x2 
 .text.sprintf  0x00006a54       0x48 d:/programming/cypress/psoc creator/4.0/psoc creator/import/gnu/arm/4.9.3/bin/../lib/gcc/arm-none-eabi/4.9.3/../../../../arm-none-eabi/lib/armv7-m\libg_nano.a(lib_a-sprintf.o)
                0x00006a54                siprintf
                0x00006a54                sprintf
 .text._free_r  0x00006a9c       0x88 d:/programming/cypress/psoc creator/4.0/psoc creator/import/gnu/arm/4.9.3/bin/../lib/gcc/arm-none-eabi/4.9.3/../../../../arm-none-eabi/lib/armv7-m\libg_nano.a(lib_a-nano-freer.o)
                0x00006a9c                _free_r
 .text._malloc_r
                0x00006b24       0xac d:/programming/cypress/psoc creator/4.0/psoc creator/import/gnu/arm/4.9.3/bin/../lib/gcc/arm-none-eabi/4.9.3/../../../../arm-none-eabi/lib/armv7-m\libg_nano.a(lib_a-nano-mallocr.o)
                0x00006b24                _malloc_r
 .text.__ssputs_r
                0x00006bd0       0xb2 d:/programming/cypress/psoc creator/4.0/psoc creator/import/gnu/arm/4.9.3/bin/../lib/gcc/arm-none-eabi/4.9.3/../../../../arm-none-eabi/lib/armv7-m\libg_nano.a(lib_a-nano-svfprintf.o)
                0x00006bd0                __ssputs_r
 *fill*         0x00006c82        0x2 
 .text._svfprintf_r
                0x00006c84      0x1e4 d:/programming/cypress/psoc creator/4.0/psoc creator/import/gnu/arm/4.9.3/bin/../lib/gcc/arm-none-eabi/4.9.3/../../../../arm-none-eabi/lib/armv7-m\libg_nano.a(lib_a-nano-svfprintf.o)
                0x00006c84                _svfiprintf_r
                0x00006c84                _svfprintf_r
 .text._printf_common
                0x00006e68       0xea d:/programming/cypress/psoc creator/4.0/psoc creator/import/gnu/arm/4.9.3/bin/../lib/gcc/arm-none-eabi/4.9.3/../../../../arm-none-eabi/lib/armv7-m\libg_nano.a(lib_a-nano-vfprintf_i.o)
                0x00006e68                _printf_common
 *fill*         0x00006f52        0x2 
 .text._printf_i
                0x00006f54      0x240 d:/programming/cypress/psoc creator/4.0/psoc creator/import/gnu/arm/4.9.3/bin/../lib/gcc/arm-none-eabi/4.9.3/../../../../arm-none-eabi/lib/armv7-m\libg_nano.a(lib_a-nano-vfprintf_i.o)
                0x00006f54                _printf_i
 .text._sbrk_r  0x00007194       0x20 d:/programming/cypress/psoc creator/4.0/psoc creator/import/gnu/arm/4.9.3/bin/../lib/gcc/arm-none-eabi/4.9.3/../../../../arm-none-eabi/lib/armv7-m\libg_nano.a(lib_a-sbrkr.o)
                0x00007194                _sbrk_r
 .text.memchr   0x000071b4       0x1c d:/programming/cypress/psoc creator/4.0/psoc creator/import/gnu/arm/4.9.3/bin/../lib/gcc/arm-none-eabi/4.9.3/../../../../arm-none-eabi/lib/armv7-m\libg_nano.a(lib_a-memchr.o)
                0x000071b4                memchr
 .text.memmove  0x000071d0       0x36 d:/programming/cypress/psoc creator/4.0/psoc creator/import/gnu/arm/4.9.3/bin/../lib/gcc/arm-none-eabi/4.9.3/../../../../arm-none-eabi/lib/armv7-m\libg_nano.a(lib_a-memmove.o)
                0x000071d0                memmove
 .text._realloc_r
                0x00007206       0x4c d:/programming/cypress/psoc creator/4.0/psoc creator/import/gnu/arm/4.9.3/bin/../lib/gcc/arm-none-eabi/4.9.3/../../../../arm-none-eabi/lib/armv7-m\libg_nano.a(lib_a-nano-reallocr.o)
                0x00007206                _realloc_r
 .text._malloc_usable_size_r
                0x00007252       0x14 d:/programming/cypress/psoc creator/4.0/psoc creator/import/gnu/arm/4.9.3/bin/../lib/gcc/arm-none-eabi/4.9.3/../../../../arm-none-eabi/lib/armv7-m\libg_nano.a(lib_a-nano-msizer.o)
                0x00007252                _malloc_usable_size_r
 *(.plt)
 *(.gnu.warning)
 *(.glue_7t)
 .glue_7t       0x00000000        0x0 linker stubs
 *(.glue_7)
 .glue_7        0x00000000        0x0 linker stubs
 *(.vfp11_veneer)
 .vfp11_veneer  0x00000000        0x0 linker stubs
 *(.bootloader)
 *(.ARM.extab* .gnu.linkonce.armextab.*)
 *(.gcc_except_table)

.v4_bx          0x00007268        0x0
 .v4_bx         0x00000000        0x0 linker stubs

.iplt           0x00007268        0x0
 .iplt          0x00000000        0x0 d:/programming/cypress/psoc creator/4.0/psoc creator/import/gnu/arm/4.9.3/bin/../lib/gcc/arm-none-eabi/4.9.3/armv7-m/crtbegin.o

.eh_frame_hdr
 *(.eh_frame_hdr)

.eh_frame       0x00007268        0x4
 *(.eh_frame)
 .eh_frame      0x00007268        0x0 d:/programming/cypress/psoc creator/4.0/psoc creator/import/gnu/arm/4.9.3/bin/../lib/gcc/arm-none-eabi/4.9.3/armv7-m/crtbegin.o
 .eh_frame      0x00007268        0x4 d:/programming/cypress/psoc creator/4.0/psoc creator/import/gnu/arm/4.9.3/bin/../lib/gcc/arm-none-eabi/4.9.3/armv7-m/crtend.o
                0x0000726c                PROVIDE (__exidx_start, .)

.ARM.exidx
 *(.ARM.exidx* .gnu.linkonce.armexidx.*)
                0x0000726c                __exidx_end = .

.rodata         0x0000726c      0x554
 *(.rodata .rodata.* .gnu.linkonce.r.*)
 .rodata        0x0000726c       0xcc .\CortexM3\ARM_GCC_493\Debug\sd_manager.o
                0x0000726c                set_time_file
                0x00007280                format_file
 .rodata        0x00007338       0x3c .\CortexM3\ARM_GCC_493\Debug\Node-Beaver.a(cyfitter_cfg.o)
 .rodata        0x00007374      0x160 .\CortexM3\ARM_GCC_493\Debug\Node-Beaver.a(CAN_1.o)
 .rodata        0x000074d4       0x98 .\emFile_V322c\LinkLibrary\PSoC5\GCC\libemf16noslfn.a(FAT_FormatSD.o)
 .rodata        0x0000756c       0x10 .\emFile_V322c\LinkLibrary\PSoC5\GCC\libemf16noslfn.a(FAT_LFN.o)
                0x0000756c                FAT_LFN_API
 .rodata        0x0000757c       0x10 .\emFile_V322c\LinkLibrary\PSoC5\GCC\libemf16noslfn.a(FAT_Misc.o)
                0x0000757c                FAT_SFN_API
 .rodata.str1.1
                0x0000758c        0x3 .\emFile_V322c\LinkLibrary\PSoC5\GCC\libemf16noslfn.a(FAT_Open.o)
 *fill*         0x0000758f        0x1 
 .rodata        0x00007590       0x78 .\emFile_V322c\LinkLibrary\PSoC5\GCC\libemf16noslfn.a(FS_Misc.o)
 .rodata.str1.1
                0x00007608       0x30 .\emFile_V322c\LinkLibrary\PSoC5\GCC\libemf16noslfn.a(FS_Misc.o)
 .rodata        0x00007638       0x18 .\emFile_V322c\LinkLibrary\PSoC5\GCC\libemf16noslfn.a(FAT_Dir.o)
 .rodata        0x00007650       0x7c .\emFile_V322c\LinkLibrary\PSoC5\GCC\libemf16noslfn.a(FAT_Format.o)
                0x00007660                _acVolumeLabel
 .rodata.str1.1
                0x000076cc       0x1b .\emFile_V322c\LinkLibrary\PSoC5\GCC\libemf16noslfn.a(FAT_Format.o)
 *fill*         0x000076e7        0x1 
 .rodata        0x000076e8       0x68 .\emFile_V322c\LinkLibrary\PSoC5\GCC\libemf16noslfn.a(MMC_Drv.o)
                0x00007730                FS_MMC_SPI_Driver
 .rodata.str1.1
                0x00007750        0x4 .\emFile_V322c\LinkLibrary\PSoC5\GCC\libemf16noslfn.a(MMC_Drv.o)
 .rodata.str1.1
                0x00007754        0x2 d:/programming/cypress/psoc creator/4.0/psoc creator/import/gnu/arm/4.9.3/bin/../lib/gcc/arm-none-eabi/4.9.3/../../../../arm-none-eabi/lib/armv7-m\libg_nano.a(lib_a-impure.o)
 .rodata.str1.1
                0x00007756       0x11 d:/programming/cypress/psoc creator/4.0/psoc creator/import/gnu/arm/4.9.3/bin/../lib/gcc/arm-none-eabi/4.9.3/../../../../arm-none-eabi/lib/armv7-m\libg_nano.a(lib_a-nano-svfprintf.o)
 .rodata.str1.1
                0x00007767       0x22 d:/programming/cypress/psoc creator/4.0/psoc creator/import/gnu/arm/4.9.3/bin/../lib/gcc/arm-none-eabi/4.9.3/../../../../arm-none-eabi/lib/armv7-m\libg_nano.a(lib_a-nano-vfprintf_i.o)
                0x0000778c                . = ALIGN (0x4)
 *fill*         0x00007789        0x3 
 *(.init)
 .init          0x0000778c        0x4 d:/programming/cypress/psoc creator/4.0/psoc creator/import/gnu/arm/4.9.3/bin/../lib/gcc/arm-none-eabi/4.9.3/armv7-m/crti.o
                0x0000778c                _init
 .init          0x00007790        0x8 d:/programming/cypress/psoc creator/4.0/psoc creator/import/gnu/arm/4.9.3/bin/../lib/gcc/arm-none-eabi/4.9.3/armv7-m/crtn.o
                0x00007798                . = ALIGN (0x4)
                0x00007798                __preinit_array_start = .
 *(.preinit_array)
                0x00007798                __preinit_array_end = .
                0x00007798                . = ALIGN (0x4)
                0x00007798                __init_array_start = .
 *(SORT(.init_array.*))
 *(.init_array)
 .init_array    0x00007798        0x4 d:/programming/cypress/psoc creator/4.0/psoc creator/import/gnu/arm/4.9.3/bin/../lib/gcc/arm-none-eabi/4.9.3/armv7-m/crtbegin.o
 .init_array    0x0000779c        0x4 .\CortexM3\ARM_GCC_493\Debug\Cm3Start.o
                0x000077a0                __init_array_end = .
                0x000077a0                . = ALIGN (0x4)
 *(.fini)
 .fini          0x000077a0        0x4 d:/programming/cypress/psoc creator/4.0/psoc creator/import/gnu/arm/4.9.3/bin/../lib/gcc/arm-none-eabi/4.9.3/armv7-m/crti.o
                0x000077a0                _fini
 .fini          0x000077a4        0x8 d:/programming/cypress/psoc creator/4.0/psoc creator/import/gnu/arm/4.9.3/bin/../lib/gcc/arm-none-eabi/4.9.3/armv7-m/crtn.o
                0x000077ac                . = ALIGN (0x4)
                0x000077ac                __fini_array_start = .
 *(.fini_array)
 .fini_array    0x000077ac        0x4 d:/programming/cypress/psoc creator/4.0/psoc creator/import/gnu/arm/4.9.3/bin/../lib/gcc/arm-none-eabi/4.9.3/armv7-m/crtbegin.o
 *(SORT(.fini_array.*))
                0x000077b0                __fini_array_end = .
                0x000077b0                . = ALIGN (0x4)
 *crtbegin.o(.ctors)
 *(EXCLUDE_FILE(*crtend.o) .ctors)
 *(SORT(.ctors.*))
 *crtend.o(.ctors)
                0x000077b0                . = ALIGN (0x4)
 *crtbegin.o(.dtors)
 *(EXCLUDE_FILE(*crtend.o) .dtors)
 *(SORT(.dtors.*))
 *crtend.o(.dtors)
                0x000077b0                . = ALIGN (0x4)
                0x000077b0                __cy_regions = .
                0x000077b0        0x4 LONG 0x77c0 __cy_region_init_ram
                0x000077b4        0x4 LONG 0x1fff8108 __cy_region_start_data
                0x000077b8        0x4 LONG 0x88 __cy_region_init_size_ram
                0x000077bc        0x4 LONG 0x51c8 __cy_region_zero_size_ram
                0x000077c0                __cy_regions_end = .
                0x000077c0                . = ALIGN (0x8)
                0x000077c0                _etext = .

.cy_checksum_exclude
                0x000077c0        0x0
 *(.cy_checksum_exclude)

.ramvectors     0x1fff8000      0x100
                0x1fff8000                __cy_region_start_ram = .
 *(.ramvectors)
 .ramvectors    0x1fff8000      0x100 .\CortexM3\ARM_GCC_493\Debug\Cm3Start.o
                0x1fff8000                CyRamVectors

.noinit         0x1fff8100        0x5
 *(.noinit)
 .noinit        0x1fff8100        0x4 .\CortexM3\ARM_GCC_493\Debug\Cm3Start.o
 .noinit        0x1fff8104        0x1 .\CortexM3\ARM_GCC_493\Debug\Node-Beaver.a(CyLib.o)
                0x1fff8104                CyResetStatus

.data           0x1fff8108       0x88 load address 0x000077c0
                0x1fff8108                __cy_region_start_data = .
 *(.jcr)
 .jcr           0x1fff8108        0x0 d:/programming/cypress/psoc creator/4.0/psoc creator/import/gnu/arm/4.9.3/bin/../lib/gcc/arm-none-eabi/4.9.3/armv7-m/crtbegin.o
 .jcr           0x1fff8108        0x4 d:/programming/cypress/psoc creator/4.0/psoc creator/import/gnu/arm/4.9.3/bin/../lib/gcc/arm-none-eabi/4.9.3/armv7-m/crtend.o
 *(.got.plt)
 *(.got)
 *(.shdata)
 *(.data .data.* .gnu.linkonce.d.*)
 .data          0x1fff810c        0x4 .\CortexM3\ARM_GCC_493\Debug\Cm3Start.o
 .data          0x1fff8110       0x10 .\CortexM3\ARM_GCC_493\Debug\Node-Beaver.a(CyLib.o)
                0x1fff8110                cydelay_freq_hz
                0x1fff8114                cydelay_freq_khz
                0x1fff8118                cydelay_freq_mhz
                0x1fff811c                cydelay_32k_ms
 .data          0x1fff8120        0x4 .\emFile_V322c\LinkLibrary\PSoC5\GCC\libemf16noslfn.a(FAT_Misc.o)
                0x1fff8120                FAT_pDirEntryAPI
 .data          0x1fff8124        0x4 .\emFile_V322c\LinkLibrary\PSoC5\GCC\libemf16noslfn.a(MMC_Drv.o)
 .data.impure_data
                0x1fff8128       0x60 d:/programming/cypress/psoc creator/4.0/psoc creator/import/gnu/arm/4.9.3/bin/../lib/gcc/arm-none-eabi/4.9.3/../../../../arm-none-eabi/lib/armv7-m\libg_nano.a(lib_a-impure.o)
 .data._impure_ptr
                0x1fff8188        0x4 d:/programming/cypress/psoc creator/4.0/psoc creator/import/gnu/arm/4.9.3/bin/../lib/gcc/arm-none-eabi/4.9.3/../../../../arm-none-eabi/lib/armv7-m\libg_nano.a(lib_a-impure.o)
                0x1fff8188                _impure_ptr
                0x1fff8190                . = ALIGN (0x8)
 *fill*         0x1fff818c        0x4 
 *(.ram)
                0x1fff8190                _edata = .

.igot.plt       0x1fff8190        0x0 load address 0x00007848
 .igot.plt      0x00000000        0x0 d:/programming/cypress/psoc creator/4.0/psoc creator/import/gnu/arm/4.9.3/bin/../lib/gcc/arm-none-eabi/4.9.3/armv7-m/crtbegin.o

.bss            0x1fff8190     0x51c8 load address 0x00007848
                0x1fff8190                PROVIDE (__bss_start__, .)
 *(.shbss)
 *(.bss .bss.* .gnu.linkonce.b.*)
 .bss           0x1fff8190       0x1c d:/programming/cypress/psoc creator/4.0/psoc creator/import/gnu/arm/4.9.3/bin/../lib/gcc/arm-none-eabi/4.9.3/armv7-m/crtbegin.o
 .bss           0x1fff81ac        0x6 .\CortexM3\ARM_GCC_493\Debug\sd_manager.o
                0x1fff81ac                sd_ok
                0x1fff81ae                sd_head
                0x1fff81b0                sd_tail
 .bss           0x1fff81b2        0x1 .\CortexM3\ARM_GCC_493\Debug\Node-Beaver.a(CAN_1.o)
                0x1fff81b2                CAN_1_initVar
 .bss           0x1fff81b3        0x1 .\CortexM3\ARM_GCC_493\Debug\Node-Beaver.a(power_comp.o)
                0x1fff81b3                power_comp_initVar
 .bss           0x1fff81b4        0x1 .\CortexM3\ARM_GCC_493\Debug\Node-Beaver.a(sd_timer.o)
                0x1fff81b4                sd_timer_initVar
 .bss           0x1fff81b5        0x1 .\CortexM3\ARM_GCC_493\Debug\Node-Beaver.a(car_state_timer.o)
                0x1fff81b5                car_state_timer_initVar
 .bss           0x1fff81b6        0x1 .\CortexM3\ARM_GCC_493\Debug\Node-Beaver.a(heartbeat_timer.o)
                0x1fff81b6                heartbeat_timer_initVar
 *fill*         0x1fff81b7        0x1 
 .bss           0x1fff81b8        0xc .\emFile_V322c\LinkLibrary\PSoC5\GCC\libemf16noslfn.a(FS_Core.o)
 .bss           0x1fff81c4     0x1000 .\CortexM3\ARM_GCC_493\Debug\Node-Beaver.a(emFile_1_ConfigMMC_SPI.o)
 .bss           0x1fff91c4       0x14 .\emFile_V322c\LinkLibrary\PSoC5\GCC\libemf16noslfn.a(MMC_Drv.o)
 .bss           0x1fff91d8        0x1 .\CortexM3\ARM_GCC_493\Debug\Node-Beaver.a(emFile_1_MMC_HW_SPI.o)
 .bss           0x1fff91d9        0x1 .\CortexM3\ARM_GCC_493\Debug\Node-Beaver.a(emFile_1_SPI0.o)
                0x1fff91d9                emFile_1_SPI0_initVar
 *fill*         0x1fff91da        0x2 
 .bss.__malloc_sbrk_start
                0x1fff91dc        0x4 d:/programming/cypress/psoc creator/4.0/psoc creator/import/gnu/arm/4.9.3/bin/../lib/gcc/arm-none-eabi/4.9.3/../../../../arm-none-eabi/lib/armv7-m\libg_nano.a(lib_a-nano-mallocr.o)
                0x1fff91dc                __malloc_sbrk_start
 .bss.__malloc_free_list
                0x1fff91e0        0x4 d:/programming/cypress/psoc creator/4.0/psoc creator/import/gnu/arm/4.9.3/bin/../lib/gcc/arm-none-eabi/4.9.3/../../../../arm-none-eabi/lib/armv7-m\libg_nano.a(lib_a-nano-mallocr.o)
                0x1fff91e0                __malloc_free_list
 *(COMMON)
 COMMON         0x1fff91e4       0xd4 .\CortexM3\ARM_GCC_493\Debug\can_manager.o
                0x1fff91e4                LGR_HB
                0x1fff91f0                CURTIS_RCVACK
                0x1fff9200                BRAKE
                0x1fff9210                LOGGER_HEARTBEAT
                0x1fff9220                CURTIS_VOLTAGE
                0x1fff9230                THROTTLE
                0x1fff9240                DASH
                0x1fff9250                BMS_STATUS
                0x1fff9260                CURTIS_DEBUG
                0x1fff9270                data
                0x1fff9278                CURTIS_RCV
                0x1fff9288                BMS_VOLTAGE
                0x1fff9298                BMS_TEMP
                0x1fff92a8                CURTIS_STATUS
 COMMON         0x1fff92b8     0x4004 .\CortexM3\ARM_GCC_493\Debug\sd_manager.o
                0x1fff92b8                sd_queue
                0x1fffd2b8                pfile
 COMMON         0x1fffd2bc       0x10 .\CortexM3\ARM_GCC_493\Debug\time_manager.o
                0x1fffd2bc                current_time
 COMMON         0x1fffd2cc        0x1 .\CortexM3\ARM_GCC_493\Debug\Node-Beaver.a(rtc_i2c.o)
                0x1fffd2cc                rtc_i2c_state
 *fill*         0x1fffd2cd        0x3 
 COMMON         0x1fffd2d0       0x84 .\emFile_V322c\LinkLibrary\PSoC5\GCC\libemf16noslfn.a(FS_Core.o)
                0x1fffd2d0                FS_Global
                0x1fffd350                FS_NumBytesAllocated
 COMMON         0x1fffd354        0x4 d:/programming/cypress/psoc creator/4.0/psoc creator/import/gnu/arm/4.9.3/bin/../lib/gcc/arm-none-eabi/4.9.3/../../../../arm-none-eabi/lib/armv7-m\libg_nano.a(lib_a-reent.o)
                0x1fffd354                errno
                0x1fffd358                . = ALIGN (0x8)
 *(.ram.b)
                0x1fffd358                _end = .
                0x1fffd358                __end = .
                0x1fffd358                PROVIDE (end, .)
                0x1fffd358                PROVIDE (__bss_end__, .)
                0x000077c0                __cy_region_init_ram = LOADADDR (.data)
                0x00000088                __cy_region_init_size_ram = (_edata - ADDR (.data))
                0x000051c8                __cy_region_zero_size_ram = (_end - _edata)

.heap           0x1fffd358     0x1000 load address 0x00007848
                0x1fffd358                . = _end
                0x1fffe358                . = (. + 0x1000)
 *fill*         0x1fffd358     0x1000 
                0x1fffe358                __cy_heap_limit = .

.stack          0x20004000     0x4000
                0x20004000                __cy_stack_limit = .
                0x20008000                . = (. + 0x4000)
 *fill*         0x20004000     0x4000 
                0x00000001                ASSERT ((__cy_stack_limit >= __cy_heap_limit), region RAM overflowed with stack)
                0x00000000                cy_checksum_exclude_size = (CY_APPL_LOADABLE == 0x1)?SIZEOF (.cy_checksum_exclude):0x0
                0x00000001                ASSERT ((cy_checksum_exclude_size <= CY_CHECKSUM_EXCLUDE_SIZE), CY_BOOT: Section .cy_checksum_exclude size exceedes specified limit.)

.cyloadermeta
 *(.cyloadermeta)

.cyloadablemeta
 *(.cyloadablemeta)

.cyconfigecc    0x80000000      0xe84
 *(.cyconfigecc)
 .cyconfigecc   0x80000000      0xe84 .\CortexM3\ARM_GCC_493\Debug\cymetadata.o
                0x80000000                cy_meta_configecc

.cycustnvl      0x90000000        0x4
 *(.cycustnvl)
 .cycustnvl     0x90000000        0x4 .\CortexM3\ARM_GCC_493\Debug\cymetadata.o
                0x90000000                cy_meta_custnvl

.cywolatch      0x90100000        0x4
 *(.cywolatch)
 .cywolatch     0x90100000        0x4 .\CortexM3\ARM_GCC_493\Debug\cymetadata.o
                0x90100000                cy_meta_wonvl

.cyeeprom       0x90200000        0x0
 *(.cyeeprom)
                0x00000001                ASSERT ((. <= ((0x90200000 + ee_offset) + ee_size)), .cyeeprom data will not fit in EEPROM)

.cyflashprotect
                0x90400000      0x100
 *(.cyflashprotect)
 .cyflashprotect
                0x90400000      0x100 .\CortexM3\ARM_GCC_493\Debug\cymetadata.o
                0x90400000                cy_meta_flashprotect

.cymeta         0x90500000        0xc
 *(.cymeta)
 .cymeta        0x90500000        0xc .\CortexM3\ARM_GCC_493\Debug\cymetadata.o
                0x90500000                cy_metadata

.rel.dyn        0x00007848        0x0 load address 0x9050000c
 .rel.iplt      0x00000000        0x0 d:/programming/cypress/psoc creator/4.0/psoc creator/import/gnu/arm/4.9.3/bin/../lib/gcc/arm-none-eabi/4.9.3/armv7-m/crtbegin.o

.stab
 *(.stab)

.stabstr
 *(.stabstr)

.debug
 *(.debug)

.line
 *(.line)

.debug_srcinfo
 *(.debug_srcinfo)

.debug_sfnames
 *(.debug_sfnames)

.debug_aranges  0x00000000     0x15d0
 *(.debug_aranges)
 .debug_aranges
                0x00000000       0x28 .\CortexM3\ARM_GCC_493\Debug\main.o
 .debug_aranges
                0x00000028       0x58 .\CortexM3\ARM_GCC_493\Debug\can_manager.o
 .debug_aranges
                0x00000080       0x60 .\CortexM3\ARM_GCC_493\Debug\sd_manager.o
 .debug_aranges
                0x000000e0       0x38 .\CortexM3\ARM_GCC_493\Debug\usb_manager.o
 .debug_aranges
                0x00000118       0x58 .\CortexM3\ARM_GCC_493\Debug\time_manager.o
 .debug_aranges
                0x00000170       0x18 .\CortexM3\ARM_GCC_493\Debug\cymetadata.o
 .debug_aranges
                0x00000188       0x48 .\CortexM3\ARM_GCC_493\Debug\Cm3Start.o
 .debug_aranges
                0x000001d0       0x60 .\CortexM3\ARM_GCC_493\Debug\Node-Beaver.a(cyfitter_cfg.o)
 .debug_aranges
                0x00000230      0x2a0 .\CortexM3\ARM_GCC_493\Debug\Node-Beaver.a(CyLib.o)
 .debug_aranges
                0x000004d0       0x98 .\CortexM3\ARM_GCC_493\Debug\Node-Beaver.a(cyPm.o)
 .debug_aranges
                0x00000568       0xc8 .\CortexM3\ARM_GCC_493\Debug\Node-Beaver.a(CAN_1.o)
 .debug_aranges
                0x00000630       0x28 .\CortexM3\ARM_GCC_493\Debug\Node-Beaver.a(CAN_1_INT.o)
 .debug_aranges
                0x00000658       0x30 .\CortexM3\ARM_GCC_493\Debug\Node-Beaver.a(CAN_1_TX_RX_func.o)
 .debug_aranges
                0x00000688       0x38 .\CortexM3\ARM_GCC_493\Debug\Node-Beaver.a(LED.o)
 .debug_aranges
                0x000006c0       0xc8 .\CortexM3\ARM_GCC_493\Debug\Node-Beaver.a(USBUART_1.o)
 .debug_aranges
                0x00000788       0xe8 .\CortexM3\ARM_GCC_493\Debug\Node-Beaver.a(USBUART_1_cdc.o)
 .debug_aranges
                0x00000870       0x98 .\CortexM3\ARM_GCC_493\Debug\Node-Beaver.a(USBUART_1_drv.o)
 .debug_aranges
                0x00000908       0x40 .\CortexM3\ARM_GCC_493\Debug\Node-Beaver.a(USBUART_1_episr.o)
 .debug_aranges
                0x00000948       0x40 .\CortexM3\ARM_GCC_493\Debug\Node-Beaver.a(USBUART_1_pm.o)
 .debug_aranges
                0x00000988       0x80 .\CortexM3\ARM_GCC_493\Debug\Node-Beaver.a(USBUART_1_std.o)
 .debug_aranges
                0x00000a08       0x20 .\CortexM3\ARM_GCC_493\Debug\Node-Beaver.a(USBUART_1_vnd.o)
 .debug_aranges
                0x00000a28       0x48 .\CortexM3\ARM_GCC_493\Debug\Node-Beaver.a(USBUART_1_Dp.o)
 .debug_aranges
                0x00000a70       0x80 .\CortexM3\ARM_GCC_493\Debug\Node-Beaver.a(power_isr.o)
 .debug_aranges
                0x00000af0       0x38 .\CortexM3\ARM_GCC_493\Debug\Node-Beaver.a(rtc_i2c.o)
 .debug_aranges
                0x00000b28       0x20 .\CortexM3\ARM_GCC_493\Debug\Node-Beaver.a(rtc_i2c_INT.o)
 .debug_aranges
                0x00000b48       0x38 .\CortexM3\ARM_GCC_493\Debug\Node-Beaver.a(rtc_i2c_PM.o)
 .debug_aranges
                0x00000b80       0x80 .\CortexM3\ARM_GCC_493\Debug\Node-Beaver.a(rtc_i2c_MASTER.o)
 .debug_aranges
                0x00000c00       0x80 .\CortexM3\ARM_GCC_493\Debug\Node-Beaver.a(time_refresh_isr.o)
 .debug_aranges
                0x00000c80       0x90 .\CortexM3\ARM_GCC_493\Debug\Node-Beaver.a(millis_timer.o)
 .debug_aranges
                0x00000d10       0x90 .\CortexM3\ARM_GCC_493\Debug\Node-Beaver.a(time_refresh_timer.o)
 .debug_aranges
                0x00000da0       0x70 .\CortexM3\ARM_GCC_493\Debug\Node-Beaver.a(power_comp.o)
 .debug_aranges
                0x00000e10       0x90 .\CortexM3\ARM_GCC_493\Debug\Node-Beaver.a(sd_timer.o)
 .debug_aranges
                0x00000ea0       0x80 .\CortexM3\ARM_GCC_493\Debug\Node-Beaver.a(sd_isr.o)
 .debug_aranges
                0x00000f20       0x90 .\CortexM3\ARM_GCC_493\Debug\Node-Beaver.a(watchdog_timer.o)
 .debug_aranges
                0x00000fb0       0x80 .\CortexM3\ARM_GCC_493\Debug\Node-Beaver.a(wdt_reset_isr.o)
 .debug_aranges
                0x00001030       0x80 .\CortexM3\ARM_GCC_493\Debug\Node-Beaver.a(car_state_isr.o)
 .debug_aranges
                0x000010b0       0x90 .\CortexM3\ARM_GCC_493\Debug\Node-Beaver.a(car_state_timer.o)
 .debug_aranges
                0x00001140       0x90 .\CortexM3\ARM_GCC_493\Debug\Node-Beaver.a(heartbeat_timer.o)
 .debug_aranges
                0x000011d0       0x80 .\CortexM3\ARM_GCC_493\Debug\Node-Beaver.a(heartbeat_isr.o)
 .debug_aranges
                0x00001250       0x20 .\CortexM3\ARM_GCC_493\Debug\Node-Beaver.a(CyBootAsmGnu.o)
 .debug_aranges
                0x00001270       0x80 .\CortexM3\ARM_GCC_493\Debug\Node-Beaver.a(CyFlash.o)
 .debug_aranges
                0x000012f0       0x78 .\CortexM3\ARM_GCC_493\Debug\Node-Beaver.a(CySpc.o)
 .debug_aranges
                0x00001368       0x20 .\CortexM3\ARM_GCC_493\Debug\Node-Beaver.a(cyutils.o)
 .debug_aranges
                0x00001388       0x20 .\CortexM3\ARM_GCC_493\Debug\Node-Beaver.a(USBUART_1_cls.o)
 .debug_aranges
                0x000013a8       0x18 .\CortexM3\ARM_GCC_493\Debug\Node-Beaver.a(USBUART_1_descr.o)
 .debug_aranges
                0x000013c0       0x28 .\CortexM3\ARM_GCC_493\Debug\Node-Beaver.a(emFile_1_ConfigMMC_SPI.o)
 .debug_aranges
                0x000013e8       0x68 .\CortexM3\ARM_GCC_493\Debug\Node-Beaver.a(emFile_1_MMC_HW_SPI.o)
 .debug_aranges
                0x00001450       0xd8 .\CortexM3\ARM_GCC_493\Debug\Node-Beaver.a(emFile_1_SPI0.o)
 .debug_aranges
                0x00001528       0x70 .\CortexM3\ARM_GCC_493\Debug\Node-Beaver.a(emFile_1_Clock_1.o)
 .debug_aranges
                0x00001598       0x38 .\CortexM3\ARM_GCC_493\Debug\Node-Beaver.a(emFile_1_SPI0_CS.o)

.debug_pubnames
 *(.debug_pubnames)

.debug_info     0x00000000     0xa1a4
 *(.debug_info .gnu.linkonce.wi.*)
 .debug_info    0x00000000      0x196 .\CortexM3\ARM_GCC_493\Debug\main.o
 .debug_info    0x00000196      0x498 .\CortexM3\ARM_GCC_493\Debug\can_manager.o
 .debug_info    0x0000062e      0x4f9 .\CortexM3\ARM_GCC_493\Debug\sd_manager.o
 .debug_info    0x00000b27      0x21f .\CortexM3\ARM_GCC_493\Debug\usb_manager.o
 .debug_info    0x00000d46      0x2c8 .\CortexM3\ARM_GCC_493\Debug\time_manager.o
 .debug_info    0x0000100e      0x13f .\CortexM3\ARM_GCC_493\Debug\cymetadata.o
 .debug_info    0x0000114d      0x319 .\CortexM3\ARM_GCC_493\Debug\Cm3Start.o
 .debug_info    0x00001466      0x44b .\CortexM3\ARM_GCC_493\Debug\Node-Beaver.a(cyfitter_cfg.o)
 .debug_info    0x000018b1      0xe4a .\CortexM3\ARM_GCC_493\Debug\Node-Beaver.a(CyLib.o)
 .debug_info    0x000026fb      0x561 .\CortexM3\ARM_GCC_493\Debug\Node-Beaver.a(cyPm.o)
 .debug_info    0x00002c5c      0x781 .\CortexM3\ARM_GCC_493\Debug\Node-Beaver.a(CAN_1.o)
 .debug_info    0x000033dd      0x1db .\CortexM3\ARM_GCC_493\Debug\Node-Beaver.a(CAN_1_INT.o)
 .debug_info    0x000035b8      0x421 .\CortexM3\ARM_GCC_493\Debug\Node-Beaver.a(CAN_1_TX_RX_func.o)
 .debug_info    0x000039d9      0x11e .\CortexM3\ARM_GCC_493\Debug\Node-Beaver.a(LED.o)
 .debug_info    0x00003af7      0x70b .\CortexM3\ARM_GCC_493\Debug\Node-Beaver.a(USBUART_1.o)
 .debug_info    0x00004202      0x903 .\CortexM3\ARM_GCC_493\Debug\Node-Beaver.a(USBUART_1_cdc.o)
 .debug_info    0x00004b05      0x521 .\CortexM3\ARM_GCC_493\Debug\Node-Beaver.a(USBUART_1_drv.o)
 .debug_info    0x00005026      0x22f .\CortexM3\ARM_GCC_493\Debug\Node-Beaver.a(USBUART_1_episr.o)
 .debug_info    0x00005255      0x186 .\CortexM3\ARM_GCC_493\Debug\Node-Beaver.a(USBUART_1_pm.o)
 .debug_info    0x000053db      0x950 .\CortexM3\ARM_GCC_493\Debug\Node-Beaver.a(USBUART_1_std.o)
 .debug_info    0x00005d2b      0x19d .\CortexM3\ARM_GCC_493\Debug\Node-Beaver.a(USBUART_1_vnd.o)
 .debug_info    0x00005ec8      0x171 .\CortexM3\ARM_GCC_493\Debug\Node-Beaver.a(USBUART_1_Dp.o)
 .debug_info    0x00006039      0x261 .\CortexM3\ARM_GCC_493\Debug\Node-Beaver.a(power_isr.o)
 .debug_info    0x0000629a      0x1fa .\CortexM3\ARM_GCC_493\Debug\Node-Beaver.a(rtc_i2c.o)
 .debug_info    0x00006494      0x14f .\CortexM3\ARM_GCC_493\Debug\Node-Beaver.a(rtc_i2c_INT.o)
 .debug_info    0x000065e3      0x193 .\CortexM3\ARM_GCC_493\Debug\Node-Beaver.a(rtc_i2c_PM.o)
 .debug_info    0x00006776      0x3f1 .\CortexM3\ARM_GCC_493\Debug\Node-Beaver.a(rtc_i2c_MASTER.o)
 .debug_info    0x00006b67      0x23a .\CortexM3\ARM_GCC_493\Debug\Node-Beaver.a(time_refresh_isr.o)
 .debug_info    0x00006da1      0x254 .\CortexM3\ARM_GCC_493\Debug\Node-Beaver.a(millis_timer.o)
 .debug_info    0x00006ff5      0x254 .\CortexM3\ARM_GCC_493\Debug\Node-Beaver.a(time_refresh_timer.o)
 .debug_info    0x00007249      0x23f .\CortexM3\ARM_GCC_493\Debug\Node-Beaver.a(power_comp.o)
 .debug_info    0x00007488      0x254 .\CortexM3\ARM_GCC_493\Debug\Node-Beaver.a(sd_timer.o)
 .debug_info    0x000076dc      0x23a .\CortexM3\ARM_GCC_493\Debug\Node-Beaver.a(sd_isr.o)
 .debug_info    0x00007916      0x254 .\CortexM3\ARM_GCC_493\Debug\Node-Beaver.a(watchdog_timer.o)
 .debug_info    0x00007b6a      0x23a .\CortexM3\ARM_GCC_493\Debug\Node-Beaver.a(wdt_reset_isr.o)
 .debug_info    0x00007da4      0x23a .\CortexM3\ARM_GCC_493\Debug\Node-Beaver.a(car_state_isr.o)
 .debug_info    0x00007fde      0x254 .\CortexM3\ARM_GCC_493\Debug\Node-Beaver.a(car_state_timer.o)
 .debug_info    0x00008232      0x254 .\CortexM3\ARM_GCC_493\Debug\Node-Beaver.a(heartbeat_timer.o)
 .debug_info    0x00008486      0x23a .\CortexM3\ARM_GCC_493\Debug\Node-Beaver.a(heartbeat_isr.o)
 .debug_info    0x000086c0       0x8f .\CortexM3\ARM_GCC_493\Debug\Node-Beaver.a(CyBootAsmGnu.o)
 .debug_info    0x0000874f      0x36a .\CortexM3\ARM_GCC_493\Debug\Node-Beaver.a(CyFlash.o)
 .debug_info    0x00008ab9      0x453 .\CortexM3\ARM_GCC_493\Debug\Node-Beaver.a(CySpc.o)
 .debug_info    0x00008f0c       0xef .\CortexM3\ARM_GCC_493\Debug\Node-Beaver.a(cyutils.o)
 .debug_info    0x00008ffb      0x1bc .\CortexM3\ARM_GCC_493\Debug\Node-Beaver.a(USBUART_1_cls.o)
 .debug_info    0x000091b7      0x2cb .\CortexM3\ARM_GCC_493\Debug\Node-Beaver.a(USBUART_1_descr.o)
 .debug_info    0x00009482      0x281 .\CortexM3\ARM_GCC_493\Debug\Node-Beaver.a(emFile_1_ConfigMMC_SPI.o)
 .debug_info    0x00009703      0x339 .\CortexM3\ARM_GCC_493\Debug\Node-Beaver.a(emFile_1_MMC_HW_SPI.o)
 .debug_info    0x00009a3c      0x3ed .\CortexM3\ARM_GCC_493\Debug\Node-Beaver.a(emFile_1_SPI0.o)
 .debug_info    0x00009e29      0x25d .\CortexM3\ARM_GCC_493\Debug\Node-Beaver.a(emFile_1_Clock_1.o)