Archive member included because of file (symbol)

.\CortexM3\ARM_GCC_493\Debug\Node-Capybara.a(cyfitter_cfg.o)
                              .\CortexM3\ARM_GCC_493\Debug\Cm3Start.o (cyfitter_cfg)
.\CortexM3\ARM_GCC_493\Debug\Node-Capybara.a(CyDmac.o)
                              .\CortexM3\ARM_GCC_493\Debug\Cm3Start.o (CyDmacConfigure)
.\CortexM3\ARM_GCC_493\Debug\Node-Capybara.a(CyLib.o)
                              .\CortexM3\ARM_GCC_493\Debug\Cm3Start.o (CyResetStatus)
.\CortexM3\ARM_GCC_493\Debug\Node-Capybara.a(cyPm.o)
                              .\CortexM3\ARM_GCC_493\Debug\Node-Capybara.a(CyLib.o) (CyPmReadStatus)
.\CortexM3\ARM_GCC_493\Debug\Node-Capybara.a(CAN_1.o)
                              .\CortexM3\ARM_GCC_493\Debug\can_manager.o (CAN_1_Init)
.\CortexM3\ARM_GCC_493\Debug\Node-Capybara.a(CAN_1_INT.o)
                              .\CortexM3\ARM_GCC_493\Debug\Node-Capybara.a(CAN_1.o) (CAN_1_ISR)
.\CortexM3\ARM_GCC_493\Debug\Node-Capybara.a(CAN_1_TX_RX_func.o)
                              .\CortexM3\ARM_GCC_493\Debug\can_manager.o (CAN_1_SendMsg)
.\CortexM3\ARM_GCC_493\Debug\Node-Capybara.a(USBUART_1.o)
                              .\CortexM3\ARM_GCC_493\Debug\usb_manager.o (USBUART_1_Start)
.\CortexM3\ARM_GCC_493\Debug\Node-Capybara.a(USBUART_1_cdc.o)
                              .\CortexM3\ARM_GCC_493\Debug\usb_manager.o (USBUART_1_DataIsReady)
.\CortexM3\ARM_GCC_493\Debug\Node-Capybara.a(USBUART_1_drv.o)
                              .\CortexM3\ARM_GCC_493\Debug\Node-Capybara.a(USBUART_1.o) (USBUART_1_EP)
.\CortexM3\ARM_GCC_493\Debug\Node-Capybara.a(USBUART_1_episr.o)
                              .\CortexM3\ARM_GCC_493\Debug\Node-Capybara.a(USBUART_1.o) (USBUART_1_EP_1_ISR)
.\CortexM3\ARM_GCC_493\Debug\Node-Capybara.a(USBUART_1_pm.o)
                              .\CortexM3\ARM_GCC_493\Debug\Node-Capybara.a(USBUART_1.o) (USBUART_1_DP_ISR)
.\CortexM3\ARM_GCC_493\Debug\Node-Capybara.a(USBUART_1_std.o)
                              .\CortexM3\ARM_GCC_493\Debug\Node-Capybara.a(USBUART_1_drv.o) (USBUART_1_HandleStandardRqst)
.\CortexM3\ARM_GCC_493\Debug\Node-Capybara.a(USBUART_1_vnd.o)
                              .\CortexM3\ARM_GCC_493\Debug\Node-Capybara.a(USBUART_1_drv.o) (USBUART_1_HandleVendorRqst)
.\CortexM3\ARM_GCC_493\Debug\Node-Capybara.a(USBUART_1_Dp.o)
                              .\CortexM3\ARM_GCC_493\Debug\Node-Capybara.a(USBUART_1.o) (USBUART_1_Dp_ClearInterrupt)
.\CortexM3\ARM_GCC_493\Debug\Node-Capybara.a(power_isr.o)
                              .\CortexM3\ARM_GCC_493\Debug\sd_manager.o (power_isr_StartEx)
.\CortexM3\ARM_GCC_493\Debug\Node-Capybara.a(millis_timer.o)
                              .\CortexM3\ARM_GCC_493\Debug\SoC_manager.o (millis_timer_Start)
.\CortexM3\ARM_GCC_493\Debug\Node-Capybara.a(power_comp.o)
                              .\CortexM3\ARM_GCC_493\Debug\sd_manager.o (power_comp_Start)
.\CortexM3\ARM_GCC_493\Debug\Node-Capybara.a(sd_timer.o)
                              .\CortexM3\ARM_GCC_493\Debug\sd_manager.o (sd_timer_Start)
.\CortexM3\ARM_GCC_493\Debug\Node-Capybara.a(sd_isr.o)
                              .\CortexM3\ARM_GCC_493\Debug\sd_manager.o (sd_isr_StartEx)
.\CortexM3\ARM_GCC_493\Debug\Node-Capybara.a(Channel_1_Timer.o)
                              .\CortexM3\ARM_GCC_493\Debug\speed_manager.o (Channel_1_Timer_Start)
.\CortexM3\ARM_GCC_493\Debug\Node-Capybara.a(CR1.o)
                              .\CortexM3\ARM_GCC_493\Debug\speed_manager.o (CR1_Write)
.\CortexM3\ARM_GCC_493\Debug\Node-Capybara.a(Comp_1.o)
                              .\CortexM3\ARM_GCC_493\Debug\speed_manager.o (Comp_1_Start)
.\CortexM3\ARM_GCC_493\Debug\Node-Capybara.a(DVDAC_1.o)
                              .\CortexM3\ARM_GCC_493\Debug\speed_manager.o (DVDAC_1_Start)
.\CortexM3\ARM_GCC_493\Debug\Node-Capybara.a(DVDAC_1_DMA_dma.o)
                              .\CortexM3\ARM_GCC_493\Debug\Node-Capybara.a(DVDAC_1.o) (DVDAC_1_DMA_DmaInitialize)
.\CortexM3\ARM_GCC_493\Debug\Node-Capybara.a(DVDAC_1_VDAC8.o)
                              .\CortexM3\ARM_GCC_493\Debug\Node-Capybara.a(DVDAC_1.o) (DVDAC_1_VDAC8_Init)
.\CortexM3\ARM_GCC_493\Debug\Node-Capybara.a(DVDAC_1_IntClock.o)
                              .\CortexM3\ARM_GCC_493\Debug\Node-Capybara.a(DVDAC_1.o) (DVDAC_1_IntClock_Start)
.\CortexM3\ARM_GCC_493\Debug\Node-Capybara.a(PGA_1.o)
                              .\CortexM3\ARM_GCC_493\Debug\speed_manager.o (PGA_1_Start)
.\CortexM3\ARM_GCC_493\Debug\Node-Capybara.a(Channel_3_Timer.o)
                              .\CortexM3\ARM_GCC_493\Debug\speed_manager.o (Channel_3_Timer_Start)
.\CortexM3\ARM_GCC_493\Debug\Node-Capybara.a(CR3.o)
                              .\CortexM3\ARM_GCC_493\Debug\speed_manager.o (CR3_Write)
.\CortexM3\ARM_GCC_493\Debug\Node-Capybara.a(Comp_3.o)
                              .\CortexM3\ARM_GCC_493\Debug\speed_manager.o (Comp_3_Start)
.\CortexM3\ARM_GCC_493\Debug\Node-Capybara.a(DVDAC_3.o)
[...]
Memory Configuration

Name             Origin             Length             Attributes
rom              0x00000000         0x00040000         xr
ram              0x1fff8000         0x00010000         xrw
*default*        0x00000000         0xffffffff

Linker script and memory map

LOAD d:/programming/cypress/psoc creator/4.0/psoc creator/import/gnu/arm/4.9.3/bin/../lib/gcc/arm-none-eabi/4.9.3/armv7-m/crti.o
LOAD d:/programming/cypress/psoc creator/4.0/psoc creator/import/gnu/arm/4.9.3/bin/../lib/gcc/arm-none-eabi/4.9.3/armv7-m/crtbegin.o
LOAD d:/programming/cypress/psoc creator/4.0/psoc creator/import/gnu/arm/4.9.3/bin/../lib/gcc/arm-none-eabi/4.9.3/../../../../arm-none-eabi/lib/armv7-m/crt0.o
START GROUP
LOAD .\CortexM3\ARM_GCC_493\Debug\main.o
LOAD .\CortexM3\ARM_GCC_493\Debug\can_manager.o
LOAD .\CortexM3\ARM_GCC_493\Debug\sd_manager.o
LOAD .\CortexM3\ARM_GCC_493\Debug\usb_manager.o
LOAD .\CortexM3\ARM_GCC_493\Debug\speed_manager.o
LOAD .\CortexM3\ARM_GCC_493\Debug\SoC_manager.o
LOAD .\CortexM3\ARM_GCC_493\Debug\cymetadata.o
LOAD .\CortexM3\ARM_GCC_493\Debug\Cm3Start.o
LOAD .\CortexM3\ARM_GCC_493\Debug\Node-Capybara.a
LOAD D:\Programming\Cypress\PSoC Creator\4.0\PSoC Creator\psoc\content\cycomponentlibrary\CyComponentLibrary.cylib\CortexM3\ARM_GCC_493\Debug\CyComponentLibrary.a
LOAD .\emFile_V322c\LinkLibrary\PSoC5\GCC\libemf32noslfn.a
END GROUP
START GROUP
LOAD d:/programming/cypress/psoc creator/4.0/psoc creator/import/gnu/arm/4.9.3/bin/../lib/gcc/arm-none-eabi/4.9.3/armv7-m\libgcc.a
LOAD d:/programming/cypress/psoc creator/4.0/psoc creator/import/gnu/arm/4.9.3/bin/../lib/gcc/arm-none-eabi/4.9.3/../../../../arm-none-eabi/lib/armv7-m\libg_nano.a
LOAD d:/programming/cypress/psoc creator/4.0/psoc creator/import/gnu/arm/4.9.3/bin/../lib/gcc/arm-none-eabi/4.9.3/../../../../arm-none-eabi/lib/armv7-m\libc_nano.a
END GROUP
START GROUP
LOAD d:/programming/cypress/psoc creator/4.0/psoc creator/import/gnu/arm/4.9.3/bin/../lib/gcc/arm-none-eabi/4.9.3/armv7-m\libgcc.a
LOAD d:/programming/cypress/psoc creator/4.0/psoc creator/import/gnu/arm/4.9.3/bin/../lib/gcc/arm-none-eabi/4.9.3/../../../../arm-none-eabi/lib/armv7-m\libc_nano.a
END GROUP
LOAD d:/programming/cypress/psoc creator/4.0/psoc creator/import/gnu/arm/4.9.3/bin/../lib/gcc/arm-none-eabi/4.9.3/armv7-m/crtend.o
LOAD d:/programming/cypress/psoc creator/4.0/psoc creator/import/gnu/arm/4.9.3/bin/../lib/gcc/arm-none-eabi/4.9.3/armv7-m/crtn.o
START GROUP
LOAD d:/programming/cypress/psoc creator/4.0/psoc creator/import/gnu/arm/4.9.3/bin/../lib/gcc/arm-none-eabi/4.9.3/armv7-m\libgcc.a
LOAD d:/programming/cypress/psoc creator/4.0/psoc creator/import/gnu/arm/4.9.3/bin/../lib/gcc/arm-none-eabi/4.9.3/../../../../arm-none-eabi/lib/armv7-m\libc.a
LOAD d:/programming/cypress/psoc creator/4.0/psoc creator/import/gnu/arm/4.9.3/bin/../lib/gcc/arm-none-eabi/4.9.3/../../../../arm-none-eabi/lib/armv7-m\libnosys.a
END GROUP
                0x00000000                CY_APPL_ORIGIN = 0x0
                0x00000100                CY_FLASH_ROW_SIZE = 0x100
                0x00000020                CY_ECC_ROW_SIZE = 0x20
                0x00000000                CY_EE_IN_BTLDR = 0x0
                0x00000000                CY_APPL_LOADABLE = 0x0
                0x00000800                CY_EE_SIZE = 0x800
                0x00000001                CY_APPL_NUM = 0x1
                0x00000001                CY_APPL_MAX = 0x1
                0x00000040                CY_METADATA_SIZE = 0x40
                0x00000000                CY_APPL_LOADABLE = 0x0
                0x00000000                CY_CHECKSUM_EXCLUDE_SIZE = ALIGN (0x0, CY_FLASH_ROW_SIZE)
                0x1fffd410                PROVIDE (__cy_heap_start, _end)
                0x00000001                PROVIDE (__cy_region_num, ((__cy_regions_end - __cy_regions) / 0x10))
                0x20008000                PROVIDE (__cy_stack, (ORIGIN (ram) + 0x10000))
                0x20004000                PROVIDE (__cy_heap_end, (__cy_stack - 0x4000))

.cybootloader   0x00000000        0x0
 *(.cybootloader)
                0x00000000                appl1_start = CY_APPL_ORIGIN?CY_APPL_ORIGIN:ALIGN (CY_FLASH_ROW_SIZE)
                0x0001ff00                appl2_start = (appl1_start + ALIGN ((((0x40000 - appl1_start) - (0x2 * CY_FLASH_ROW_SIZE)) / 0x2), CY_FLASH_ROW_SIZE))
                0x00000000                appl_start = (CY_APPL_NUM == 0x1)?appl1_start:appl2_start
                0x00000000                ecc_offset = ((appl_start / CY_FLASH_ROW_SIZE) * CY_ECC_ROW_SIZE)
                0x00000000                ee_offset = (CY_APPL_LOADABLE && ! (CY_EE_IN_BTLDR))?((CY_EE_SIZE / CY_APPL_MAX) * (CY_APPL_NUM - 0x1)):0x0
                0x00000800                ee_size = (CY_APPL_LOADABLE && ! (CY_EE_IN_BTLDR))?(CY_EE_SIZE / CY_APPL_MAX):CY_EE_SIZE
                0x00000000                PROVIDE (CY_ECC_OFFSET, ecc_offset)

.text           0x00000000     0x88ee
 CREATE_OBJECT_SYMBOLS
                0x00000000                PROVIDE (__cy_interrupt_vector, RomVectors)
 *(.romvectors)
 .romvectors    0x00000000       0x10 .\CortexM3\ARM_GCC_493\Debug\Cm3Start.o
                0x00000000                RomVectors
                0x00000001                ASSERT ((. != __cy_interrupt_vector), No interrupt vector)
                0x00000001                ASSERT (CY_APPL_ORIGIN?(SIZEOF (.cybootloader) <= CY_APPL_ORIGIN):0x1, Wrong image location)
                0x00000010                PROVIDE (__cy_reset, Reset)
 *(.text.Reset)
 .text.Reset    0x00000010       0x18 .\CortexM3\ARM_GCC_493\Debug\Cm3Start.o
                0x00000010                Reset
                0x00000001                ASSERT ((. != __cy_reset), No reset code)
 *(.dma_init)
                0x00000001                ASSERT ((((appl_start + .) <= 0x10000) || 0x1), DMA Init must be within the first 64k of flash)
 *(.text .text.* .gnu.linkonce.t.*)
 .text          0x00000028       0x5c d:/programming/cypress/psoc creator/4.0/psoc creator/import/gnu/arm/4.9.3/bin/../lib/gcc/arm-none-eabi/4.9.3/armv7-m/crtbegin.o
 .text.main     0x00000084       0x34 .\CortexM3\ARM_GCC_493\Debug\main.o
                0x00000084                main
 .text.status_isr_custom
                0x000000b8       0x20 .\CortexM3\ARM_GCC_493\Debug\can_manager.o
                0x000000b8                status_isr_custom
 .text.can_init
                0x000000d8       0x4c .\CortexM3\ARM_GCC_493\Debug\can_manager.o
                0x000000d8                can_init
 .text.can_msg_init
                0x00000124       0xa4 .\CortexM3\ARM_GCC_493\Debug\can_manager.o
                0x00000124                can_msg_init
 .text.can_process
                0x000001c8       0x40 .\CortexM3\ARM_GCC_493\Debug\can_manager.o
                0x000001c8                can_process
 .text.can_compare
                0x00000208      0x14c .\CortexM3\ARM_GCC_493\Debug\can_manager.o
                0x00000208                can_compare
 .text.power_isr_custom
                0x00000354       0x18 .\CortexM3\ARM_GCC_493\Debug\sd_manager.o
                0x00000354                power_isr_custom
 .text.sd_isr_custom
                0x0000036c        0xc .\CortexM3\ARM_GCC_493\Debug\sd_manager.o
                0x0000036c                sd_isr_custom
 .text.sd_init  0x00000378       0xec .\CortexM3\ARM_GCC_493\Debug\sd_manager.o
                0x00000378                sd_init
 .text.sd_write
                0x00000464       0x80 .\CortexM3\ARM_GCC_493\Debug\sd_manager.o
                0x00000464                sd_write
 .text.sd_stop  0x000004e4       0x28 .\CortexM3\ARM_GCC_493\Debug\sd_manager.o
                0x000004e4                sd_stop
 .text.Channel1_isr_Handler
                0x0000050c       0x40 .\CortexM3\ARM_GCC_493\Debug\speed_manager.o
                0x0000050c                Channel1_isr_Handler
 .text.Channel3_isr_Handler
                0x0000054c       0x40 .\CortexM3\ARM_GCC_493\Debug\speed_manager.o
                0x0000054c                Channel3_isr_Handler
 .text.Channel4_isr_Handler
                0x0000058c       0x40 .\CortexM3\ARM_GCC_493\Debug\speed_manager.o
                0x0000058c                Channel4_isr_Handler
 .text.speed_init
                0x000005cc       0x54 .\CortexM3\ARM_GCC_493\Debug\speed_manager.o
                0x000005cc                speed_init
 .text.SoC_volt_calc
                0x00000620      0x174 .\CortexM3\ARM_GCC_493\Debug\SoC_manager.o
                0x00000620                SoC_volt_calc
 .text.IntDefaultHandler
                0x00000794       0x14 .\CortexM3\ARM_GCC_493\Debug\Cm3Start.o
                0x00000794                IntDefaultHandler
 .text.Start_c  0x000007a8       0x98 .\CortexM3\ARM_GCC_493\Debug\Cm3Start.o
                0x000007a8                Start_c
 .text.initialize_psoc
                0x00000840       0x90 .\CortexM3\ARM_GCC_493\Debug\Cm3Start.o
                0x00000840                initialize_psoc
 .text.CYMEMZERO
                0x000008d0       0x1c .\CortexM3\ARM_GCC_493\Debug\Node-Capybara.a(cyfitter_cfg.o)
 .text.CYCONFIGCPY
                0x000008ec       0x1c .\CortexM3\ARM_GCC_493\Debug\Node-Capybara.a(cyfitter_cfg.o)
 .text.CyClockStartupError
                0x00000908        0xc .\CortexM3\ARM_GCC_493\Debug\Node-Capybara.a(cyfitter_cfg.o)
 .text.cfg_write_bytes32
                0x00000914       0x74 .\CortexM3\ARM_GCC_493\Debug\Node-Capybara.a(cyfitter_cfg.o)
 .text.ClockSetup
                0x00000988      0x19c .\CortexM3\ARM_GCC_493\Debug\Node-Capybara.a(cyfitter_cfg.o)
 .text.AnalogSetDefault
                0x00000b24      0x114 .\CortexM3\ARM_GCC_493\Debug\Node-Capybara.a(cyfitter_cfg.o)
 .text.cyfitter_cfg
                0x00000c38      0x228 .\CortexM3\ARM_GCC_493\Debug\Node-Capybara.a(cyfitter_cfg.o)
                0x00000c38                cyfitter_cfg
 .text.CyDmacConfigure
                0x00000e60       0x5c .\CortexM3\ARM_GCC_493\Debug\Node-Capybara.a(CyDmac.o)
                0x00000e60                CyDmacConfigure
 .text.CyDmaChEnable
                0x00000ebc       0x8c .\CortexM3\ARM_GCC_493\Debug\Node-Capybara.a(CyDmac.o)
                0x00000ebc                CyDmaChEnable
 .text.CyDmaChPriority
                0x00000f48       0x60 .\CortexM3\ARM_GCC_493\Debug\Node-Capybara.a(CyDmac.o)
                0x00000f48                CyDmaChPriority
 .text.CyDmaChSetExtendedAddress
                0x00000fa8       0x7c .\CortexM3\ARM_GCC_493\Debug\Node-Capybara.a(CyDmac.o)
                0x00000fa8                CyDmaChSetExtendedAddress
 .text.CyDmaChSetInitialTd
                0x00001024       0x3c .\CortexM3\ARM_GCC_493\Debug\Node-Capybara.a(CyDmac.o)
                0x00001024                CyDmaChSetInitialTd
 .text.CyDmaChSetConfiguration
                0x00001060       0xa0 .\CortexM3\ARM_GCC_493\Debug\Node-Capybara.a(CyDmac.o)
                0x00001060                CyDmaChSetConfiguration
 .text.CyDmaTdAllocate
                0x00001100       0x5c .\CortexM3\ARM_GCC_493\Debug\Node-Capybara.a(CyDmac.o)
                0x00001100                CyDmaTdAllocate
 .text.CyDmaTdSetConfiguration
                0x0000115c       0x80 .\CortexM3\ARM_GCC_493\Debug\Node-Capybara.a(CyDmac.o)
                0x0000115c                CyDmaTdSetConfiguration
 .text.CyDmaTdSetAddress
                0x000011dc       0x5c .\CortexM3\ARM_GCC_493\Debug\Node-Capybara.a(CyDmac.o)
                0x000011dc                CyDmaTdSetAddress
 .text.CyHalt   0x00001238       0x18 .\CortexM3\ARM_GCC_493\Debug\Node-Capybara.a(CyLib.o)
                0x00001238                CyHalt
 .text.CyDelay  0x00001250       0x44 .\CortexM3\ARM_GCC_493\Debug\Node-Capybara.a(CyLib.o)
                0x00001250                CyDelay
 .text.CyIntSetVector
                0x00001294       0x50 .\CortexM3\ARM_GCC_493\Debug\Node-Capybara.a(CyLib.o)
                0x00001294                CyIntSetVector
 .text.CyIntSetPriority
                0x000012e4       0x44 .\CortexM3\ARM_GCC_493\Debug\Node-Capybara.a(CyLib.o)
                0x000012e4                CyIntSetPriority
 .text.CAN_1_RxTxBuffersConfig
                0x00001328       0x80 .\CortexM3\ARM_GCC_493\Debug\Node-Capybara.a(CAN_1.o)
                0x00001328                CAN_1_RxTxBuffersConfig
 .text.CAN_1_Init
                0x000013a8      0x128 .\CortexM3\ARM_GCC_493\Debug\Node-Capybara.a(CAN_1.o)
                0x000013a8                CAN_1_Init
 .text.CAN_1_Enable
                0x000014d0       0xa4 .\CortexM3\ARM_GCC_493\Debug\Node-Capybara.a(CAN_1.o)
                0x000014d0                CAN_1_Enable
 .text.CAN_1_Start
                0x00001574       0x3c .\CortexM3\ARM_GCC_493\Debug\Node-Capybara.a(CAN_1.o)
                0x00001574                CAN_1_Start
 .text.CAN_1_GlobalIntEnable
                0x000015b0       0x40 .\CortexM3\ARM_GCC_493\Debug\Node-Capybara.a(CAN_1.o)
                0x000015b0                CAN_1_GlobalIntEnable
 .text.CAN_1_SetPreScaler
                0x000015f0       0x44 .\CortexM3\ARM_GCC_493\Debug\Node-Capybara.a(CAN_1.o)
                0x000015f0                CAN_1_SetPreScaler
 .text.CAN_1_SetArbiter
                0x00001634       0x6c .\CortexM3\ARM_GCC_493\Debug\Node-Capybara.a(CAN_1.o)
                0x00001634                CAN_1_SetArbiter
 .text.CAN_1_SetTsegSample
                0x000016a0       0xd4 .\CortexM3\ARM_GCC_493\Debug\Node-Capybara.a(CAN_1.o)
                0x000016a0                CAN_1_SetTsegSample
 .text.CAN_1_SetRestartType
                0x00001774       0x6c .\CortexM3\ARM_GCC_493\Debug\Node-Capybara.a(CAN_1.o)
                0x00001774                CAN_1_SetRestartType
 .text.CAN_1_SetEdgeMode
                0x000017e0       0x6c .\CortexM3\ARM_GCC_493\Debug\Node-Capybara.a(CAN_1.o)
                0x000017e0                CAN_1_SetEdgeMode
 .text.CAN_1_SetIrqMask
                0x0000184c       0x38 .\CortexM3\ARM_GCC_493\Debug\Node-Capybara.a(CAN_1.o)
                0x0000184c                CAN_1_SetIrqMask
 .text.CAN_1_RxBufConfig
                0x00001884       0xec .\CortexM3\ARM_GCC_493\Debug\Node-Capybara.a(CAN_1.o)
                0x00001884                CAN_1_RxBufConfig
 .text.CAN_1_TxBufConfig
                0x00001970       0x88 .\CortexM3\ARM_GCC_493\Debug\Node-Capybara.a(CAN_1.o)
                0x00001970                CAN_1_TxBufConfig
 .text.CAN_1_MsgRXIsr
                0x000019f8       0x68 .\CortexM3\ARM_GCC_493\Debug\Node-Capybara.a(CAN_1_INT.o)
                0x000019f8                CAN_1_MsgRXIsr
 .text.CAN_1_ISR
                0x00001a60       0x1c .\CortexM3\ARM_GCC_493\Debug\Node-Capybara.a(CAN_1_INT.o)
                0x00001a60                CAN_1_ISR
 .text.CAN_1_SendMsg
                0x00001a7c      0x170 .\CortexM3\ARM_GCC_493\Debug\Node-Capybara.a(CAN_1_TX_RX_func.o)
                0x00001a7c                CAN_1_SendMsg
 .text.CAN_1_ReceiveMsg
                0x00001bec       0xd8 .\CortexM3\ARM_GCC_493\Debug\Node-Capybara.a(CAN_1_TX_RX_func.o)
                0x00001bec                CAN_1_ReceiveMsg
 .text.power_isr_StartEx
                0x00001cc4       0x24 .\CortexM3\ARM_GCC_493\Debug\Node-Capybara.a(power_isr.o)
                0x00001cc4                power_isr_StartEx
 .text.power_isr_SetVector
                0x00001ce8       0x24 .\CortexM3\ARM_GCC_493\Debug\Node-Capybara.a(power_isr.o)
                0x00001ce8                power_isr_SetVector
 .text.power_isr_SetPriority
                0x00001d0c       0x24 .\CortexM3\ARM_GCC_493\Debug\Node-Capybara.a(power_isr.o)
                0x00001d0c                power_isr_SetPriority
 .text.power_isr_Enable
                0x00001d30       0x18 .\CortexM3\ARM_GCC_493\Debug\Node-Capybara.a(power_isr.o)
                0x00001d30                power_isr_Enable
 .text.power_isr_Disable
                0x00001d48       0x18 .\CortexM3\ARM_GCC_493\Debug\Node-Capybara.a(power_isr.o)
                0x00001d48                power_isr_Disable
 .text.power_isr_ClearPending
                0x00001d60       0x18 .\CortexM3\ARM_GCC_493\Debug\Node-Capybara.a(power_isr.o)
                0x00001d60                power_isr_ClearPending
 .text.millis_timer_ReadCounter
                0x00001d78       0x20 .\CortexM3\ARM_GCC_493\Debug\Node-Capybara.a(millis_timer.o)
                0x00001d78                millis_timer_ReadCounter
 .text.power_comp_Init
                0x00001d98       0x64 .\CortexM3\ARM_GCC_493\Debug\Node-Capybara.a(power_comp.o)
                0x00001d98                power_comp_Init
 .text.power_comp_Enable
                0x00001dfc       0x34 .\CortexM3\ARM_GCC_493\Debug\Node-Capybara.a(power_comp.o)
                0x00001dfc                power_comp_Enable
 .text.power_comp_Start
                0x00001e30       0x20 .\CortexM3\ARM_GCC_493\Debug\Node-Capybara.a(power_comp.o)
                0x00001e30                power_comp_Start
 .text.power_comp_SetSpeed
                0x00001e50       0x80 .\CortexM3\ARM_GCC_493\Debug\Node-Capybara.a(power_comp.o)
                0x00001e50                power_comp_SetSpeed
 .text.sd_timer_Init
                0x00001ed0       0x4c .\CortexM3\ARM_GCC_493\Debug\Node-Capybara.a(sd_timer.o)
                0x00001ed0                sd_timer_Init
 .text.sd_timer_Enable
                0x00001f1c       0x20 .\CortexM3\ARM_GCC_493\Debug\Node-Capybara.a(sd_timer.o)
                0x00001f1c                sd_timer_Enable
 .text.sd_timer_Start
                0x00001f3c       0x20 .\CortexM3\ARM_GCC_493\Debug\Node-Capybara.a(sd_timer.o)
                0x00001f3c                sd_timer_Start
 .text.sd_timer_SetInterruptMode
                0x00001f5c       0x20 .\CortexM3\ARM_GCC_493\Debug\Node-Capybara.a(sd_timer.o)
                0x00001f5c                sd_timer_SetInterruptMode
 .text.sd_timer_ReadStatusRegister
                0x00001f7c       0x18 .\CortexM3\ARM_GCC_493\Debug\Node-Capybara.a(sd_timer.o)
                0x00001f7c                sd_timer_ReadStatusRegister
 .text.sd_timer_WritePeriod
                0x00001f94       0x20 .\CortexM3\ARM_GCC_493\Debug\Node-Capybara.a(sd_timer.o)
                0x00001f94                sd_timer_WritePeriod
 .text.sd_timer_ReadCapture
                0x00001fb4       0x18 .\CortexM3\ARM_GCC_493\Debug\Node-Capybara.a(sd_timer.o)
                0x00001fb4                sd_timer_ReadCapture
 .text.sd_timer_WriteCounter
                0x00001fcc       0x20 .\CortexM3\ARM_GCC_493\Debug\Node-Capybara.a(sd_timer.o)
                0x00001fcc                sd_timer_WriteCounter
 .text.sd_timer_ClearFIFO
                0x00001fec       0x1c .\CortexM3\ARM_GCC_493\Debug\Node-Capybara.a(sd_timer.o)
                0x00001fec                sd_timer_ClearFIFO
 .text.sd_isr_StartEx
                0x00002008       0x24 .\CortexM3\ARM_GCC_493\Debug\Node-Capybara.a(sd_isr.o)
                0x00002008                sd_isr_StartEx
 .text.sd_isr_SetVector
                0x0000202c       0x24 .\CortexM3\ARM_GCC_493\Debug\Node-Capybara.a(sd_isr.o)
                0x0000202c                sd_isr_SetVector
 .text.sd_isr_SetPriority
                0x00002050       0x24 .\CortexM3\ARM_GCC_493\Debug\Node-Capybara.a(sd_isr.o)
                0x00002050                sd_isr_SetPriority
 .text.sd_isr_Enable
                0x00002074       0x18 .\CortexM3\ARM_GCC_493\Debug\Node-Capybara.a(sd_isr.o)
                0x00002074                sd_isr_Enable
 .text.sd_isr_Disable
                0x0000208c       0x18 .\CortexM3\ARM_GCC_493\Debug\Node-Capybara.a(sd_isr.o)
                0x0000208c                sd_isr_Disable
 .text.Channel_1_Timer_Init
                0x000020a4       0x54 .\CortexM3\ARM_GCC_493\Debug\Node-Capybara.a(Channel_1_Timer.o)
                0x000020a4                Channel_1_Timer_Init
 .text.Channel_1_Timer_Enable
                0x000020f8       0x20 .\CortexM3\ARM_GCC_493\Debug\Node-Capybara.a(Channel_1_Timer.o)
                0x000020f8                Channel_1_Timer_Enable
 .text.Channel_1_Timer_Start
                0x00002118       0x20 .\CortexM3\ARM_GCC_493\Debug\Node-Capybara.a(Channel_1_Timer.o)
                0x00002118                Channel_1_Timer_Start
 .text.Channel_1_Timer_SetInterruptMode
                0x00002138       0x20 .\CortexM3\ARM_GCC_493\Debug\Node-Capybara.a(Channel_1_Timer.o)
                0x00002138                Channel_1_Timer_SetInterruptMode
 .text.Channel_1_Timer_ReadStatusRegister
                0x00002158       0x18 .\CortexM3\ARM_GCC_493\Debug\Node-Capybara.a(Channel_1_Timer.o)
                0x00002158                Channel_1_Timer_ReadStatusRegister
 .text.Channel_1_Timer_WritePeriod
                0x00002170       0x20 .\CortexM3\ARM_GCC_493\Debug\Node-Capybara.a(Channel_1_Timer.o)
                0x00002170                Channel_1_Timer_WritePeriod
 .text.Channel_1_Timer_ReadCapture
                0x00002190       0x18 .\CortexM3\ARM_GCC_493\Debug\Node-Capybara.a(Channel_1_Timer.o)
                0x00002190                Channel_1_Timer_ReadCapture
 .text.Channel_1_Timer_WriteCounter
                0x000021a8       0x20 .\CortexM3\ARM_GCC_493\Debug\Node-Capybara.a(Channel_1_Timer.o)
                0x000021a8                Channel_1_Timer_WriteCounter
 .text.Channel_1_Timer_ReadCounter
                0x000021c8       0x20 .\CortexM3\ARM_GCC_493\Debug\Node-Capybara.a(Channel_1_Timer.o)
                0x000021c8                Channel_1_Timer_ReadCounter
 .text.Channel_1_Timer_EnableTrigger
                0x000021e8       0x20 .\CortexM3\ARM_GCC_493\Debug\Node-Capybara.a(Channel_1_Timer.o)
                0x000021e8                Channel_1_Timer_EnableTrigger
 .text.Channel_1_Timer_SetInterruptCount
                0x00002208       0x40 .\CortexM3\ARM_GCC_493\Debug\Node-Capybara.a(Channel_1_Timer.o)
                0x00002208                Channel_1_Timer_SetInterruptCount
 .text.Channel_1_Timer_ClearFIFO
                0x00002248       0x1c .\CortexM3\ARM_GCC_493\Debug\Node-Capybara.a(Channel_1_Timer.o)
                0x00002248                Channel_1_Timer_ClearFIFO
 .text.CR1_Write
                0x00002264       0x20 .\CortexM3\ARM_GCC_493\Debug\Node-Capybara.a(CR1.o)
                0x00002264                CR1_Write
 .text.Comp_1_Init
                0x00002284       0x64 .\CortexM3\ARM_GCC_493\Debug\Node-Capybara.a(Comp_1.o)
                0x00002284                Comp_1_Init
 .text.Comp_1_Enable
                0x000022e8       0x34 .\CortexM3\ARM_GCC_493\Debug\Node-Capybara.a(Comp_1.o)
                0x000022e8                Comp_1_Enable
 .text.Comp_1_Start
                0x0000231c       0x20 .\CortexM3\ARM_GCC_493\Debug\Node-Capybara.a(Comp_1.o)
                0x0000231c                Comp_1_Start
 .text.Comp_1_SetSpeed
                0x0000233c       0x80 .\CortexM3\ARM_GCC_493\Debug\Node-Capybara.a(Comp_1.o)
                0x0000233c                Comp_1_SetSpeed
 .text.DVDAC_1_Init
                0x000023bc       0x1c .\CortexM3\ARM_GCC_493\Debug\Node-Capybara.a(DVDAC_1.o)
                0x000023bc                DVDAC_1_Init
 .text.DVDAC_1_Enable
                0x000023d8       0x20 .\CortexM3\ARM_GCC_493\Debug\Node-Capybara.a(DVDAC_1.o)
                0x000023d8                DVDAC_1_Enable
 .text.DVDAC_1_Start
                0x000023f8       0x20 .\CortexM3\ARM_GCC_493\Debug\Node-Capybara.a(DVDAC_1.o)
                0x000023f8                DVDAC_1_Start
 .text.DVDAC_1_InitDma
                0x00002418       0x70 .\CortexM3\ARM_GCC_493\Debug\Node-Capybara.a(DVDAC_1.o)
 .text.DVDAC_1_DMA_DmaInitialize
                0x00002488       0x68 .\CortexM3\ARM_GCC_493\Debug\Node-Capybara.a(DVDAC_1_DMA_dma.o)
                0x00002488                DVDAC_1_DMA_DmaInitialize
 .text.DVDAC_1_VDAC8_Init
                0x000024f0       0x3c .\CortexM3\ARM_GCC_493\Debug\Node-Capybara.a(DVDAC_1_VDAC8.o)
                0x000024f0                DVDAC_1_VDAC8_Init
 .text.DVDAC_1_VDAC8_Enable
                0x0000252c       0x34 .\CortexM3\ARM_GCC_493\Debug\Node-Capybara.a(DVDAC_1_VDAC8.o)
                0x0000252c                DVDAC_1_VDAC8_Enable
 .text.DVDAC_1_VDAC8_SetSpeed
                0x00002560       0x40 .\CortexM3\ARM_GCC_493\Debug\Node-Capybara.a(DVDAC_1_VDAC8.o)
                0x00002560                DVDAC_1_VDAC8_SetSpeed
 .text.DVDAC_1_VDAC8_SetRange
                0x000025a0       0x40 .\CortexM3\ARM_GCC_493\Debug\Node-Capybara.a(DVDAC_1_VDAC8.o)
                0x000025a0                DVDAC_1_VDAC8_SetRange
 .text.DVDAC_1_VDAC8_DacTrim
                0x000025e0       0x3c .\CortexM3\ARM_GCC_493\Debug\Node-Capybara.a(DVDAC_1_VDAC8.o)
                0x000025e0                DVDAC_1_VDAC8_DacTrim
 .text.DVDAC_1_IntClock_Start
                0x0000261c       0x34 .\CortexM3\ARM_GCC_493\Debug\Node-Capybara.a(DVDAC_1_IntClock.o)
                0x0000261c                DVDAC_1_IntClock_Start
 .text.PGA_1_Init
                0x00002650       0x3c .\CortexM3\ARM_GCC_493\Debug\Node-Capybara.a(PGA_1.o)
                0x00002650                PGA_1_Init
 .text.PGA_1_Enable
                0x0000268c       0x48 .\CortexM3\ARM_GCC_493\Debug\Node-Capybara.a(PGA_1.o)
                0x0000268c                PGA_1_Enable
 .text.PGA_1_Start
                0x000026d4       0x20 .\CortexM3\ARM_GCC_493\Debug\Node-Capybara.a(PGA_1.o)
                0x000026d4                PGA_1_Start
 .text.PGA_1_SetPower
                0x000026f4       0x38 .\CortexM3\ARM_GCC_493\Debug\Node-Capybara.a(PGA_1.o)
                0x000026f4                PGA_1_SetPower
 .text.PGA_1_SetGain
                0x0000272c       0xbc .\CortexM3\ARM_GCC_493\Debug\Node-Capybara.a(PGA_1.o)
                0x0000272c                PGA_1_SetGain
 .text.Channel_3_Timer_Init
                0x000027e8       0x54 .\CortexM3\ARM_GCC_493\Debug\Node-Capybara.a(Channel_3_Timer.o)
                0x000027e8                Channel_3_Timer_Init
 .text.Channel_3_Timer_Enable
                0x0000283c       0x20 .\CortexM3\ARM_GCC_493\Debug\Node-Capybara.a(Channel_3_Timer.o)
                0x0000283c                Channel_3_Timer_Enable
 .text.Channel_3_Timer_Start
                0x0000285c       0x20 .\CortexM3\ARM_GCC_493\Debug\Node-Capybara.a(Channel_3_Timer.o)
                0x0000285c                Channel_3_Timer_Start
 .text.Channel_3_Timer_SetInterruptMode
                0x0000287c       0x20 .\CortexM3\ARM_GCC_493\Debug\Node-Capybara.a(Channel_3_Timer.o)
                0x0000287c                Channel_3_Timer_SetInterruptMode
 .text.Channel_3_Timer_ReadStatusRegister
                0x0000289c       0x18 .\CortexM3\ARM_GCC_493\Debug\Node-Capybara.a(Channel_3_Timer.o)
                0x0000289c                Channel_3_Timer_ReadStatusRegister
 .text.Channel_3_Timer_WritePeriod
                0x000028b4       0x20 .\CortexM3\ARM_GCC_493\Debug\Node-Capybara.a(Channel_3_Timer.o)
                0x000028b4                Channel_3_Timer_WritePeriod
 .text.Channel_3_Timer_ReadCapture
                0x000028d4       0x18 .\CortexM3\ARM_GCC_493\Debug\Node-Capybara.a(Channel_3_Timer.o)
                0x000028d4                Channel_3_Timer_ReadCapture
 .text.Channel_3_Timer_WriteCounter
                0x000028ec       0x20 .\CortexM3\ARM_GCC_493\Debug\Node-Capybara.a(Channel_3_Timer.o)
                0x000028ec                Channel_3_Timer_WriteCounter
 .text.Channel_3_Timer_ReadCounter
                0x0000290c       0x20 .\CortexM3\ARM_GCC_493\Debug\Node-Capybara.a(Channel_3_Timer.o)
                0x0000290c                Channel_3_Timer_ReadCounter
 .text.Channel_3_Timer_EnableTrigger
                0x0000292c       0x20 .\CortexM3\ARM_GCC_493\Debug\Node-Capybara.a(Channel_3_Timer.o)
                0x0000292c                Channel_3_Timer_EnableTrigger
 .text.Channel_3_Timer_SetInterruptCount
                0x0000294c       0x40 .\CortexM3\ARM_GCC_493\Debug\Node-Capybara.a(Channel_3_Timer.o)
                0x0000294c                Channel_3_Timer_SetInterruptCount
 .text.Channel_3_Timer_ClearFIFO
                0x0000298c       0x1c .\CortexM3\ARM_GCC_493\Debug\Node-Capybara.a(Channel_3_Timer.o)
                0x0000298c                Channel_3_Timer_ClearFIFO
 .text.CR3_Write
                0x000029a8       0x20 .\CortexM3\ARM_GCC_493\Debug\Node-Capybara.a(CR3.o)
                0x000029a8                CR3_Write
 .text.Comp_3_Init
                0x000029c8       0x64 .\CortexM3\ARM_GCC_493\Debug\Node-Capybara.a(Comp_3.o)
                0x000029c8                Comp_3_Init
 .text.Comp_3_Enable
                0x00002a2c       0x34 .\CortexM3\ARM_GCC_493\Debug\Node-Capybara.a(Comp_3.o)
                0x00002a2c                Comp_3_Enable
 .text.Comp_3_Start
                0x00002a60       0x20 .\CortexM3\ARM_GCC_493\Debug\Node-Capybara.a(Comp_3.o)
                0x00002a60                Comp_3_Start
 .text.Comp_3_SetSpeed
                0x00002a80       0x80 .\CortexM3\ARM_GCC_493\Debug\Node-Capybara.a(Comp_3.o)
                0x00002a80                Comp_3_SetSpeed
 .text.DVDAC_3_Init
                0x00002b00       0x1c .\CortexM3\ARM_GCC_493\Debug\Node-Capybara.a(DVDAC_3.o)
                0x00002b00                DVDAC_3_Init
 .text.DVDAC_3_Enable
                0x00002b1c       0x20 .\CortexM3\ARM_GCC_493\Debug\Node-Capybara.a(DVDAC_3.o)
                0x00002b1c                DVDAC_3_Enable
 .text.DVDAC_3_Start
                0x00002b3c       0x20 .\CortexM3\ARM_GCC_493\Debug\Node-Capybara.a(DVDAC_3.o)
                0x00002b3c                DVDAC_3_Start
 .text.DVDAC_3_InitDma
                0x00002b5c       0x70 .\CortexM3\ARM_GCC_493\Debug\Node-Capybara.a(DVDAC_3.o)
 .text.PGA_3_Init
                0x00002bcc       0x3c .\CortexM3\ARM_GCC_493\Debug\Node-Capybara.a(PGA_3.o)
                0x00002bcc                PGA_3_Init
 .text.PGA_3_Enable
                0x00002c08       0x48 .\CortexM3\ARM_GCC_493\Debug\Node-Capybara.a(PGA_3.o)
                0x00002c08                PGA_3_Enable
 .text.PGA_3_Start
                0x00002c50       0x20 .\CortexM3\ARM_GCC_493\Debug\Node-Capybara.a(PGA_3.o)
                0x00002c50                PGA_3_Start
 .text.PGA_3_SetPower
                0x00002c70       0x38 .\CortexM3\ARM_GCC_493\Debug\Node-Capybara.a(PGA_3.o)
                0x00002c70                PGA_3_SetPower
 .text.PGA_3_SetGain
                0x00002ca8       0xbc .\CortexM3\ARM_GCC_493\Debug\Node-Capybara.a(PGA_3.o)
                0x00002ca8                PGA_3_SetGain
 .text.DVDAC_3_DMA_DmaInitialize
                0x00002d64       0x68 .\CortexM3\ARM_GCC_493\Debug\Node-Capybara.a(DVDAC_3_DMA_dma.o)
                0x00002d64                DVDAC_3_DMA_DmaInitialize
 .text.DVDAC_3_VDAC8_Init
                0x00002dcc       0x3c .\CortexM3\ARM_GCC_493\Debug\Node-Capybara.a(DVDAC_3_VDAC8.o)
                0x00002dcc                DVDAC_3_VDAC8_Init
 .text.DVDAC_3_VDAC8_Enable
                0x00002e08       0x34 .\CortexM3\ARM_GCC_493\Debug\Node-Capybara.a(DVDAC_3_VDAC8.o)
                0x00002e08                DVDAC_3_VDAC8_Enable
 .text.DVDAC_3_VDAC8_SetSpeed
                0x00002e3c       0x40 .\CortexM3\ARM_GCC_493\Debug\Node-Capybara.a(DVDAC_3_VDAC8.o)
                0x00002e3c                DVDAC_3_VDAC8_SetSpeed
 .text.DVDAC_3_VDAC8_SetRange
                0x00002e7c       0x40 .\CortexM3\ARM_GCC_493\Debug\Node-Capybara.a(DVDAC_3_VDAC8.o)
                0x00002e7c                DVDAC_3_VDAC8_SetRange
 .text.DVDAC_3_VDAC8_DacTrim
                0x00002ebc       0x3c .\CortexM3\ARM_GCC_493\Debug\Node-Capybara.a(DVDAC_3_VDAC8.o)
                0x00002ebc                DVDAC_3_VDAC8_DacTrim
 .text.DVDAC_3_IntClock_Start
                0x00002ef8       0x34 .\CortexM3\ARM_GCC_493\Debug\Node-Capybara.a(DVDAC_3_IntClock.o)
                0x00002ef8                DVDAC_3_IntClock_Start
 .text.Channel_1_isr_StartEx
                0x00002f2c       0x24 .\CortexM3\ARM_GCC_493\Debug\Node-Capybara.a(Channel_1_isr.o)
                0x00002f2c                Channel_1_isr_StartEx
 .text.Channel_1_isr_SetVector
                0x00002f50       0x24 .\CortexM3\ARM_GCC_493\Debug\Node-Capybara.a(Channel_1_isr.o)
                0x00002f50                Channel_1_isr_SetVector
 .text.Channel_1_isr_SetPriority
                0x00002f74       0x24 .\CortexM3\ARM_GCC_493\Debug\Node-Capybara.a(Channel_1_isr.o)
                0x00002f74                Channel_1_isr_SetPriority
 .text.Channel_1_isr_Enable
                0x00002f98       0x18 .\CortexM3\ARM_GCC_493\Debug\Node-Capybara.a(Channel_1_isr.o)
                0x00002f98                Channel_1_isr_Enable
 .text.Channel_1_isr_Disable
                0x00002fb0       0x18 .\CortexM3\ARM_GCC_493\Debug\Node-Capybara.a(Channel_1_isr.o)
                0x00002fb0                Channel_1_isr_Disable
 .text.Channel_3_isr_StartEx
                0x00002fc8       0x24 .\CortexM3\ARM_GCC_493\Debug\Node-Capybara.a(Channel_3_isr.o)
                0x00002fc8                Channel_3_isr_StartEx
 .text.Channel_3_isr_SetVector
                0x00002fec       0x24 .\CortexM3\ARM_GCC_493\Debug\Node-Capybara.a(Channel_3_isr.o)
                0x00002fec                Channel_3_isr_SetVector
 .text.Channel_3_isr_SetPriority
                0x00003010       0x24 .\CortexM3\ARM_GCC_493\Debug\Node-Capybara.a(Channel_3_isr.o)
                0x00003010                Channel_3_isr_SetPriority
 .text.Channel_3_isr_Enable
                0x00003034       0x18 .\CortexM3\ARM_GCC_493\Debug\Node-Capybara.a(Channel_3_isr.o)
                0x00003034                Channel_3_isr_Enable
 .text.Channel_3_isr_Disable
                0x0000304c       0x18 .\CortexM3\ARM_GCC_493\Debug\Node-Capybara.a(Channel_3_isr.o)
                0x0000304c                Channel_3_isr_Disable
 .text.status_timer_Init
                0x00003064       0x48 .\CortexM3\ARM_GCC_493\Debug\Node-Capybara.a(status_timer.o)
                0x00003064                status_timer_Init
 .text.status_timer_Enable
                0x000030ac       0x20 .\CortexM3\ARM_GCC_493\Debug\Node-Capybara.a(status_timer.o)
                0x000030ac                status_timer_Enable
 .text.status_timer_Start
                0x000030cc       0x20 .\CortexM3\ARM_GCC_493\Debug\Node-Capybara.a(status_timer.o)
                0x000030cc                status_timer_Start
 .text.status_timer_SetInterruptMode
                0x000030ec       0x20 .\CortexM3\ARM_GCC_493\Debug\Node-Capybara.a(status_timer.o)
                0x000030ec                status_timer_SetInterruptMode
 .text.status_timer_ReadStatusRegister
                0x0000310c       0x18 .\CortexM3\ARM_GCC_493\Debug\Node-Capybara.a(status_timer.o)
                0x0000310c                status_timer_ReadStatusRegister
 .text.status_timer_WritePeriod
                0x00003124       0x20 .\CortexM3\ARM_GCC_493\Debug\Node-Capybara.a(status_timer.o)
                0x00003124                status_timer_WritePeriod
 .text.status_timer_ReadCapture
                0x00003144       0x18 .\CortexM3\ARM_GCC_493\Debug\Node-Capybara.a(status_timer.o)
                0x00003144                status_timer_ReadCapture
 .text.status_timer_WriteCounter
                0x0000315c       0x20 .\CortexM3\ARM_GCC_493\Debug\Node-Capybara.a(status_timer.o)
                0x0000315c                status_timer_WriteCounter
 .text.status_timer_ClearFIFO
                0x0000317c       0x1c .\CortexM3\ARM_GCC_493\Debug\Node-Capybara.a(status_timer.o)
                0x0000317c                status_timer_ClearFIFO
 .text.status_isr_StartEx
                0x00003198       0x24 .\CortexM3\ARM_GCC_493\Debug\Node-Capybara.a(status_isr.o)
                0x00003198                status_isr_StartEx
 .text.status_isr_SetVector
                0x000031bc       0x24 .\CortexM3\ARM_GCC_493\Debug\Node-Capybara.a(status_isr.o)
                0x000031bc                status_isr_SetVector
 .text.status_isr_SetPriority
                0x000031e0       0x24 .\CortexM3\ARM_GCC_493\Debug\Node-Capybara.a(status_isr.o)
                0x000031e0                status_isr_SetPriority
 .text.status_isr_Enable
                0x00003204       0x18 .\CortexM3\ARM_GCC_493\Debug\Node-Capybara.a(status_isr.o)
                0x00003204                status_isr_Enable
 .text.status_isr_Disable
                0x0000321c       0x18 .\CortexM3\ARM_GCC_493\Debug\Node-Capybara.a(status_isr.o)
                0x0000321c                status_isr_Disable
 .text.Channel_4_Timer_Init
                0x00003234       0x54 .\CortexM3\ARM_GCC_493\Debug\Node-Capybara.a(Channel_4_Timer.o)
                0x00003234                Channel_4_Timer_Init
 .text.Channel_4_Timer_Enable
                0x00003288       0x20 .\CortexM3\ARM_GCC_493\Debug\Node-Capybara.a(Channel_4_Timer.o)
                0x00003288                Channel_4_Timer_Enable
 .text.Channel_4_Timer_Start
                0x000032a8       0x20 .\CortexM3\ARM_GCC_493\Debug\Node-Capybara.a(Channel_4_Timer.o)
                0x000032a8                Channel_4_Timer_Start
 .text.Channel_4_Timer_SetInterruptMode
                0x000032c8       0x20 .\CortexM3\ARM_GCC_493\Debug\Node-Capybara.a(Channel_4_Timer.o)
                0x000032c8                Channel_4_Timer_SetInterruptMode
 .text.Channel_4_Timer_ReadStatusRegister
                0x000032e8       0x18 .\CortexM3\ARM_GCC_493\Debug\Node-Capybara.a(Channel_4_Timer.o)
                0x000032e8                Channel_4_Timer_ReadStatusRegister
 .text.Channel_4_Timer_WritePeriod
                0x00003300       0x20 .\CortexM3\ARM_GCC_493\Debug\Node-Capybara.a(Channel_4_Timer.o)
                0x00003300                Channel_4_Timer_WritePeriod
 .text.Channel_4_Timer_ReadCapture
                0x00003320       0x18 .\CortexM3\ARM_GCC_493\Debug\Node-Capybara.a(Channel_4_Timer.o)
                0x00003320                Channel_4_Timer_ReadCapture
 .text.Channel_4_Timer_WriteCounter
                0x00003338       0x20 .\CortexM3\ARM_GCC_493\Debug\Node-Capybara.a(Channel_4_Timer.o)
                0x00003338                Channel_4_Timer_WriteCounter
 .text.Channel_4_Timer_ReadCounter
                0x00003358       0x20 .\CortexM3\ARM_GCC_493\Debug\Node-Capybara.a(Channel_4_Timer.o)
                0x00003358                Channel_4_Timer_ReadCounter
 .text.Channel_4_Timer_EnableTrigger
                0x00003378       0x20 .\CortexM3\ARM_GCC_493\Debug\Node-Capybara.a(Channel_4_Timer.o)
                0x00003378                Channel_4_Timer_EnableTrigger
 .text.Channel_4_Timer_SetInterruptCount
                0x00003398       0x40 .\CortexM3\ARM_GCC_493\Debug\Node-Capybara.a(Channel_4_Timer.o)
                0x00003398                Channel_4_Timer_SetInterruptCount
 .text.Channel_4_Timer_ClearFIFO
                0x000033d8       0x1c .\CortexM3\ARM_GCC_493\Debug\Node-Capybara.a(Channel_4_Timer.o)
                0x000033d8                Channel_4_Timer_ClearFIFO
 .text.Channel_4_isr_StartEx
                0x000033f4       0x24 .\CortexM3\ARM_GCC_493\Debug\Node-Capybara.a(Channel_4_isr.o)
                0x000033f4                Channel_4_isr_StartEx
 .text.Channel_4_isr_SetVector
                0x00003418       0x24 .\CortexM3\ARM_GCC_493\Debug\Node-Capybara.a(Channel_4_isr.o)
                0x00003418                Channel_4_isr_SetVector
 .text.Channel_4_isr_SetPriority
                0x0000343c       0x24 .\CortexM3\ARM_GCC_493\Debug\Node-Capybara.a(Channel_4_isr.o)
                0x0000343c                Channel_4_isr_SetPriority
 .text.Channel_4_isr_Enable
                0x00003460       0x18 .\CortexM3\ARM_GCC_493\Debug\Node-Capybara.a(Channel_4_isr.o)
                0x00003460                Channel_4_isr_Enable
 .text.Channel_4_isr_Disable
                0x00003478       0x18 .\CortexM3\ARM_GCC_493\Debug\Node-Capybara.a(Channel_4_isr.o)
                0x00003478                Channel_4_isr_Disable
 .text.CR4_Write
                0x00003490       0x20 .\CortexM3\ARM_GCC_493\Debug\Node-Capybara.a(CR4.o)
                0x00003490                CR4_Write
 .text.Comp_4_Init
                0x000034b0       0x64 .\CortexM3\ARM_GCC_493\Debug\Node-Capybara.a(Comp_4.o)
                0x000034b0                Comp_4_Init
 .text.Comp_4_Enable
                0x00003514       0x34 .\CortexM3\ARM_GCC_493\Debug\Node-Capybara.a(Comp_4.o)
                0x00003514                Comp_4_Enable
 .text.Comp_4_Start
                0x00003548       0x20 .\CortexM3\ARM_GCC_493\Debug\Node-Capybara.a(Comp_4.o)
                0x00003548                Comp_4_Start
 .text.Comp_4_SetSpeed
                0x00003568       0x80 .\CortexM3\ARM_GCC_493\Debug\Node-Capybara.a(Comp_4.o)
                0x00003568                Comp_4_SetSpeed
 .text.DVDAC_4_Init
                0x000035e8       0x1c .\CortexM3\ARM_GCC_493\Debug\Node-Capybara.a(DVDAC_4.o)
                0x000035e8                DVDAC_4_Init
 .text.DVDAC_4_Enable
                0x00003604       0x20 .\CortexM3\ARM_GCC_493\Debug\Node-Capybara.a(DVDAC_4.o)
                0x00003604                DVDAC_4_Enable
 .text.DVDAC_4_Start
                0x00003624       0x20 .\CortexM3\ARM_GCC_493\Debug\Node-Capybara.a(DVDAC_4.o)
                0x00003624                DVDAC_4_Start
 .text.DVDAC_4_InitDma
                0x00003644       0x70 .\CortexM3\ARM_GCC_493\Debug\Node-Capybara.a(DVDAC_4.o)
 .text.PGA_4_Init
                0x000036b4       0x3c .\CortexM3\ARM_GCC_493\Debug\Node-Capybara.a(PGA_4.o)
                0x000036b4                PGA_4_Init
 .text.PGA_4_Enable
                0x000036f0       0x48 .\CortexM3\ARM_GCC_493\Debug\Node-Capybara.a(PGA_4.o)
                0x000036f0                PGA_4_Enable
 .text.PGA_4_Start
                0x00003738       0x20 .\CortexM3\ARM_GCC_493\Debug\Node-Capybara.a(PGA_4.o)
                0x00003738                PGA_4_Start
 .text.PGA_4_SetPower
                0x00003758       0x38 .\CortexM3\ARM_GCC_493\Debug\Node-Capybara.a(PGA_4.o)
                0x00003758                PGA_4_SetPower
 .text.PGA_4_SetGain
                0x00003790       0xbc .\CortexM3\ARM_GCC_493\Debug\Node-Capybara.a(PGA_4.o)
                0x00003790                PGA_4_SetGain
 .text.DVDAC_4_DMA_DmaInitialize
                0x0000384c       0x68 .\CortexM3\ARM_GCC_493\Debug\Node-Capybara.a(DVDAC_4_DMA_dma.o)
                0x0000384c                DVDAC_4_DMA_DmaInitialize
 .text.DVDAC_4_VDAC8_Init
                0x000038b4       0x3c .\CortexM3\ARM_GCC_493\Debug\Node-Capybara.a(DVDAC_4_VDAC8.o)
                0x000038b4                DVDAC_4_VDAC8_Init
 .text.DVDAC_4_VDAC8_Enable
                0x000038f0       0x34 .\CortexM3\ARM_GCC_493\Debug\Node-Capybara.a(DVDAC_4_VDAC8.o)
                0x000038f0                DVDAC_4_VDAC8_Enable
 .text.DVDAC_4_VDAC8_SetSpeed
                0x00003924       0x40 .\CortexM3\ARM_GCC_493\Debug\Node-Capybara.a(DVDAC_4_VDAC8.o)
                0x00003924                DVDAC_4_VDAC8_SetSpeed
 .text.DVDAC_4_VDAC8_SetRange
                0x00003964       0x40 .\CortexM3\ARM_GCC_493\Debug\Node-Capybara.a(DVDAC_4_VDAC8.o)
                0x00003964                DVDAC_4_VDAC8_SetRange
 .text.DVDAC_4_VDAC8_DacTrim
                0x000039a4       0x3c .\CortexM3\ARM_GCC_493\Debug\Node-Capybara.a(DVDAC_4_VDAC8.o)
                0x000039a4                DVDAC_4_VDAC8_DacTrim
 .text.DVDAC_4_IntClock_Start
                0x000039e0       0x34 .\CortexM3\ARM_GCC_493\Debug\Node-Capybara.a(DVDAC_4_IntClock.o)
                0x000039e0                DVDAC_4_IntClock_Start
 *fill*         0x00003a14        0x4 
 .text          0x00003a18       0x20 .\CortexM3\ARM_GCC_493\Debug\Node-Capybara.a(CyBootAsmGnu.o)
                0x00003a18                CyDelayCycles
                0x00003a28                CyEnterCriticalSection
                0x00003a30                CyExitCriticalSection
 .text.FS__SD_Format
                0x00003a38      0x26c .\emFile_V322c\LinkLibrary\PSoC5\GCC\libemf32noslfn.a(FAT_FormatSD.o)
                0x00003a38                FS__SD_Format
 .text.FS_FormatSD
                0x00003ca4       0x10 .\emFile_V322c\LinkLibrary\PSoC5\GCC\libemf32noslfn.a(FAT_FormatSD.o)
                0x00003ca4                FS_FormatSD
 .text._CopyString
                0x00003cb4       0x1c .\emFile_V322c\LinkLibrary\PSoC5\GCC\libemf32noslfn.a(FAT_LFN.o)
 .text._CalcNumChar
                0x00003cd0       0x1e .\emFile_V322c\LinkLibrary\PSoC5\GCC\libemf32noslfn.a(FAT_LFN.o)
 .text._WriteName
                0x00003cee       0x32 .\emFile_V322c\LinkLibrary\PSoC5\GCC\libemf32noslfn.a(FAT_LFN.o)
 .text._ToUpper
                0x00003d20       0x10 .\emFile_V322c\LinkLibrary\PSoC5\GCC\libemf32noslfn.a(FAT_LFN.o)
 .text._CompareChar
                0x00003d30       0x44 .\emFile_V322c\LinkLibrary\PSoC5\GCC\libemf32noslfn.a(FAT_LFN.o)
 .text._CalcCheckSum
                0x00003d74       0x24 .\emFile_V322c\LinkLibrary\PSoC5\GCC\libemf32noslfn.a(FAT_LFN.o)
 .text._SetDirPosIndex
                0x00003d98        0x8 .\emFile_V322c\LinkLibrary\PSoC5\GCC\libemf32noslfn.a(FAT_LFN.o)
 .text.FS_FAT_SupportLFN
                0x00003da0       0x10 .\emFile_V322c\LinkLibrary\PSoC5\GCC\libemf32noslfn.a(FAT_LFN.o)
                0x00003da0                FS_FAT_SupportLFN
 .text._LFN_DelLongEntry
                0x00003db0       0x5e .\emFile_V322c\LinkLibrary\PSoC5\GCC\libemf32noslfn.a(FAT_LFN.o)
 .text._CorrectTrail
                0x00003e0e       0x28 .\emFile_V322c\LinkLibrary\PSoC5\GCC\libemf32noslfn.a(FAT_LFN.o)
 .text._CalcNumLongEntries
                0x00003e36       0x16 .\emFile_V322c\LinkLibrary\PSoC5\GCC\libemf32noslfn.a(FAT_LFN.o)
 .text._ComputeLongDirEntry
                0x00003e4c       0x88 .\emFile_V322c\LinkLibrary\PSoC5\GCC\libemf32noslfn.a(FAT_LFN.o)
 .text._LFN_FindDirEntry
                0x00003ed4      0x146 .\emFile_V322c\LinkLibrary\PSoC5\GCC\libemf32noslfn.a(FAT_LFN.o)
 .text._GenerateShortEntry
                0x0000401a       0xce .\emFile_V322c\LinkLibrary\PSoC5\GCC\libemf32noslfn.a(FAT_LFN.o)
 .text._LFN_ReadDirEntryInfo
                0x000040e8      0x1c6 .\emFile_V322c\LinkLibrary\PSoC5\GCC\libemf32noslfn.a(FAT_LFN.o)
 .text._LFN_CreateDirEntry
                0x000042ae      0x2a4 .\emFile_V322c\LinkLibrary\PSoC5\GCC\libemf32noslfn.a(FAT_LFN.o)
 .text._ClusterId2FATOff
                0x00004552       0x18 .\emFile_V322c\LinkLibrary\PSoC5\GCC\libemf32noslfn.a(FAT_Misc.o)
 .text._CalcLogClusterPos
                0x0000456a        0xe .\emFile_V322c\LinkLibrary\PSoC5\GCC\libemf32noslfn.a(FAT_Misc.o)
 .text._ReadFromFreeClusterCache
                0x00004578       0x46 .\emFile_V322c\LinkLibrary\PSoC5\GCC\libemf32noslfn.a(FAT_Misc.o)
 .text.FS_FAT_GetFATType
                0x000045be       0x1a .\emFile_V322c\LinkLibrary\PSoC5\GCC\libemf32noslfn.a(FAT_Misc.o)
                0x000045be                FS_FAT_GetFATType
 .text.FS_FAT_ClusterId2SectorNo
                0x000045d8        0xc .\emFile_V322c\LinkLibrary\PSoC5\GCC\libemf32noslfn.a(FAT_Misc.o)
                0x000045d8                FS_FAT_ClusterId2SectorNo
 .text.FS_FAT_IsValidShortNameChar
                0x000045e4       0x34 .\emFile_V322c\LinkLibrary\PSoC5\GCC\libemf32noslfn.a(FAT_Misc.o)
                0x000045e4                FS_FAT_IsValidShortNameChar
 .text.FS_FAT_CopyShortName
                0x00004618       0x56 .\emFile_V322c\LinkLibrary\PSoC5\GCC\libemf32noslfn.a(FAT_Misc.o)
                0x00004618                FS_FAT_CopyShortName
 .text._SFN_CreateDirEntry
                0x0000466e       0x5a .\emFile_V322c\LinkLibrary\PSoC5\GCC\libemf32noslfn.a(FAT_Misc.o)
 .text._SFN_FindDirEntry
                0x000046c8       0x10 .\emFile_V322c\LinkLibrary\PSoC5\GCC\libemf32noslfn.a(FAT_Misc.o)
 .text.FS_FAT_FindDirEntry
                0x000046d8       0x60 .\emFile_V322c\LinkLibrary\PSoC5\GCC\libemf32noslfn.a(FAT_Misc.o)
                0x000046d8                FS_FAT_FindDirEntry
 .text.FS_FAT_CopyDirEntryInfo
                0x00004738       0x50 .\emFile_V322c\LinkLibrary\PSoC5\GCC\libemf32noslfn.a(FAT_Misc.o)
                0x00004738                FS_FAT_CopyDirEntryInfo
 .text._SFN_ReadDirEntryInfo
                0x00004788       0x6e .\emFile_V322c\LinkLibrary\PSoC5\GCC\libemf32noslfn.a(FAT_Misc.o)
 .text._SetFATSector
                0x000047f6        0x6 .\emFile_V322c\LinkLibrary\PSoC5\GCC\libemf32noslfn.a(FAT_Misc.o)
 .text.FS_FAT_ReadFATEntry
                0x000047fc       0xb2 .\emFile_V322c\LinkLibrary\PSoC5\GCC\libemf32noslfn.a(FAT_Misc.o)
                0x000047fc                FS_FAT_ReadFATEntry
 *fill*         0x000048ae        0x2 
 .text.FS_FAT_GetNumAdjClustersInChain
                0x000048b0       0x64 .\emFile_V322c\LinkLibrary\PSoC5\GCC\libemf32noslfn.a(FAT_Misc.o)
                0x000048b0                FS_FAT_GetNumAdjClustersInChain
 .text.FS_FAT_WalkClusterEx
                0x00004914       0x5c .\emFile_V322c\LinkLibrary\PSoC5\GCC\libemf32noslfn.a(FAT_Misc.o)
                0x00004914                FS_FAT_WalkClusterEx
 .text.FS_FAT_GotoCluster
                0x00004970       0x88 .\emFile_V322c\LinkLibrary\PSoC5\GCC\libemf32noslfn.a(FAT_Misc.o)
                0x00004970                FS_FAT_GotoCluster
 .text.FS_FAT_WalkCluster
                0x000049f8       0x18 .\emFile_V322c\LinkLibrary\PSoC5\GCC\libemf32noslfn.a(FAT_Misc.o)
                0x000049f8                FS_FAT_WalkCluster
 .text.FS_FAT_FindLastCluster
                0x00004a10       0x34 .\emFile_V322c\LinkLibrary\PSoC5\GCC\libemf32noslfn.a(FAT_Misc.o)
                0x00004a10                FS_FAT_FindLastCluster
 .text._WriteFATEntry
                0x00004a44      0x18e .\emFile_V322c\LinkLibrary\PSoC5\GCC\libemf32noslfn.a(FAT_Misc.o)
 .text.FS_FAT_MarkClusterEOC
                0x00004bd2        0x8 .\emFile_V322c\LinkLibrary\PSoC5\GCC\libemf32noslfn.a(FAT_Misc.o)
                0x00004bd2                FS_FAT_MarkClusterEOC
 .text.FS_FAT_SyncFAT
                0x00004bda       0x3c .\emFile_V322c\LinkLibrary\PSoC5\GCC\libemf32noslfn.a(FAT_Misc.o)
                0x00004bda                FS_FAT_SyncFAT
 .text.FS_FAT_LinkCluster
                0x00004c16       0x1c .\emFile_V322c\LinkLibrary\PSoC5\GCC\libemf32noslfn.a(FAT_Misc.o)
                0x00004c16                FS_FAT_LinkCluster
 *fill*         0x00004c32        0x2 
 .text._CalcFreeClusterCnt
                0x00004c34       0x88 .\emFile_V322c\LinkLibrary\PSoC5\GCC\libemf32noslfn.a(FAT_Misc.o)
 .text.FS_FAT_FindFreeCluster
                0x00004cbc       0xa8 .\emFile_V322c\LinkLibrary\PSoC5\GCC\libemf32noslfn.a(FAT_Misc.o)
                0x00004cbc                FS_FAT_FindFreeCluster
 .text.FS_FAT_AllocCluster
                0x00004d64       0x20 .\emFile_V322c\LinkLibrary\PSoC5\GCC\libemf32noslfn.a(FAT_Misc.o)
                0x00004d64                FS_FAT_AllocCluster
 .text._WriteEmptyFATSectors
                0x00004d84       0x3c .\emFile_V322c\LinkLibrary\PSoC5\GCC\libemf32noslfn.a(FAT_Misc.o)
 .text.FS_FAT_FreeClusterChain
                0x00004dc0       0xe0 .\emFile_V322c\LinkLibrary\PSoC5\GCC\libemf32noslfn.a(FAT_Misc.o)
                0x00004dc0                FS_FAT_FreeClusterChain
 .text.FS_FAT_CheckBPB
                0x00004ea0      0x1cc .\emFile_V322c\LinkLibrary\PSoC5\GCC\libemf32noslfn.a(FAT_Misc.o)
                0x00004ea0                FS_FAT_CheckBPB
 .text.FS_FAT_InitDirEntryScan
                0x0000506c       0x14 .\emFile_V322c\LinkLibrary\PSoC5\GCC\libemf32noslfn.a(FAT_Open.o)
                0x0000506c                FS_FAT_InitDirEntryScan
 .text.FS_FAT_IncDirPos
                0x00005080        0x8 .\emFile_V322c\LinkLibrary\PSoC5\GCC\libemf32noslfn.a(FAT_Open.o)
                0x00005080                FS_FAT_IncDirPos
 .text._CopyDirText
                0x00005088       0x44 .\emFile_V322c\LinkLibrary\PSoC5\GCC\libemf32noslfn.a(FAT_Open.o)
 .text.FS_FAT_Make83Name
                0x000050cc       0xb0 .\emFile_V322c\LinkLibrary\PSoC5\GCC\libemf32noslfn.a(FAT_Open.o)
                0x000050cc                FS_FAT_Make83Name
 .text.FS_FAT_GetDirEntry
                0x0000517c       0xb2 .\emFile_V322c\LinkLibrary\PSoC5\GCC\libemf32noslfn.a(FAT_Open.o)
                0x0000517c                FS_FAT_GetDirEntry
 .text.FS_FAT_FindDirEntryShortEx
                0x0000522e       0x5a .\emFile_V322c\LinkLibrary\PSoC5\GCC\libemf32noslfn.a(FAT_Open.o)
                0x0000522e                FS_FAT_FindDirEntryShortEx
 .text.FS_FAT_FindDirEntryShort
                0x00005288       0x36 .\emFile_V322c\LinkLibrary\PSoC5\GCC\libemf32noslfn.a(FAT_Open.o)
                0x00005288                FS_FAT_FindDirEntryShort
 .text.FS_FAT_FindEmptyDirEntry
                0x000052be       0xb0 .\emFile_V322c\LinkLibrary\PSoC5\GCC\libemf32noslfn.a(FAT_Open.o)
                0x000052be                FS_FAT_FindEmptyDirEntry
 .text.FS_FAT_GetFirstCluster
                0x0000536e       0x1a .\emFile_V322c\LinkLibrary\PSoC5\GCC\libemf32noslfn.a(FAT_Open.o)
                0x0000536e                FS_FAT_GetFirstCluster
 .text.FS_FAT_FindPath
                0x00005388       0x7a .\emFile_V322c\LinkLibrary\PSoC5\GCC\libemf32noslfn.a(FAT_Open.o)
                0x00005388                FS_FAT_FindPath
 .text.FS_FAT_DeleteFileOrDir
                0x00005402       0x48 .\emFile_V322c\LinkLibrary\PSoC5\GCC\libemf32noslfn.a(FAT_Open.o)
                0x00005402                FS_FAT_DeleteFileOrDir
 *fill*         0x0000544a        0x2 
 .text.FS_FAT_Open
                0x0000544c      0x1dc .\emFile_V322c\LinkLibrary\PSoC5\GCC\libemf32noslfn.a(FAT_Open.o)
                0x0000544c                FS_FAT_Open
 .text.FS_FAT_WriteDirEntryCluster
                0x00005628       0x1c .\emFile_V322c\LinkLibrary\PSoC5\GCC\libemf32noslfn.a(FAT_Open.o)
                0x00005628                FS_FAT_WriteDirEntryCluster
 .text.FS_FAT_WriteDirEntry83
                0x00005644       0x6c .\emFile_V322c\LinkLibrary\PSoC5\GCC\libemf32noslfn.a(FAT_Open.o)
                0x00005644                FS_FAT_WriteDirEntry83
 .text.FS_FAT_Clean
                0x000056b0       0x54 .\emFile_V322c\LinkLibrary\PSoC5\GCC\libemf32noslfn.a(FAT_Write.o)
                0x000056b0                FS_FAT_Clean
 .text._WriteBurst
                0x00005704       0x24 .\emFile_V322c\LinkLibrary\PSoC5\GCC\libemf32noslfn.a(FAT_Write.o)
 .text.FS_FAT_GotoClusterAllocIfReq
                0x00005728       0xa8 .\emFile_V322c\LinkLibrary\PSoC5\GCC\libemf32noslfn.a(FAT_Write.o)
                0x00005728                FS_FAT_GotoClusterAllocIfReq
 .text.FS_FAT_UpdateDirEntry
                0x000057d0       0x68 .\emFile_V322c\LinkLibrary\PSoC5\GCC\libemf32noslfn.a(FAT_Write.o)
                0x000057d0                FS_FAT_UpdateDirEntry
 .text.FS_FAT_Close
                0x00005838       0x44 .\emFile_V322c\LinkLibrary\PSoC5\GCC\libemf32noslfn.a(FAT_Write.o)
                0x00005838                FS_FAT_Close
 .text.FS_FAT_Write
                0x0000587c      0x1c8 .\emFile_V322c\LinkLibrary\PSoC5\GCC\libemf32noslfn.a(FAT_Write.o)
                0x0000587c                FS_FAT_Write
 .text.FS__GetFileAttributes
                0x00005a44       0x38 .\emFile_V322c\LinkLibrary\PSoC5\GCC\libemf32noslfn.a(FS_Attrib.o)
                0x00005a44                FS__GetFileAttributes
 .text.FS_GetFileAttributes
                0x00005a7c        0x4 .\emFile_V322c\LinkLibrary\PSoC5\GCC\libemf32noslfn.a(FS_Attrib.o)
                0x00005a7c                FS_GetFileAttributes
 .text.FS__CLIB_memcmp
                0x00005a80       0x20 .\emFile_V322c\LinkLibrary\PSoC5\GCC\libemf32noslfn.a(FS_CLib.o)
                0x00005a80                FS__CLIB_memcmp
 .text.FS__CLIB_memset
                0x00005aa0       0x6c .\emFile_V322c\LinkLibrary\PSoC5\GCC\libemf32noslfn.a(FS_CLib.o)
                0x00005aa0                FS__CLIB_memset
 .text.FS__CLIB_strcmp
                0x00005b0c       0x1a .\emFile_V322c\LinkLibrary\PSoC5\GCC\libemf32noslfn.a(FS_CLib.o)
                0x00005b0c                FS__CLIB_strcmp
 .text.FS__CLIB_strlen
                0x00005b26       0x10 .\emFile_V322c\LinkLibrary\PSoC5\GCC\libemf32noslfn.a(FS_CLib.o)
                0x00005b26                FS__CLIB_strlen
 .text.FS__CLIB_strncmp
                0x00005b36       0x26 .\emFile_V322c\LinkLibrary\PSoC5\GCC\libemf32noslfn.a(FS_CLib.o)
                0x00005b36                FS__CLIB_strncmp
 .text.FS__CLIB_strncpy
                0x00005b5c       0x2e .\emFile_V322c\LinkLibrary\PSoC5\GCC\libemf32noslfn.a(FS_CLib.o)
                0x00005b5c                FS__CLIB_strncpy
 .text.FS__CLIB_toupper
                0x00005b8a        0xe .\emFile_V322c\LinkLibrary\PSoC5\GCC\libemf32noslfn.a(FS_CLib.o)
                0x00005b8a                FS__CLIB_toupper
 .text.FS__DivideU32Up
                0x00005b98        0xa .\emFile_V322c\LinkLibrary\PSoC5\GCC\libemf32noslfn.a(FS_Core.o)
                0x00005b98                FS__DivideU32Up
 .text.FS__strchr
                0x00005ba2       0x14 .\emFile_V322c\LinkLibrary\PSoC5\GCC\libemf32noslfn.a(FS_Core.o)
                0x00005ba2                FS__strchr
 .text.FS_LoadU32BE
                0x00005bb6       0x18 .\emFile_V322c\LinkLibrary\PSoC5\GCC\libemf32noslfn.a(FS_Core.o)
                0x00005bb6                FS_LoadU32BE
 .text.FS_LoadU32LE
                0x00005bce       0x16 .\emFile_V322c\LinkLibrary\PSoC5\GCC\libemf32noslfn.a(FS_Core.o)
                0x00005bce                FS_LoadU32LE
 .text.FS_StoreU32LE
                0x00005be4       0x14 .\emFile_V322c\LinkLibrary\PSoC5\GCC\libemf32noslfn.a(FS_Core.o)
                0x00005be4                FS_StoreU32LE
 .text.FS_StoreU16LE
                0x00005bf8        0x8 .\emFile_V322c\LinkLibrary\PSoC5\GCC\libemf32noslfn.a(FS_Core.o)
                0x00005bf8                FS_StoreU16LE
 .text.FS_LoadU16LE
                0x00005c00        0xa .\emFile_V322c\LinkLibrary\PSoC5\GCC\libemf32noslfn.a(FS_Core.o)
                0x00005c00                FS_LoadU16LE
 *fill*         0x00005c0a        0x2 
 .text._Alloc   0x00005c0c       0x30 .\emFile_V322c\LinkLibrary\PSoC5\GCC\libemf32noslfn.a(FS_Core.o)
 .text.FS_Alloc
                0x00005c3c        0xc .\emFile_V322c\LinkLibrary\PSoC5\GCC\libemf32noslfn.a(FS_Core.o)
                0x00005c3c                FS_Alloc
 .text.FS_TryAlloc
                0x00005c48        0x4 .\emFile_V322c\LinkLibrary\PSoC5\GCC\libemf32noslfn.a(FS_Core.o)
                0x00005c48                FS_TryAlloc
 .text.FS_Free  0x00005c4c       0x1c .\emFile_V322c\LinkLibrary\PSoC5\GCC\libemf32noslfn.a(FS_Core.o)
                0x00005c4c                FS_Free
 .text.FS_AssignMemory
                0x00005c68        0xc .\emFile_V322c\LinkLibrary\PSoC5\GCC\libemf32noslfn.a(FS_Core.o)
                0x00005c68                FS_AssignMemory
 .text.FS_AllocZeroed
                0x00005c74       0x16 .\emFile_V322c\LinkLibrary\PSoC5\GCC\libemf32noslfn.a(FS_Core.o)
                0x00005c74                FS_AllocZeroed
 *fill*         0x00005c8a        0x2 
 .text.FS_STORAGE_Init
                0x00005c8c       0x28 .\emFile_V322c\LinkLibrary\PSoC5\GCC\libemf32noslfn.a(FS_Core.o)
                0x00005c8c                FS_STORAGE_Init
 .text.FS__MkDir
                0x00005cb4       0x24 .\emFile_V322c\LinkLibrary\PSoC5\GCC\libemf32noslfn.a(FS_Dir.o)
                0x00005cb4                FS__MkDir
 .text.FS_MkDir
                0x00005cd8        0x4 .\emFile_V322c\LinkLibrary\PSoC5\GCC\libemf32noslfn.a(FS_Dir.o)
                0x00005cd8                FS_MkDir
 .text._ClrBusyLED
                0x00005cdc        0xc .\emFile_V322c\LinkLibrary\PSoC5\GCC\libemf32noslfn.a(FS_LogBlock.o)
 .text._SetBusyLED
                0x00005ce8        0xc .\emFile_V322c\LinkLibrary\PSoC5\GCC\libemf32noslfn.a(FS_LogBlock.o)
 .text._Read    0x00005cf4        0xc .\emFile_V322c\LinkLibrary\PSoC5\GCC\libemf32noslfn.a(FS_LogBlock.o)
 .text._Write   0x00005d00       0x12 .\emFile_V322c\LinkLibrary\PSoC5\GCC\libemf32noslfn.a(FS_LogBlock.o)
 .text.FS_LB_GetStatus
                0x00005d12        0xc .\emFile_V322c\LinkLibrary\PSoC5\GCC\libemf32noslfn.a(FS_LogBlock.o)
                0x00005d12                FS_LB_GetStatus
 .text.FS_LB_InitMedium
                0x00005d1e       0x1a .\emFile_V322c\LinkLibrary\PSoC5\GCC\libemf32noslfn.a(FS_LogBlock.o)
                0x00005d1e                FS_LB_InitMedium
 .text.FS_LB_InitMediumIfRequired
                0x00005d38       0x10 .\emFile_V322c\LinkLibrary\PSoC5\GCC\libemf32noslfn.a(FS_LogBlock.o)
                0x00005d38                FS_LB_InitMediumIfRequired
 .text.FS_LB_ReadDevice
                0x00005d48       0x2e .\emFile_V322c\LinkLibrary\PSoC5\GCC\libemf32noslfn.a(FS_LogBlock.o)
                0x00005d48                FS_LB_ReadDevice
 .text.FS_LB_ReadPart
                0x00005d76        0xe .\emFile_V322c\LinkLibrary\PSoC5\GCC\libemf32noslfn.a(FS_LogBlock.o)
                0x00005d76                FS_LB_ReadPart
 .text.FS_LB_WriteBurst
                0x00005d84       0x30 .\emFile_V322c\LinkLibrary\PSoC5\GCC\libemf32noslfn.a(FS_LogBlock.o)
                0x00005d84                FS_LB_WriteBurst
 .text.FS_LB_WriteBurstPart
                0x00005db4       0x14 .\emFile_V322c\LinkLibrary\PSoC5\GCC\libemf32noslfn.a(FS_LogBlock.o)
                0x00005db4                FS_LB_WriteBurstPart
 .text.FS_LB_WriteMultiple
                0x00005dc8       0x30 .\emFile_V322c\LinkLibrary\PSoC5\GCC\libemf32noslfn.a(FS_LogBlock.o)
                0x00005dc8                FS_LB_WriteMultiple
 .text.FS_LB_WriteMultiplePart
                0x00005df8       0x14 .\emFile_V322c\LinkLibrary\PSoC5\GCC\libemf32noslfn.a(FS_LogBlock.o)
                0x00005df8                FS_LB_WriteMultiplePart
 .text.FS_LB_WriteDevice
                0x00005e0c       0x36 .\emFile_V322c\LinkLibrary\PSoC5\GCC\libemf32noslfn.a(FS_LogBlock.o)
                0x00005e0c                FS_LB_WriteDevice
 .text.FS_LB_WritePart
                0x00005e42        0xe .\emFile_V322c\LinkLibrary\PSoC5\GCC\libemf32noslfn.a(FS_LogBlock.o)
                0x00005e42                FS_LB_WritePart
 .text.FS_LB_Ioctl
                0x00005e50       0x2a .\emFile_V322c\LinkLibrary\PSoC5\GCC\libemf32noslfn.a(FS_LogBlock.o)
                0x00005e50                FS_LB_Ioctl
 .text.FS_GetSectorSize
                0x00005e7a       0x28 .\emFile_V322c\LinkLibrary\PSoC5\GCC\libemf32noslfn.a(FS_LogBlock.o)
                0x00005e7a                FS_GetSectorSize
 .text.FS_LB_GetDeviceInfo
                0x00005ea2       0x26 .\emFile_V322c\LinkLibrary\PSoC5\GCC\libemf32noslfn.a(FS_LogBlock.o)
                0x00005ea2                FS_LB_GetDeviceInfo
 .text.FS_memcpy
                0x00005ec8      0x120 .\emFile_V322c\LinkLibrary\PSoC5\GCC\libemf32noslfn.a(FS_memcpy.o)
                0x00005ec8                FS_memcpy
 .text._CalcSizeInKB
                0x00005fe8       0x14 .\emFile_V322c\LinkLibrary\PSoC5\GCC\libemf32noslfn.a(FS_Misc.o)
 .text.FS__AllocSectorBuffer
                0x00005ffc       0x2c .\emFile_V322c\LinkLibrary\PSoC5\GCC\libemf32noslfn.a(FS_Misc.o)
                0x00005ffc                FS__AllocSectorBuffer
 .text.FS__FreeSectorBuffer
                0x00006028       0x28 .\emFile_V322c\LinkLibrary\PSoC5\GCC\libemf32noslfn.a(FS_Misc.o)
                0x00006028                FS__FreeSectorBuffer
 .text.FS__SB_MarkDirty
                0x00006050        0x6 .\emFile_V322c\LinkLibrary\PSoC5\GCC\libemf32noslfn.a(FS_Misc.o)
                0x00006050                FS__SB_MarkDirty
 .text.FS__SB_MarkNotDirty
                0x00006056        0x6 .\emFile_V322c\LinkLibrary\PSoC5\GCC\libemf32noslfn.a(FS_Misc.o)
                0x00006056                FS__SB_MarkNotDirty
 .text.FS__FreeFileHandle
                0x0000605c        0xa .\emFile_V322c\LinkLibrary\PSoC5\GCC\libemf32noslfn.a(FS_Misc.o)
                0x0000605c                FS__FreeFileHandle
 .text.FS__FreeFileObj
                0x00006066        0xc .\emFile_V322c\LinkLibrary\PSoC5\GCC\libemf32noslfn.a(FS_Misc.o)
                0x00006066                FS__FreeFileObj
 .text.FS__CalcSizeInBytes
                0x00006072       0x20 .\emFile_V322c\LinkLibrary\PSoC5\GCC\libemf32noslfn.a(FS_Misc.o)
                0x00006072                FS__CalcSizeInBytes
 *fill*         0x00006092        0x2 
 .text.FS_SetFileWriteMode
                0x00006094        0xc .\emFile_V322c\LinkLibrary\PSoC5\GCC\libemf32noslfn.a(FS_Misc.o)
                0x00006094                FS_SetFileWriteMode
 .text.FS_Init  0x000060a0       0x58 .\emFile_V322c\LinkLibrary\PSoC5\GCC\libemf32noslfn.a(FS_Misc.o)
                0x000060a0                FS_Init
 .text.FS__SB_Create
                0x000060f8       0x28 .\emFile_V322c\LinkLibrary\PSoC5\GCC\libemf32noslfn.a(FS_Misc.o)
                0x000060f8                FS__SB_Create
 .text.FS__FCloseNL
                0x00006120       0x1e .\emFile_V322c\LinkLibrary\PSoC5\GCC\libemf32noslfn.a(FS_Misc.o)
                0x00006120                FS__FCloseNL
 .text.FS__FClose
                0x0000613e       0x1a .\emFile_V322c\LinkLibrary\PSoC5\GCC\libemf32noslfn.a(FS_Misc.o)
                0x0000613e                FS__FClose
 .text.FS_FClose
                0x00006158        0xa .\emFile_V322c\LinkLibrary\PSoC5\GCC\libemf32noslfn.a(FS_Misc.o)
                0x00006158                FS_FClose
 *fill*         0x00006162        0x2 
 .text.FS__AllocFileObj
                0x00006164       0x48 .\emFile_V322c\LinkLibrary\PSoC5\GCC\libemf32noslfn.a(FS_Misc.o)
                0x00006164                FS__AllocFileObj
 .text.FS__AllocFileHandle
                0x000061ac       0x40 .\emFile_V322c\LinkLibrary\PSoC5\GCC\libemf32noslfn.a(FS_Misc.o)
                0x000061ac                FS__AllocFileHandle
 .text.FS__OpenEx
                0x000061ec       0x58 .\emFile_V322c\LinkLibrary\PSoC5\GCC\libemf32noslfn.a(FS_Misc.o)
                0x000061ec                FS__OpenEx
 .text.FS__FOpenEx
                0x00006244       0x56 .\emFile_V322c\LinkLibrary\PSoC5\GCC\libemf32noslfn.a(FS_Misc.o)
                0x00006244                FS__FOpenEx
 *fill*         0x0000629a        0x2 
 .text.FS__FOpen
                0x0000629c       0x48 .\emFile_V322c\LinkLibrary\PSoC5\GCC\libemf32noslfn.a(FS_Misc.o)
                0x0000629c                FS__FOpen
 .text.FS_FOpen
                0x000062e4        0x4 .\emFile_V322c\LinkLibrary\PSoC5\GCC\libemf32noslfn.a(FS_Misc.o)
                0x000062e4                FS_FOpen
 .text.FS__SB_Write
                0x000062e8       0x24 .\emFile_V322c\LinkLibrary\PSoC5\GCC\libemf32noslfn.a(FS_Misc.o)
                0x000062e8                FS__SB_Write
 .text._SB_Clean
                0x0000630c       0x24 .\emFile_V322c\LinkLibrary\PSoC5\GCC\libemf32noslfn.a(FS_Misc.o)
 .text.FS__SB_SetSector
                0x00006330       0x20 .\emFile_V322c\LinkLibrary\PSoC5\GCC\libemf32noslfn.a(FS_Misc.o)
                0x00006330                FS__SB_SetSector
 .text.FS__SB_MarkValid
                0x00006350       0x10 .\emFile_V322c\LinkLibrary\PSoC5\GCC\libemf32noslfn.a(FS_Misc.o)
                0x00006350                FS__SB_MarkValid
 .text.FS__SB_Clean
                0x00006360        0x4 .\emFile_V322c\LinkLibrary\PSoC5\GCC\libemf32noslfn.a(FS_Misc.o)
                0x00006360                FS__SB_Clean
 .text.FS__SB_Delete
                0x00006364       0x12 .\emFile_V322c\LinkLibrary\PSoC5\GCC\libemf32noslfn.a(FS_Misc.o)
                0x00006364                FS__SB_Delete
 .text.FS__SB_Flush
                0x00006376        0x8 .\emFile_V322c\LinkLibrary\PSoC5\GCC\libemf32noslfn.a(FS_Misc.o)
                0x00006376                FS__SB_Flush
 .text.FS__SB_Read
                0x0000637e       0x2a .\emFile_V322c\LinkLibrary\PSoC5\GCC\libemf32noslfn.a(FS_Misc.o)
                0x0000637e                FS__SB_Read
 .text.FS__AddPhysDevice
                0x000063a8       0x10 .\emFile_V322c\LinkLibrary\PSoC5\GCC\libemf32noslfn.a(FS_Storage.o)
                0x000063a8                FS__AddPhysDevice
 .text.FS_GetNumVolumes
                0x000063b8        0xc .\emFile_V322c\LinkLibrary\PSoC5\GCC\libemf32noslfn.a(FS_Storage.o)
                0x000063b8                FS_GetNumVolumes
 .text.FS__FindVolume
                0x000063c4       0x78 .\emFile_V322c\LinkLibrary\PSoC5\GCC\libemf32noslfn.a(FS_Storage.o)
                0x000063c4                FS__FindVolume
 .text.FS__AddDevice
                0x0000643c       0x68 .\emFile_V322c\LinkLibrary\PSoC5\GCC\libemf32noslfn.a(FS_Storage.o)
                0x0000643c                FS__AddDevice
 .text.FS_AddDevice
                0x000064a4        0x4 .\emFile_V322c\LinkLibrary\PSoC5\GCC\libemf32noslfn.a(FS_Storage.o)
                0x000064a4                FS_AddDevice
 .text.FS__IoCtlNL
                0x000064a8       0x36 .\emFile_V322c\LinkLibrary\PSoC5\GCC\libemf32noslfn.a(FS_Storage.o)
                0x000064a8                FS__IoCtlNL
 .text.FS__IoCtl
                0x000064de        0xa .\emFile_V322c\LinkLibrary\PSoC5\GCC\libemf32noslfn.a(FS_Storage.o)
                0x000064de                FS__IoCtl
 .text.FS__STORAGE_Sync
                0x000064e8       0x10 .\emFile_V322c\LinkLibrary\PSoC5\GCC\libemf32noslfn.a(FS_Storage.o)
                0x000064e8                FS__STORAGE_Sync
 .text.FS__UnmountForcedNL
                0x000064f8       0x54 .\emFile_V322c\LinkLibrary\PSoC5\GCC\libemf32noslfn.a(FS_Unmount.o)
                0x000064f8                FS__UnmountForcedNL
 .text.FS__UnmountForced
                0x0000654c        0x4 .\emFile_V322c\LinkLibrary\PSoC5\GCC\libemf32noslfn.a(FS_Unmount.o)
                0x0000654c                FS__UnmountForced
 .text.FS__Unmount
                0x00006550       0x60 .\emFile_V322c\LinkLibrary\PSoC5\GCC\libemf32noslfn.a(FS_Unmount.o)
                0x00006550                FS__Unmount
 .text.FS_Unmount
                0x000065b0       0x14 .\emFile_V322c\LinkLibrary\PSoC5\GCC\libemf32noslfn.a(FS_Unmount.o)
                0x000065b0                FS_Unmount
 .text.FS__Sync
                0x000065c4       0x40 .\emFile_V322c\LinkLibrary\PSoC5\GCC\libemf32noslfn.a(FS_Volume.o)
                0x000065c4                FS__Sync
 .text.FS_Sync  0x00006604       0x16 .\emFile_V322c\LinkLibrary\PSoC5\GCC\libemf32noslfn.a(FS_Volume.o)
                0x00006604                FS_Sync
 .text._Mount   0x0000661a       0x2e .\emFile_V322c\LinkLibrary\PSoC5\GCC\libemf32noslfn.a(FS_Volume.o)
 .text.FS__AutoMount
                0x00006648       0x14 .\emFile_V322c\LinkLibrary\PSoC5\GCC\libemf32noslfn.a(FS_Volume.o)
                0x00006648                FS__AutoMount
 .text._GetVolumeInfoEx
                0x0000665c       0x30 .\emFile_V322c\LinkLibrary\PSoC5\GCC\libemf32noslfn.a(FS_Volume.o)
 .text.FS__GetVolumeInfoEx
                0x0000668c       0x24 .\emFile_V322c\LinkLibrary\PSoC5\GCC\libemf32noslfn.a(FS_Volume.o)
                0x0000668c                FS__GetVolumeInfoEx
 .text.FS_GetVolumeSize
                0x000066b0       0x28 .\emFile_V322c\LinkLibrary\PSoC5\GCC\libemf32noslfn.a(FS_Volume.o)
                0x000066b0                FS_GetVolumeSize
 .text.FS__Write
                0x000066d8       0x3a .\emFile_V322c\LinkLibrary\PSoC5\GCC\libemf32noslfn.a(FS_Write.o)
                0x000066d8                FS__Write
 .text.FS_Write
                0x00006712        0x4 .\emFile_V322c\LinkLibrary\PSoC5\GCC\libemf32noslfn.a(FS_Write.o)
                0x00006712                FS_Write
 *fill*         0x00006716        0x2 
 .text.FS_FAT_CreateDirEx
                0x00006718      0x110 .\emFile_V322c\LinkLibrary\PSoC5\GCC\libemf32noslfn.a(FAT_Dir.o)
                0x00006718                FS_FAT_CreateDirEx
 .text.FS_FAT_CreateDir
                0x00006828       0x64 .\emFile_V322c\LinkLibrary\PSoC5\GCC\libemf32noslfn.a(FAT_Dir.o)
                0x00006828                FS_FAT_CreateDir
 .text.FS_FAT_GetDirEntryInfo
                0x0000688c       0x90 .\emFile_V322c\LinkLibrary\PSoC5\GCC\libemf32noslfn.a(FAT_DirEntry.o)
                0x0000688c                FS_FAT_GetDirEntryInfo
 .text.FS_FAT_GetDiskInfo
                0x0000691c       0x84 .\emFile_V322c\LinkLibrary\PSoC5\GCC\libemf32noslfn.a(FAT_DiskInfo.o)
                0x0000691c                FS_FAT_GetDiskInfo
 .text.T.32     0x000069a0      0x400 .\emFile_V322c\LinkLibrary\PSoC5\GCC\libemf32noslfn.a(FAT_Format.o)
 .text._AutoFormat
                0x00006da0       0x7c .\emFile_V322c\LinkLibrary\PSoC5\GCC\libemf32noslfn.a(FAT_Format.o)
 .text.FS_FAT_FormatEx
                0x00006e1c       0x74 .\emFile_V322c\LinkLibrary\PSoC5\GCC\libemf32noslfn.a(FAT_Format.o)
                0x00006e1c                FS_FAT_FormatEx
 .text._IsBPB   0x00006e90       0x1e .\emFile_V322c\LinkLibrary\PSoC5\GCC\libemf32noslfn.a(FS_Partition.o)
 .text._HasSignature
                0x00006eae       0x18 .\emFile_V322c\LinkLibrary\PSoC5\GCC\libemf32noslfn.a(FS_Partition.o)
 .text._GetPartitionStartSector
                0x00006ec6        0xc .\emFile_V322c\LinkLibrary\PSoC5\GCC\libemf32noslfn.a(FS_Partition.o)
 .text.FS__GetMediaStartSecEx
                0x00006ed2       0x6e .\emFile_V322c\LinkLibrary\PSoC5\GCC\libemf32noslfn.a(FS_Partition.o)
                0x00006ed2                FS__GetMediaStartSecEx
 .text.FS__LocatePartition
                0x00006f40       0x44 .\emFile_V322c\LinkLibrary\PSoC5\GCC\libemf32noslfn.a(FS_Partition.o)
                0x00006f40                FS__LocatePartition
 .text.FS_X_AddDevices
                0x00006f84       0x20 .\CortexM3\ARM_GCC_493\Debug\Node-Capybara.a(emFile_1_ConfigMMC_SPI.o)
                0x00006f84                FS_X_AddDevices
 .text.FS_X_GetTimeDate
                0x00006fa4       0x58 .\CortexM3\ARM_GCC_493\Debug\Node-Capybara.a(emFile_1_ConfigMMC_SPI.o)
                0x00006fa4                FS_X_GetTimeDate
 .text._CalcDataCRC16Dummy
                0x00006ffc        0x6 .\emFile_V322c\LinkLibrary\PSoC5\GCC\libemf32noslfn.a(MMC_Drv.o)
 *fill*         0x00007002        0x2 
 .text._MMC_GetNumUnits
                0x00007004        0xc .\emFile_V322c\LinkLibrary\PSoC5\GCC\libemf32noslfn.a(MMC_Drv.o)
 .text._MMC_GetDriverName
                0x00007010        0x8 .\emFile_V322c\LinkLibrary\PSoC5\GCC\libemf32noslfn.a(MMC_Drv.o)
 .text._MMC_GetStatus
                0x00007018        0x4 .\emFile_V322c\LinkLibrary\PSoC5\GCC\libemf32noslfn.a(MMC_Drv.o)
 .text._CheckR1
                0x0000701c       0x38 .\emFile_V322c\LinkLibrary\PSoC5\GCC\libemf32noslfn.a(MMC_Drv.o)
 .text._WaitToGetReady
                0x00007054       0x26 .\emFile_V322c\LinkLibrary\PSoC5\GCC\libemf32noslfn.a(MMC_Drv.o)
 .text._SendEmptyCycles
                0x0000707a       0x24 .\emFile_V322c\LinkLibrary\PSoC5\GCC\libemf32noslfn.a(MMC_Drv.o)
 *fill*         0x0000709e        0x2 
 .text._MMC_AddDevice
                0x000070a0       0x2c .\emFile_V322c\LinkLibrary\PSoC5\GCC\libemf32noslfn.a(MMC_Drv.o)
 .text.T.53     0x000070cc       0x14 .\emFile_V322c\LinkLibrary\PSoC5\GCC\libemf32noslfn.a(MMC_Drv.o)
 .text._GetFromCSD
                0x000070e0       0x34 .\emFile_V322c\LinkLibrary\PSoC5\GCC\libemf32noslfn.a(MMC_Drv.o)
 .text._ExecCmdR1
                0x00007114       0x98 .\emFile_V322c\LinkLibrary\PSoC5\GCC\libemf32noslfn.a(MMC_Drv.o)
 .text._ReadCSD
                0x000071ac       0x86 .\emFile_V322c\LinkLibrary\PSoC5\GCC\libemf32noslfn.a(MMC_Drv.o)
 *fill*         0x00007232        0x2 
 .text._MMC_Read
                0x00007234      0x130 .\emFile_V322c\LinkLibrary\PSoC5\GCC\libemf32noslfn.a(MMC_Drv.o)
 .text._MMC_Write
                0x00007364      0x13c .\emFile_V322c\LinkLibrary\PSoC5\GCC\libemf32noslfn.a(MMC_Drv.o)
 .text._ApplyCSD
                0x000074a0      0x228 .\emFile_V322c\LinkLibrary\PSoC5\GCC\libemf32noslfn.a(MMC_Drv.o)
 .text._MMC_Init
                0x000076c8      0x1c0 .\emFile_V322c\LinkLibrary\PSoC5\GCC\libemf32noslfn.a(MMC_Drv.o)
 .text._MMC_InitMedium
                0x00007888       0x28 .\emFile_V322c\LinkLibrary\PSoC5\GCC\libemf32noslfn.a(MMC_Drv.o)
 .text._MMC_IoCtl
                0x000078b0       0x60 .\emFile_V322c\LinkLibrary\PSoC5\GCC\libemf32noslfn.a(MMC_Drv.o)
 .text.emFile_1_Init
                0x00007910       0x64 .\CortexM3\ARM_GCC_493\Debug\Node-Capybara.a(emFile_1_MMC_HW_SPI.o)
 .text.emFile_1_ReadWriteSPI
                0x00007974       0x68 .\CortexM3\ARM_GCC_493\Debug\Node-Capybara.a(emFile_1_MMC_HW_SPI.o)
 .text.FS_MMC_HW_X_EnableCS
                0x000079dc       0x28 .\CortexM3\ARM_GCC_493\Debug\Node-Capybara.a(emFile_1_MMC_HW_SPI.o)
                0x000079dc                FS_MMC_HW_X_EnableCS
 .text.FS_MMC_HW_X_DisableCS
                0x00007a04       0x28 .\CortexM3\ARM_GCC_493\Debug\Node-Capybara.a(emFile_1_MMC_HW_SPI.o)
                0x00007a04                FS_MMC_HW_X_DisableCS
 .text.FS_MMC_HW_X_IsWriteProtected
                0x00007a2c       0x2c .\CortexM3\ARM_GCC_493\Debug\Node-Capybara.a(emFile_1_MMC_HW_SPI.o)
                0x00007a2c                FS_MMC_HW_X_IsWriteProtected
 .text.FS_MMC_HW_X_SetMaxSpeed
                0x00007a58       0x88 .\CortexM3\ARM_GCC_493\Debug\Node-Capybara.a(emFile_1_MMC_HW_SPI.o)
                0x00007a58                FS_MMC_HW_X_SetMaxSpeed
 .text.FS_MMC_HW_X_SetVoltage
                0x00007ae0       0x68 .\CortexM3\ARM_GCC_493\Debug\Node-Capybara.a(emFile_1_MMC_HW_SPI.o)
                0x00007ae0                FS_MMC_HW_X_SetVoltage
 .text.FS_MMC_HW_X_IsPresent
                0x00007b48       0x30 .\CortexM3\ARM_GCC_493\Debug\Node-Capybara.a(emFile_1_MMC_HW_SPI.o)
                0x00007b48                FS_MMC_HW_X_IsPresent
 .text.FS_MMC_HW_X_Read
                0x00007b78       0x34 .\CortexM3\ARM_GCC_493\Debug\Node-Capybara.a(emFile_1_MMC_HW_SPI.o)
                0x00007b78                FS_MMC_HW_X_Read
 .text.FS_MMC_HW_X_Write
                0x00007bac       0x34 .\CortexM3\ARM_GCC_493\Debug\Node-Capybara.a(emFile_1_MMC_HW_SPI.o)
                0x00007bac                FS_MMC_HW_X_Write
 .text.emFile_1_SPI0_Init
                0x00007be0       0x30 .\CortexM3\ARM_GCC_493\Debug\Node-Capybara.a(emFile_1_SPI0.o)
                0x00007be0                emFile_1_SPI0_Init
 .text.emFile_1_SPI0_Enable
                0x00007c10       0x60 .\CortexM3\ARM_GCC_493\Debug\Node-Capybara.a(emFile_1_SPI0.o)
                0x00007c10                emFile_1_SPI0_Enable
 .text.emFile_1_SPI0_Start
                0x00007c70       0x20 .\CortexM3\ARM_GCC_493\Debug\Node-Capybara.a(emFile_1_SPI0.o)
                0x00007c70                emFile_1_SPI0_Start
 .text.emFile_1_SPI0_EnableTxInt
                0x00007c90        0xc .\CortexM3\ARM_GCC_493\Debug\Node-Capybara.a(emFile_1_SPI0.o)
                0x00007c90                emFile_1_SPI0_EnableTxInt
 .text.emFile_1_SPI0_EnableRxInt
                0x00007c9c        0xc .\CortexM3\ARM_GCC_493\Debug\Node-Capybara.a(emFile_1_SPI0.o)
                0x00007c9c                emFile_1_SPI0_EnableRxInt
 .text.emFile_1_SPI0_ReadTxStatus
                0x00007ca8       0x20 .\CortexM3\ARM_GCC_493\Debug\Node-Capybara.a(emFile_1_SPI0.o)
                0x00007ca8                emFile_1_SPI0_ReadTxStatus
 .text.emFile_1_SPI0_ReadRxStatus
                0x00007cc8       0x20 .\CortexM3\ARM_GCC_493\Debug\Node-Capybara.a(emFile_1_SPI0.o)
                0x00007cc8                emFile_1_SPI0_ReadRxStatus
 .text.emFile_1_SPI0_WriteTxData
                0x00007ce8       0x34 .\CortexM3\ARM_GCC_493\Debug\Node-Capybara.a(emFile_1_SPI0.o)
                0x00007ce8                emFile_1_SPI0_WriteTxData
 .text.emFile_1_SPI0_ReadRxData
                0x00007d1c       0x20 .\CortexM3\ARM_GCC_493\Debug\Node-Capybara.a(emFile_1_SPI0.o)
                0x00007d1c                emFile_1_SPI0_ReadRxData
 .text.emFile_1_SPI0_ClearFIFO
                0x00007d3c       0x5c .\CortexM3\ARM_GCC_493\Debug\Node-Capybara.a(emFile_1_SPI0.o)
                0x00007d3c                emFile_1_SPI0_ClearFIFO
 .text.emFile_1_Clock_1_Start
                0x00007d98       0x34 .\CortexM3\ARM_GCC_493\Debug\Node-Capybara.a(emFile_1_Clock_1.o)
                0x00007d98                emFile_1_Clock_1_Start
 .text.emFile_1_Clock_1_Stop
                0x00007dcc       0x34 .\CortexM3\ARM_GCC_493\Debug\Node-Capybara.a(emFile_1_Clock_1.o)
                0x00007dcc                emFile_1_Clock_1_Stop
 .text.emFile_1_Clock_1_SetDividerRegister
                0x00007e00      0x160 .\CortexM3\ARM_GCC_493\Debug\Node-Capybara.a(emFile_1_Clock_1.o)
                0x00007e00                emFile_1_Clock_1_SetDividerRegister
 .text.emFile_1_Clock_1_GetDividerRegister
                0x00007f60       0x18 .\CortexM3\ARM_GCC_493\Debug\Node-Capybara.a(emFile_1_Clock_1.o)
                0x00007f60                emFile_1_Clock_1_GetDividerRegister
 .text.emFile_1_Clock_1_GetSourceRegister
                0x00007f78       0x20 .\CortexM3\ARM_GCC_493\Debug\Node-Capybara.a(emFile_1_Clock_1.o)
                0x00007f78                emFile_1_Clock_1_GetSourceRegister
 .text.emFile_1_SPI0_CS_Write
                0x00007f98       0x34 .\CortexM3\ARM_GCC_493\Debug\Node-Capybara.a(emFile_1_SPI0_CS.o)
                0x00007f98                emFile_1_SPI0_CS_Write
 .text          0x00007fcc      0x370 d:/programming/cypress/psoc creator/4.0/psoc creator/import/gnu/arm/4.9.3/bin/../lib/gcc/arm-none-eabi/4.9.3/armv7-m\libgcc.a(_arm_addsubdf3.o)
                0x00007fcc                __aeabi_drsub
                0x00007fd4                __aeabi_dsub
                0x00007fd4                __subdf3
                0x00007fd8                __aeabi_dadd
                0x00007fd8                __adddf3
                0x00008250                __floatunsidf
                0x00008250                __aeabi_ui2d
                0x00008270                __floatsidf
                0x00008270                __aeabi_i2d
                0x00008294                __aeabi_f2d
                0x00008294                __extendsfdf2
                0x000082d0                __floatundidf
                0x000082d0                __aeabi_ul2d
                0x000082e0                __floatdidf
                0x000082e0                __aeabi_l2d
 .text          0x0000833c      0x424 d:/programming/cypress/psoc creator/4.0/psoc creator/import/gnu/arm/4.9.3/bin/../lib/gcc/arm-none-eabi/4.9.3/armv7-m\libgcc.a(_arm_muldivdf3.o)
                0x0000833c                __aeabi_dmul
                0x0000833c                __muldf3
                0x00008590                __divdf3
                0x00008590                __aeabi_ddiv
 .text          0x00008760      0x110 d:/programming/cypress/psoc creator/4.0/psoc creator/import/gnu/arm/4.9.3/bin/../lib/gcc/arm-none-eabi/4.9.3/armv7-m\libgcc.a(_arm_cmpdf2.o)
                0x00008760                __gtdf2
                0x00008760                __gedf2
                0x00008768                __ltdf2
                0x00008768                __ledf2
                0x00008770                __nedf2
                0x00008770                __eqdf2
                0x00008770                __cmpdf2
                0x000087ec                __aeabi_cdrcmple
                0x000087fc                __aeabi_cdcmpeq
                0x000087fc                __aeabi_cdcmple
                0x0000880c                __aeabi_dcmpeq
                0x00008820                __aeabi_dcmplt
                0x00008834                __aeabi_dcmple
                0x00008848                __aeabi_dcmpge
                0x0000885c                __aeabi_dcmpgt
 .text.__errno  0x00008870        0xc d:/programming/cypress/psoc creator/4.0/psoc creator/import/gnu/arm/4.9.3/bin/../lib/gcc/arm-none-eabi/4.9.3/../../../../arm-none-eabi/lib/armv7-m\libg_nano.a(lib_a-errno.o)
                0x00008870                __errno
 .text.__libc_init_array
                0x0000887c       0x4c d:/programming/cypress/psoc creator/4.0/psoc creator/import/gnu/arm/4.9.3/bin/../lib/gcc/arm-none-eabi/4.9.3/../../../../arm-none-eabi/lib/armv7-m\libg_nano.a(lib_a-init.o)
                0x0000887c                __libc_init_array
 .text.memcpy   0x000088c8       0x16 d:/programming/cypress/psoc creator/4.0/psoc creator/import/gnu/arm/4.9.3/bin/../lib/gcc/arm-none-eabi/4.9.3/../../../../arm-none-eabi/lib/armv7-m\libg_nano.a(lib_a-memcpy.o)
                0x000088c8                memcpy
 .text.memset   0x000088de       0x10 d:/programming/cypress/psoc creator/4.0/psoc creator/import/gnu/arm/4.9.3/bin/../lib/gcc/arm-none-eabi/4.9.3/../../../../arm-none-eabi/lib/armv7-m\libg_nano.a(lib_a-memset.o)
                0x000088de                memset
 *(.plt)
 *(.gnu.warning)
 *(.glue_7t)
 .glue_7t       0x00000000        0x0 linker stubs
 *(.glue_7)
 .glue_7        0x00000000        0x0 linker stubs
 *(.vfp11_veneer)
 .vfp11_veneer  0x00000000        0x0 linker stubs
 *(.bootloader)
 *(.ARM.extab* .gnu.linkonce.armextab.*)
 *(.gcc_except_table)

.v4_bx          0x000088f0        0x0
 .v4_bx         0x00000000        0x0 linker stubs

.iplt           0x000088f0        0x0
 .iplt          0x00000000        0x0 d:/programming/cypress/psoc creator/4.0/psoc creator/import/gnu/arm/4.9.3/bin/../lib/gcc/arm-none-eabi/4.9.3/armv7-m/crtbegin.o

.eh_frame_hdr
 *(.eh_frame_hdr)

.eh_frame       0x000088f0        0x4
 *(.eh_frame)
 .eh_frame      0x000088f0        0x0 d:/programming/cypress/psoc creator/4.0/psoc creator/import/gnu/arm/4.9.3/bin/../lib/gcc/arm-none-eabi/4.9.3/armv7-m/crtbegin.o
 .eh_frame      0x000088f0        0x4 d:/programming/cypress/psoc creator/4.0/psoc creator/import/gnu/arm/4.9.3/bin/../lib/gcc/arm-none-eabi/4.9.3/armv7-m/crtend.o
                0x000088f4                PROVIDE (__exidx_start, .)

.ARM.exidx
 *(.ARM.exidx* .gnu.linkonce.armexidx.*)
                0x000088f4                __exidx_end = .

.rodata         0x000088f4      0x53c
 *(.rodata .rodata.* .gnu.linkonce.r.*)
 .rodata        0x000088f4       0x8c .\CortexM3\ARM_GCC_493\Debug\sd_manager.o
                0x000088f4                set_time_file
                0x00008904                format_file
 .rodata        0x00008980       0x38 .\CortexM3\ARM_GCC_493\Debug\Node-Capybara.a(cyfitter_cfg.o)
 .rodata        0x000089b8      0x160 .\CortexM3\ARM_GCC_493\Debug\Node-Capybara.a(CAN_1.o)
 .rodata        0x00008b18       0x18 .\CortexM3\ARM_GCC_493\Debug\Node-Capybara.a(PGA_1.o)
 .rodata        0x00008b30       0x18 .\CortexM3\ARM_GCC_493\Debug\Node-Capybara.a(PGA_3.o)
 .rodata        0x00008b48       0x18 .\CortexM3\ARM_GCC_493\Debug\Node-Capybara.a(PGA_4.o)
 .rodata        0x00008b60       0x98 .\emFile_V322c\LinkLibrary\PSoC5\GCC\libemf32noslfn.a(FAT_FormatSD.o)
 .rodata        0x00008bf8       0x10 .\emFile_V322c\LinkLibrary\PSoC5\GCC\libemf32noslfn.a(FAT_LFN.o)
                0x00008bf8                FAT_LFN_API
 .rodata        0x00008c08       0x10 .\emFile_V322c\LinkLibrary\PSoC5\GCC\libemf32noslfn.a(FAT_Misc.o)
                0x00008c08                FAT_SFN_API
 .rodata.str1.1
                0x00008c18        0x3 .\emFile_V322c\LinkLibrary\PSoC5\GCC\libemf32noslfn.a(FAT_Open.o)
 *fill*         0x00008c1b        0x1 
 .rodata        0x00008c1c       0x78 .\emFile_V322c\LinkLibrary\PSoC5\GCC\libemf32noslfn.a(FS_Misc.o)
 .rodata.str1.1
                0x00008c94       0x30 .\emFile_V322c\LinkLibrary\PSoC5\GCC\libemf32noslfn.a(FS_Misc.o)
 .rodata        0x00008cc4       0x18 .\emFile_V322c\LinkLibrary\PSoC5\GCC\libemf32noslfn.a(FAT_Dir.o)
 .rodata        0x00008cdc       0x8c .\emFile_V322c\LinkLibrary\PSoC5\GCC\libemf32noslfn.a(FAT_Format.o)
                0x00008cf4                _acVolumeLabel
 .rodata.str1.1
                0x00008d68       0x24 .\emFile_V322c\LinkLibrary\PSoC5\GCC\libemf32noslfn.a(FAT_Format.o)
 .rodata        0x00008d8c       0x68 .\emFile_V322c\LinkLibrary\PSoC5\GCC\libemf32noslfn.a(MMC_Drv.o)
                0x00008dd4                FS_MMC_SPI_Driver
 .rodata.str1.1
                0x00008df4        0x4 .\emFile_V322c\LinkLibrary\PSoC5\GCC\libemf32noslfn.a(MMC_Drv.o)
 .rodata.str1.1
                0x00008df8        0x2 d:/programming/cypress/psoc creator/4.0/psoc creator/import/gnu/arm/4.9.3/bin/../lib/gcc/arm-none-eabi/4.9.3/../../../../arm-none-eabi/lib/armv7-m\libg_nano.a(lib_a-impure.o)
                0x00008dfc                . = ALIGN (0x4)
 *fill*         0x00008dfa        0x2 
 *(.init)
 .init          0x00008dfc        0x4 d:/programming/cypress/psoc creator/4.0/psoc creator/import/gnu/arm/4.9.3/bin/../lib/gcc/arm-none-eabi/4.9.3/armv7-m/crti.o
                0x00008dfc                _init
 .init          0x00008e00        0x8 d:/programming/cypress/psoc creator/4.0/psoc creator/import/gnu/arm/4.9.3/bin/../lib/gcc/arm-none-eabi/4.9.3/armv7-m/crtn.o
                0x00008e08                . = ALIGN (0x4)
                0x00008e08                __preinit_array_start = .
 *(.preinit_array)
                0x00008e08                __preinit_array_end = .
                0x00008e08                . = ALIGN (0x4)
                0x00008e08                __init_array_start = .
 *(SORT(.init_array.*))
 *(.init_array)
 .init_array    0x00008e08        0x4 d:/programming/cypress/psoc creator/4.0/psoc creator/import/gnu/arm/4.9.3/bin/../lib/gcc/arm-none-eabi/4.9.3/armv7-m/crtbegin.o
 .init_array    0x00008e0c        0x4 .\CortexM3\ARM_GCC_493\Debug\Cm3Start.o
                0x00008e10                __init_array_end = .
                0x00008e10                . = ALIGN (0x4)
 *(.fini)
 .fini          0x00008e10        0x4 d:/programming/cypress/psoc creator/4.0/psoc creator/import/gnu/arm/4.9.3/bin/../lib/gcc/arm-none-eabi/4.9.3/armv7-m/crti.o
                0x00008e10                _fini
 .fini          0x00008e14        0x8 d:/programming/cypress/psoc creator/4.0/psoc creator/import/gnu/arm/4.9.3/bin/../lib/gcc/arm-none-eabi/4.9.3/armv7-m/crtn.o
                0x00008e1c                . = ALIGN (0x4)
                0x00008e1c                __fini_array_start = .
 *(.fini_array)
 .fini_array    0x00008e1c        0x4 d:/programming/cypress/psoc creator/4.0/psoc creator/import/gnu/arm/4.9.3/bin/../lib/gcc/arm-none-eabi/4.9.3/armv7-m/crtbegin.o
 *(SORT(.fini_array.*))
                0x00008e20                __fini_array_end = .
                0x00008e20                . = ALIGN (0x4)
 *crtbegin.o(.ctors)
 *(EXCLUDE_FILE(*crtend.o) .ctors)
 *(SORT(.ctors.*))
 *crtend.o(.ctors)
                0x00008e20                . = ALIGN (0x4)
 *crtbegin.o(.dtors)
 *(EXCLUDE_FILE(*crtend.o) .dtors)
 *(SORT(.dtors.*))
 *crtend.o(.dtors)
                0x00008e20                . = ALIGN (0x4)
                0x00008e20                __cy_regions = .
                0x00008e20        0x4 LONG 0x8e30 __cy_region_init_ram
                0x00008e24        0x4 LONG 0x1fff8108 __cy_region_start_data
                0x00008e28        0x4 LONG 0x128 __cy_region_init_size_ram
                0x00008e2c        0x4 LONG 0x51e0 __cy_region_zero_size_ram
                0x00008e30                __cy_regions_end = .
                0x00008e30                . = ALIGN (0x8)
                0x00008e30                _etext = .

.cy_checksum_exclude
                0x00008e30        0x0
 *(.cy_checksum_exclude)

.ramvectors     0x1fff8000      0x100
                0x1fff8000                __cy_region_start_ram = .
 *(.ramvectors)
 .ramvectors    0x1fff8000      0x100 .\CortexM3\ARM_GCC_493\Debug\Cm3Start.o
                0x1fff8000                CyRamVectors

.noinit         0x1fff8100        0x5
 *(.noinit)
 .noinit        0x1fff8100        0x4 .\CortexM3\ARM_GCC_493\Debug\Cm3Start.o
 .noinit        0x1fff8104        0x1 .\CortexM3\ARM_GCC_493\Debug\Node-Capybara.a(CyLib.o)
                0x1fff8104                CyResetStatus

.data           0x1fff8108      0x128 load address 0x00008e30
                0x1fff8108                __cy_region_start_data = .
 *(.jcr)
 .jcr           0x1fff8108        0x0 d:/programming/cypress/psoc creator/4.0/psoc creator/import/gnu/arm/4.9.3/bin/../lib/gcc/arm-none-eabi/4.9.3/armv7-m/crtbegin.o
 .jcr           0x1fff8108        0x4 d:/programming/cypress/psoc creator/4.0/psoc creator/import/gnu/arm/4.9.3/bin/../lib/gcc/arm-none-eabi/4.9.3/armv7-m/crtend.o
 *(.got.plt)
 *(.got)
 *(.shdata)
 *(.data .data.* .gnu.linkonce.d.*)
 *fill*         0x1fff810c        0x4 
 .data          0x1fff8110       0x50 .\CortexM3\ARM_GCC_493\Debug\SoC_manager.o
                0x1fff8110                SoC_map_pct
                0x1fff8138                SoC_map
 .data          0x1fff8160        0x8 .\CortexM3\ARM_GCC_493\Debug\Node-Capybara.a(CyDmac.o)
 .data          0x1fff8168       0x10 .\CortexM3\ARM_GCC_493\Debug\Node-Capybara.a(CyLib.o)
                0x1fff8168                cydelay_freq_hz
                0x1fff816c                cydelay_freq_khz
                0x1fff8170                cydelay_freq_mhz
                0x1fff8174                cydelay_32k_ms
 .data          0x1fff8178       0x14 .\CortexM3\ARM_GCC_493\Debug\Node-Capybara.a(DVDAC_1.o)
 .data          0x1fff818c        0x1 .\CortexM3\ARM_GCC_493\Debug\Node-Capybara.a(DVDAC_1_DMA_dma.o)
                0x1fff818c                DVDAC_1_DMA_DmaHandle
 *fill*         0x1fff818d        0x3 
 .data          0x1fff8190       0x14 .\CortexM3\ARM_GCC_493\Debug\Node-Capybara.a(DVDAC_3.o)
 .data          0x1fff81a4        0x1 .\CortexM3\ARM_GCC_493\Debug\Node-Capybara.a(DVDAC_3_DMA_dma.o)
                0x1fff81a4                DVDAC_3_DMA_DmaHandle
 *fill*         0x1fff81a5        0x3 
 .data          0x1fff81a8       0x14 .\CortexM3\ARM_GCC_493\Debug\Node-Capybara.a(DVDAC_4.o)
 .data          0x1fff81bc        0x1 .\CortexM3\ARM_GCC_493\Debug\Node-Capybara.a(DVDAC_4_DMA_dma.o)
                0x1fff81bc                DVDAC_4_DMA_DmaHandle
 *fill*         0x1fff81bd        0x3 
 .data          0x1fff81c0        0x4 .\emFile_V322c\LinkLibrary\PSoC5\GCC\libemf32noslfn.a(FAT_Misc.o)
                0x1fff81c0                FAT_pDirEntryAPI
 .data          0x1fff81c4        0x4 .\emFile_V322c\LinkLibrary\PSoC5\GCC\libemf32noslfn.a(MMC_Drv.o)
 .data.impure_data